Archive member included to satisfy reference by file (symbol)

E:/Programme/CrossWorks for ARM 5.3/lib/libc_v6m_t_le_eabi.a(libc.o)
                              Step_1 THUMB Debug/pio.o (__ctzsi2)
E:/Programme/CrossWorks for ARM 5.3/lib/libc_v6m_t_le_eabi.a(libc_asm.o)
                              Step_1 THUMB Debug/clocks.o (__aeabi_uldivmod)
E:/Programme/CrossWorks for ARM 5.3/lib/libc_v6m_t_le_eabi.a(libc2.o)
                              Step_1 THUMB Debug/blink.o (isupper)
E:/Programme/CrossWorks for ARM 5.3/lib/libc_v6m_t_le_eabi.a(libc2_asm.o)
                              Step_1 THUMB Debug/runtime_init.o (memcpy)
E:/Programme/CrossWorks for ARM 5.3/lib/libc_v6m_t_le_eabi.a(libvfprintf.o)
                              (__vfprintf_float_long_long)
E:/Programme/CrossWorks for ARM 5.3/lib/libc_v6m_t_le_eabi.a(libvfscanf.o)
                              (__vfscanf_float_long_long_cc)
E:/Programme/CrossWorks for ARM 5.3/lib/libdebugio_v6m_t_le_eabi.a(libdebugio_asm.o)
                              E:/Programme/CrossWorks for ARM 5.3/lib/libc_v6m_t_le_eabi.a(libc2.o) (__getchar)
E:/Programme/CrossWorks for ARM 5.3/lib/libdebugio_v6m_t_le_eabi.a(mempoll_debug_operations.o)
                              (__do_debug_operation_mempoll)
E:/Programme/CrossWorks for ARM 5.3/lib/libdebugio_v6m_t_le_eabi.a(libdebugio.o)
                              E:/Programme/CrossWorks for ARM 5.3/lib/libdebugio_v6m_t_le_eabi.a(libdebugio_asm.o) (debug_fopen)
E:/Programme/CrossWorks for ARM 5.3/lib/libdebugio_v6m_t_le_eabi.a(do_nv_debug_operation.o)
                              E:/Programme/CrossWorks for ARM 5.3/lib/libdebugio_v6m_t_le_eabi.a(libdebugio.o) (__do_nvdebug_operation)
E:/Programme/CrossWorks for ARM 5.3/lib/libm_v6m_t_le_eabi.a(libm_asm.o)
                              E:/Programme/CrossWorks for ARM 5.3/lib/libc_v6m_t_le_eabi.a(libc2.o) (__aeabi_i2f)
E:/Programme/CrossWorks for ARM 5.3/lib/libm_v6m_t_le_eabi.a(libm2.o)
                              E:/Programme/CrossWorks for ARM 5.3/lib/libc_v6m_t_le_eabi.a(libvfprintf.o) (frexp)
E:/Programme/CrossWorks for ARM 5.3/lib/libm_v6m_t_le_eabi.a(libm2_asm.o)
                              E:/Programme/CrossWorks for ARM 5.3/lib/libm_v6m_t_le_eabi.a(libm2.o) (fabs)

Discarded input sections

 .group         0x00000000        0xc Step_1 THUMB Debug/system_RP2040.o
 .group         0x00000000        0xc Step_1 THUMB Debug/system_RP2040.o
 .group         0x00000000        0xc Step_1 THUMB Debug/system_RP2040.o
 .group         0x00000000        0xc Step_1 THUMB Debug/system_RP2040.o
 .group         0x00000000        0xc Step_1 THUMB Debug/system_RP2040.o
 .group         0x00000000        0xc Step_1 THUMB Debug/system_RP2040.o
 .group         0x00000000        0xc Step_1 THUMB Debug/system_RP2040.o
 .group         0x00000000        0xc Step_1 THUMB Debug/system_RP2040.o
 .group         0x00000000        0xc Step_1 THUMB Debug/system_RP2040.o
 .group         0x00000000        0xc Step_1 THUMB Debug/system_RP2040.o
 .group         0x00000000        0xc Step_1 THUMB Debug/system_RP2040.o
 .group         0x00000000        0xc Step_1 THUMB Debug/system_RP2040.o
 .group         0x00000000        0xc Step_1 THUMB Debug/system_RP2040.o
 .group         0x00000000        0xc Step_1 THUMB Debug/system_RP2040.o
 .group         0x00000000        0xc Step_1 THUMB Debug/system_RP2040.o
 .group         0x00000000        0xc Step_1 THUMB Debug/system_RP2040.o
 .group         0x00000000        0xc Step_1 THUMB Debug/system_RP2040.o
 .group         0x00000000        0xc Step_1 THUMB Debug/system_RP2040.o
 .group         0x00000000        0xc Step_1 THUMB Debug/system_RP2040.o
 .group         0x00000000        0xc Step_1 THUMB Debug/system_RP2040.o
 .group         0x00000000        0xc Step_1 THUMB Debug/system_RP2040.o
 .group         0x00000000        0xc Step_1 THUMB Debug/system_RP2040.o
 .group         0x00000000        0xc Step_1 THUMB Debug/system_RP2040.o
 .group         0x00000000        0xc Step_1 THUMB Debug/system_RP2040.o
 .group         0x00000000        0xc Step_1 THUMB Debug/system_RP2040.o
 .group         0x00000000        0xc Step_1 THUMB Debug/system_RP2040.o
 .group         0x00000000        0xc Step_1 THUMB Debug/system_RP2040.o
 .group         0x00000000        0xc Step_1 THUMB Debug/system_RP2040.o
 .group         0x00000000        0xc Step_1 THUMB Debug/system_RP2040.o
 .group         0x00000000        0xc Step_1 THUMB Debug/system_RP2040.o
 .group         0x00000000        0xc Step_1 THUMB Debug/system_RP2040.o
 .group         0x00000000        0xc Step_1 THUMB Debug/system_RP2040.o
 .group         0x00000000        0xc Step_1 THUMB Debug/system_RP2040.o
 .group         0x00000000        0xc Step_1 THUMB Debug/system_RP2040.o
 .group         0x00000000        0xc Step_1 THUMB Debug/system_RP2040.o
 .group         0x00000000        0xc Step_1 THUMB Debug/system_RP2040.o
 .group         0x00000000        0xc Step_1 THUMB Debug/system_RP2040.o
[...]
Memory Configuration

Name             Origin             Length             Attributes
UNPLACED_SECTIONS 0x00000000         0x00000000         xw
SCRATCH_Y        0x20041000         0x00001000         xw
SCRATCH_X        0x20040000         0x00001000         xw
RAM              0x20000000         0x00040000         xw
FLASH            0x10000000         0x01000000         xr
ROM              0x00000000         0x00004000         xr
*default*        0x00000000         0xffffffff

Linker script and memory map

                0x20041000                        __SCRATCH_Y_segment_start__ = 0x20041000
                0x20042000                        __SCRATCH_Y_segment_end__ = 0x20042000
                0x00001000                        __SCRATCH_Y_segment_size__ = 0x1000
                0x20040000                        __SCRATCH_X_segment_start__ = 0x20040000
                0x20041000                        __SCRATCH_X_segment_end__ = 0x20041000
                0x00001000                        __SCRATCH_X_segment_size__ = 0x1000
                0x20000000                        __RAM_segment_start__ = 0x20000000
                0x20040000                        __RAM_segment_end__ = 0x20040000
                0x00040000                        __RAM_segment_size__ = 0x40000
                0x10000000                        __FLASH_segment_start__ = 0x10000000
                0x11000000                        __FLASH_segment_end__ = 0x11000000
                0x01000000                        __FLASH_segment_size__ = 0x1000000
                0x00000000                        __ROM_segment_start__ = 0x0
                0x00004000                        __ROM_segment_end__ = 0x4000
                0x00004000                        __ROM_segment_size__ = 0x4000
                0x00000400                        __HEAPSIZE__ = 0x400
                0x00000000                        __STACKSIZE_ABT__ = 0x0
                0x00000000                        __STACKSIZE_FIQ__ = 0x0
                0x00000000                        __STACKSIZE_IRQ__ = 0x0
                0x00000000                        __STACKSIZE_PROCESS__ = 0x0
                0x00000000                        __STACKSIZE_SVC__ = 0x0
                0x00000000                        __STACKSIZE_UND__ = 0x0
                0x00000400                        __STACKSIZE__ = 0x400
                0x100047e4                        __do_debug_operation = __do_debug_operation_mempoll
                0x10003660                        __vfprintf = __vfprintf_float_long_long
                0x00000000                        __vfscanf = __vfscanf_float_long_long_cc
                0x10000000                        __boot_load_start__ = ALIGN (__FLASH_segment_start__, 0x4)

.boot           0x10000000      0x100
                0x10000000                        __boot_start__ = .
 *(.boot .boot.*)
 .boot          0x10000000       0xf0 Step_1 THUMB Debug/RP2040_Boot.o
                0x10000000                _stage2_boot
                0x100000bc                read_flash_sreg
                0x100000cc                literals
                0x10000100                        . = ALIGN (MAX ((__boot_start__ + 0x100), .), 0x4)
 *fill*         0x100000f0       0x10 
                0x10000100                        __boot_end__ = (__boot_start__ + SIZEOF (.boot))
                0x00000100                        __boot_size__ = SIZEOF (.boot)
                0x10000100                        __boot_load_end__ = __boot_end__
                0x00000001                        . = ASSERT (((__boot_start__ == __boot_end__) || ((__boot_end__ - __FLASH_segment_start__) <= __FLASH_segment_size__)), error: .boot is too large to fit in FLASH memory segment)
                0x00000001                        . = ASSERT ((0x100 == ALIGN (0x100, 0x4)), error: .boot section size does not match alignment)
                0x00000001                        . = ASSERT ((__boot_size__ <= 0x100), error: .boot section is larger than specified size)
                0x10000100                        __vectors_load_start__ = ALIGN (__boot_end__, 0x100)

.vectors        0x10000100       0xd4
                0x10000100                        __vectors_start__ = .
 *(.vectors .vectors.*)
 .vectors       0x10000100       0xd4 Step_1 THUMB Debug/RP2040_VectorsSDK.o
                0x10000100                __vectors
                0x100001c0                __unhandled_user_irq
                0x100001c0                isr_irq13
                0x100001c0                isr_irq27
                0x100001c0                isr_irq31
                0x100001c0                isr_irq12
                0x100001c0                isr_irq5
                0x100001c0                isr_irq11
                0x100001c0                isr_irq3
                0x100001c0                isr_irq23
                0x100001c0                isr_irq18
                0x100001c0                isr_irq26
                0x100001c0                isr_irq28
                0x100001c0                isr_irq19
                0x100001c0                isr_irq0
                0x100001c0                isr_irq6
                0x100001c0                isr_irq29
                0x100001c0                isr_irq16
                0x100001c0                isr_irq22
                0x100001c0                isr_irq30
                0x100001c0                isr_irq17
                0x100001c0                isr_irq14
                0x100001c0                __vectors_end
                0x100001c0                __default_isrs_start
                0x100001c0                isr_irq2
                0x100001c0                isr_irq10
                0x100001c0                isr_irq8
                0x100001c0                isr_irq24
                0x100001c0                isr_irq1
                0x100001c0                isr_irq7
                0x100001c0                isr_irq21
                0x100001c0                isr_irq20
                0x100001c0                isr_irq15
                0x100001c0                isr_irq25
                0x100001c0                isr_irq4
                0x100001c0                isr_irq9
                0x100001c6                unhandled_user_irq_num_in_r0
                0x100001c8                isr_invalid
                0x100001ca                isr_nmi
                0x100001cc                isr_hardfault
                0x100001ce                isr_svcall
                0x100001d0                isr_pendsv
                0x100001d2                isr_systick
                0x100001d4                __default_isrs_end
                0x100001d4                        __vectors_end__ = (__vectors_start__ + SIZEOF (.vectors))
                0x000000d4                        __vectors_size__ = SIZEOF (.vectors)
                0x100001d4                        __vectors_load_end__ = __vectors_end__
                0x00000001                        . = ASSERT (((__vectors_start__ == __vectors_end__) || ((__vectors_end__ - __FLASH_segment_start__) <= __FLASH_segment_size__)), error: .vectors is too large to fit in FLASH memory segment)
                0x100001d4                        __init_load_start__ = ALIGN (__vectors_end__, 0x4)

.init           0x100001d4      0x2f4
                0x100001d4                        __init_start__ = .
 *(.init .init.*)
 .init.tight_loop_contents
                0x100001d4        0x4 Step_1 THUMB Debug/system_RP2040.o
 .init.hw_set_bits
                0x100001d8       0x1a Step_1 THUMB Debug/system_RP2040.o
 .init.hw_clear_bits
                0x100001f2       0x1a Step_1 THUMB Debug/system_RP2040.o
 .init.reset_block_reg_mask
                0x1000020c       0x1a Step_1 THUMB Debug/system_RP2040.o
 .init.unreset_block_reg_mask_wait_blocking
                0x10000226       0x30 Step_1 THUMB Debug/system_RP2040.o
 *fill*         0x10000256        0x2 
 .init.reset_block_mask
                0x10000258       0x1c Step_1 THUMB Debug/system_RP2040.o
 .init.unreset_block_mask_wait_blocking
                0x10000274       0x20 Step_1 THUMB Debug/system_RP2040.o
 .init.reset_block
                0x10000294       0x14 Step_1 THUMB Debug/system_RP2040.o
 .init.unreset_block_wait
                0x100002a8       0x12 Step_1 THUMB Debug/system_RP2040.o
 *fill*         0x100002ba        0x2 
 .init.SystemCoreClockUpdate
                0x100002bc       0x18 Step_1 THUMB Debug/system_RP2040.o
                0x100002bc                SystemCoreClockUpdate
 .init.SystemInit
                0x100002d4       0x34 Step_1 THUMB Debug/system_RP2040.o
                0x100002d4                SystemInit
 .init          0x10000308      0x188 Step_1 THUMB Debug/thumb_crt0.o
                0x10000308                _start
                0x100003c0                _Exit
 .init          0x10000490       0x38 Step_1 THUMB Debug/RP2040_Startup.o
                0x10000490                Reset_Handler
                0x100004c8                        __init_end__ = (__init_start__ + SIZEOF (.init))
                0x000002f4                        __init_size__ = SIZEOF (.init)
                0x100004c8                        __init_load_end__ = __init_end__
                0x00000001                        . = ASSERT (((__init_start__ == __init_end__) || ((__init_end__ - __FLASH_segment_start__) <= __FLASH_segment_size__)), error: .init is too large to fit in FLASH memory segment)
                0x100004c8                        __init_rodata_load_start__ = ALIGN (__init_end__, 0x4)

.init_rodata    0x100004c8        0x0
                0x100004c8                        __init_rodata_start__ = .
 *(.init_rodata .init_rodata.*)
                0x100004c8                        __init_rodata_end__ = (__init_rodata_start__ + SIZEOF (.init_rodata))
                0x00000000                        __init_rodata_size__ = SIZEOF (.init_rodata)
                0x100004c8                        __init_rodata_load_end__ = __init_rodata_end__
                0x00000001                        . = ASSERT (((__init_rodata_start__ == __init_rodata_end__) || ((__init_rodata_end__ - __FLASH_segment_start__) <= __FLASH_segment_size__)), error: .init_rodata is too large to fit in FLASH memory segment)
                0x100004c8                        __reset_load_start__ = ALIGN (__init_rodata_end__, 0x4)

.reset          0x100004c8        0x0
                0x100004c8                        __reset_start__ = .
 *(.reset .reset.*)
                0x100004c8                        __reset_end__ = (__reset_start__ + SIZEOF (.reset))
                0x00000000                        __reset_size__ = SIZEOF (.reset)
                0x100004c8                        __reset_load_end__ = __reset_end__
                0x00000001                        . = ASSERT (((__reset_start__ == __reset_end__) || ((__reset_end__ - __FLASH_segment_start__) <= __FLASH_segment_size__)), error: .reset is too large to fit in FLASH memory segment)
                0x100004c8                        __text_load_start__ = ALIGN (__reset_end__, 0x4)

.text           0x100004c8     0x4d20
                0x100004c8                        __text_start__ = .
 *(.text .text.* .gnu.linkonce.t.* .glue_7t .glue_7 .gcc_except_table .ARM.extab* .gnu.linkonce.armextab.*)
 .glue_7        0x100004c8        0x0 linker stubs
 .glue_7t       0x100004c8        0x0 linker stubs
 .text.tight_loop_contents
                0x100004c8        0x4 Step_1 THUMB Debug/clocks.o
 .text.busy_wait_at_least_cycles
                0x100004cc       0x12 Step_1 THUMB Debug/clocks.o
 .text.hw_set_bits
                0x100004de       0x1a Step_1 THUMB Debug/clocks.o
 .text.hw_clear_bits
                0x100004f8       0x1a Step_1 THUMB Debug/clocks.o
 .text.hw_xor_bits
                0x10000512       0x1a Step_1 THUMB Debug/clocks.o
 .text.hw_write_masked
                0x1000052c       0x26 Step_1 THUMB Debug/clocks.o
 .text.has_glitchless_mux
                0x10000552       0x32 Step_1 THUMB Debug/clocks.o
 .text.clock_configure_internal
                0x10000584      0x124 Step_1 THUMB Debug/clocks.o
 .text.clock_configure_int_divider
                0x100006a8       0x3c Step_1 THUMB Debug/clocks.o
                0x100006a8                clock_configure_int_divider
 .text.clock_configure_undivided
                0x100006e4       0x30 Step_1 THUMB Debug/clocks.o
                0x100006e4                clock_configure_undivided
 .text.clock_get_hz
                0x10000714       0x20 Step_1 THUMB Debug/clocks.o
                0x10000714                clock_get_hz
 .text.clock_set_reported_hz
                0x10000734       0x24 Step_1 THUMB Debug/clocks.o
                0x10000734                clock_set_reported_hz
 .text.tight_loop_contents
                0x10000758        0x4 Step_1 THUMB Debug/pll.o
 .text.hw_set_bits
                0x1000075c       0x1a Step_1 THUMB Debug/pll.o
 .text.hw_clear_bits
                0x10000776       0x1a Step_1 THUMB Debug/pll.o
 .text.reset_block_reg_mask
                0x10000790       0x1a Step_1 THUMB Debug/pll.o
 .text.unreset_block_reg_mask_wait_blocking
                0x100007aa       0x30 Step_1 THUMB Debug/pll.o
 *fill*         0x100007da        0x2 
 .text.reset_unreset_block_num_wait_blocking
                0x100007dc       0x38 Step_1 THUMB Debug/pll.o
 .text.pll_init
                0x10000814      0x154 Step_1 THUMB Debug/pll.o
                0x10000814                pll_init
 .text.tick_start
                0x10000968       0x24 Step_1 THUMB Debug/ticks.o
                0x10000968                tick_start
 .text.tight_loop_contents
                0x1000098c        0x4 Step_1 THUMB Debug/claim.o
 .text.__dmb    0x10000990        0x8 Step_1 THUMB Debug/claim.o
 .text.__mem_fence_acquire
                0x10000998        0xa Step_1 THUMB Debug/claim.o
 .text.__mem_fence_release
                0x100009a2        0xa Step_1 THUMB Debug/claim.o
 .text.save_and_disable_interrupts
                0x100009ac       0x12 Step_1 THUMB Debug/claim.o
 .text.restore_interrupts_from_disabled
                0x100009be       0x10 Step_1 THUMB Debug/claim.o
 *fill*         0x100009ce        0x2 
 .text.spin_lock_instance
                0x100009d0       0x18 Step_1 THUMB Debug/claim.o
 .text.spin_lock_unsafe_blocking
                0x100009e8       0x24 Step_1 THUMB Debug/claim.o
 .text.spin_unlock_unsafe
                0x10000a0c       0x16 Step_1 THUMB Debug/claim.o
 .text.spin_lock_blocking
                0x10000a22       0x1e Step_1 THUMB Debug/claim.o
 .text.spin_unlock
                0x10000a40       0x1e Step_1 THUMB Debug/claim.o
 .text.hw_claim_lock
                0x10000a5e       0x16 Step_1 THUMB Debug/claim.o
                0x10000a5e                hw_claim_lock
 .text.hw_claim_unlock
                0x10000a74       0x1e Step_1 THUMB Debug/claim.o
                0x10000a74                hw_claim_unlock
 .text.hw_is_claimed
                0x10000a92       0x2c Step_1 THUMB Debug/claim.o
                0x10000a92                hw_is_claimed
 .text.hw_claim_or_assert
                0x10000abe       0x62 Step_1 THUMB Debug/claim.o
                0x10000abe                hw_claim_or_assert
 .text.spin_lock_instance
                0x10000b20       0x18 Step_1 THUMB Debug/lock_core.o
 .text.lock_init
                0x10000b38       0x1c Step_1 THUMB Debug/lock_core.o
                0x10000b38                lock_init
 .text.__dmb    0x10000b54        0x8 Step_1 THUMB Debug/mutex.o
 .text.__mem_fence_release
                0x10000b5c        0xa Step_1 THUMB Debug/mutex.o
 *fill*         0x10000b66        0x2 
 .text.runtime_init_mutex
                0x10000b68       0x6c Step_1 THUMB Debug/mutex.o
                0x10000b68                runtime_init_mutex
 .text.mutex_init
                0x10000bd4       0x26 Step_1 THUMB Debug/mutex.o
                0x10000bd4                mutex_init
 .text.recursive_mutex_init
                0x10000bfa       0x2c Step_1 THUMB Debug/mutex.o
                0x10000bfa                recursive_mutex_init
 .text.__compiler_memory_barrier
                0x10000c26        0x4 Step_1 THUMB Debug/time.o
 .text.tight_loop_contents
                0x10000c2a        0x4 Step_1 THUMB Debug/time.o
 .text.get_core_num
                0x10000c2e        0xa Step_1 THUMB Debug/time.o
 .text.__get_current_exception
                0x10000c38       0x10 Step_1 THUMB Debug/time.o
 .text.hw_set_bits
                0x10000c48       0x1a Step_1 THUMB Debug/time.o
 .text.hw_clear_bits
                0x10000c62       0x1a Step_1 THUMB Debug/time.o
 .text.check_hardware_alarm_num_param
                0x10000c7c        0xa Step_1 THUMB Debug/time.o
 .text.timer_time_us_32
                0x10000c86        0xe Step_1 THUMB Debug/time.o
 .text.timer_hardware_alarm_get_irq_num
                0x10000c94       0x18 Step_1 THUMB Debug/time.o
 .text.timer_get_index
                0x10000cac        0xc Step_1 THUMB Debug/time.o
 .text.timer_get_instance
                0x10000cb8       0x10 Step_1 THUMB Debug/time.o
 .text.__sev    0x10000cc8        0x6 Step_1 THUMB Debug/time.o
 .text.__dmb    0x10000cce        0x8 Step_1 THUMB Debug/time.o
 .text.__mem_fence_acquire
                0x10000cd6        0xa Step_1 THUMB Debug/time.o
 .text.__mem_fence_release
                0x10000ce0        0xa Step_1 THUMB Debug/time.o
 .text.save_and_disable_interrupts
                0x10000cea       0x12 Step_1 THUMB Debug/time.o
 .text.restore_interrupts_from_disabled
                0x10000cfc       0x10 Step_1 THUMB Debug/time.o
 .text.spin_lock_instance
                0x10000d0c       0x18 Step_1 THUMB Debug/time.o
 .text.spin_lock_unsafe_blocking
                0x10000d24       0x24 Step_1 THUMB Debug/time.o
 .text.spin_unlock_unsafe
                0x10000d48       0x16 Step_1 THUMB Debug/time.o
 .text.spin_lock_blocking
                0x10000d5e       0x1e Step_1 THUMB Debug/time.o
 .text.spin_unlock
                0x10000d7c       0x1e Step_1 THUMB Debug/time.o
 *fill*         0x10000d9a        0x2 
 .text.default_alarm_pool_initialized
                0x10000d9c       0x14 Step_1 THUMB Debug/time.o
 .text.ta_clear_force_irq
                0x10000db0       0x24 Step_1 THUMB Debug/time.o
 .text.ta_clear_irq
                0x10000dd4       0x16 Step_1 THUMB Debug/time.o
 .text.ta_from_current_irq
                0x10000dea       0x30 Step_1 THUMB Debug/time.o
 .text.ta_set_timeout
                0x10000e1a       0x5a Step_1 THUMB Debug/time.o
 .text.ta_time_us_64
                0x10000e74       0x1a Step_1 THUMB Debug/time.o
 .text.ta_enable_irq_handler
                0x10000e8e       0x56 Step_1 THUMB Debug/time.o
 .text.ta_hardware_alarm_claim
                0x10000ee4       0x1a Step_1 THUMB Debug/time.o
 .text.ta_timer_num
                0x10000efe       0x16 Step_1 THUMB Debug/time.o
 .text.ta_default_timer_instance
                0x10000f14        0xc Step_1 THUMB Debug/time.o
 .text.make_alarm_id
                0x10000f20       0x1e Step_1 THUMB Debug/time.o
 *fill*         0x10000f3e        0x2 
 .text.runtime_init_default_alarm_pool
                0x10000f40       0x4c Step_1 THUMB Debug/time.o
                0x10000f40                runtime_init_default_alarm_pool
 .text.alarm_pool_init_default
                0x10000f8c        0xa Step_1 THUMB Debug/time.o
                0x10000f8c                alarm_pool_init_default
 *fill*         0x10000f96        0x2 
 .text.alarm_pool_irq_handler
                0x10000f98      0x47c Step_1 THUMB Debug/time.o
 .text.alarm_pool_post_alloc_init
                0x10001414       0xc4 Step_1 THUMB Debug/time.o
 .text.alarm_pool_get_default_timer
                0x100014d8        0xc Step_1 THUMB Debug/time.o
                0x100014d8                alarm_pool_get_default_timer
 .text.__compiler_memory_barrier
                0x100014e4        0x4 Step_1 THUMB Debug/flash.o
 .text.rom_hword_as_ptr
                0x100014e8       0x18 Step_1 THUMB Debug/flash.o
 .text.rom_func_lookup_inline
                0x10001500       0x2c Step_1 THUMB Debug/flash.o
 .text.hw_xor_bits
                0x1000152c       0x1a Step_1 THUMB Debug/flash.o
 .text.hw_write_masked
                0x10001546       0x26 Step_1 THUMB Debug/flash.o
 .text.xip_cache_clean_all
                0x1000156c        0x4 Step_1 THUMB Debug/flash.o
 .text.flash_get_unique_id
                0x10001570       0x5e Step_1 THUMB Debug/flash.o
                0x10001570                flash_get_unique_id
 .text.hw_xor_bits
                0x100015ce       0x1a Step_1 THUMB Debug/gpio.o
 .text.hw_write_masked
                0x100015e8       0x26 Step_1 THUMB Debug/gpio.o
 .text.check_gpio_param
                0x1000160e        0xa Step_1 THUMB Debug/gpio.o
 .text.gpio_set_mask
                0x10001618       0x12 Step_1 THUMB Debug/gpio.o
 .text.gpio_clr_mask
                0x1000162a       0x12 Step_1 THUMB Debug/gpio.o
 .text.gpio_put
                0x1000163c       0x3a Step_1 THUMB Debug/gpio.o
 .text.gpio_set_dir_out_masked
                0x10001676       0x12 Step_1 THUMB Debug/gpio.o
 .text.gpio_set_dir_in_masked
                0x10001688       0x12 Step_1 THUMB Debug/gpio.o
 .text.gpio_set_dir
                0x1000169a       0x3a Step_1 THUMB Debug/gpio.o
 .text.gpio_set_function
                0x100016d4       0x4c Step_1 THUMB Debug/gpio.o
                0x100016d4                gpio_set_function
 .text.gpio_init
                0x10001720       0x2a Step_1 THUMB Debug/gpio.o
                0x10001720                gpio_init
 .text.tight_loop_contents
                0x1000174a        0x4 Step_1 THUMB Debug/irq.o
 .text.__get_current_exception
                0x1000174e       0x10 Step_1 THUMB Debug/irq.o
 .text.check_irq_param
                0x1000175e        0xa Step_1 THUMB Debug/irq.o
 .text.__dmb    0x10001768        0x8 Step_1 THUMB Debug/irq.o
 .text.__mem_fence_acquire
                0x10001770        0xa Step_1 THUMB Debug/irq.o
 .text.__mem_fence_release
                0x1000177a        0xa Step_1 THUMB Debug/irq.o
 .text.save_and_disable_interrupts
                0x10001784       0x12 Step_1 THUMB Debug/irq.o
 .text.restore_interrupts_from_disabled
                0x10001796       0x10 Step_1 THUMB Debug/irq.o
 *fill*         0x100017a6        0x2 
 .text.spin_lock_instance
                0x100017a8       0x18 Step_1 THUMB Debug/irq.o
 .text.spin_lock_unsafe_blocking
                0x100017c0       0x24 Step_1 THUMB Debug/irq.o
 .text.spin_unlock_unsafe
                0x100017e4       0x16 Step_1 THUMB Debug/irq.o
 .text.spin_lock_blocking
                0x100017fa       0x1e Step_1 THUMB Debug/irq.o
 .text.spin_unlock
                0x10001818       0x1e Step_1 THUMB Debug/irq.o
 *fill*         0x10001836        0x2 
 .text.get_vtable
                0x10001838        0xc Step_1 THUMB Debug/irq.o
 .text.add_thumb_bit
                0x10001844       0x10 Step_1 THUMB Debug/irq.o
 .text.remove_thumb_bit
                0x10001854       0x10 Step_1 THUMB Debug/irq.o
 .text.irq_set_enabled
                0x10001864       0x38 Step_1 THUMB Debug/irq.o
                0x10001864                irq_set_enabled
 .text.irq_is_enabled
                0x1000189c       0x2c Step_1 THUMB Debug/irq.o
                0x1000189c                irq_is_enabled
 .text.irq_set_mask_n_enabled_internal
                0x100018c8       0x3c Step_1 THUMB Debug/irq.o
 .text.irq_set_mask_n_enabled
                0x10001904       0x24 Step_1 THUMB Debug/irq.o
                0x10001904                irq_set_mask_n_enabled
 .text.is_shared_irq_raw_handler
                0x10001928       0x20 Step_1 THUMB Debug/irq.o
 .text.set_raw_irq_handler_and_unlock
                0x10001948       0x38 Step_1 THUMB Debug/irq.o
 .text.irq_get_vtable_handler
                0x10001980       0x24 Step_1 THUMB Debug/irq.o
                0x10001980                irq_get_vtable_handler
 .text.irq_set_exclusive_handler
                0x100019a4       0x6c Step_1 THUMB Debug/irq.o
                0x100019a4                irq_set_exclusive_handler
 .text.make_j_16
                0x10001a10       0x70 Step_1 THUMB Debug/irq.o
 .text.insert_bl_32
                0x10001a80       0x6c Step_1 THUMB Debug/irq.o
 .text.resolve_j_16
                0x10001aec       0x54 Step_1 THUMB Debug/irq.o
 .text.slot_diff
                0x10001b40       0x2c Step_1 THUMB Debug/irq.o
 .text.get_slot_index
                0x10001b6c       0x20 Step_1 THUMB Debug/irq.o
 .text.handler_from_slot
                0x10001b8c        0xe Step_1 THUMB Debug/irq.o
 *fill*         0x10001b9a        0x2 
 .text.irq_remove_handler
                0x10001b9c      0x220 Step_1 THUMB Debug/irq.o
                0x10001b9c                irq_remove_handler
 .text.nvic_ipr0
                0x10001dbc        0xc Step_1 THUMB Debug/irq.o
 .text.irq_add_tail_to_free_list
                0x10001dc8      0x168 Step_1 THUMB Debug/irq.o
                0x10001dc8                irq_add_tail_to_free_list
 .text.runtime_init_per_core_irq_priorities
                0x10001f30       0x38 Step_1 THUMB Debug/irq.o
                0x10001f30                runtime_init_per_core_irq_priorities
 .text.next_striped_spin_lock_num
                0x10001f68       0x2c Step_1 THUMB Debug/sync.o
                0x10001f68                next_striped_spin_lock_num
 .text.__dmb    0x10001f94        0x8 Step_1 THUMB Debug/sync_spin_lock.o
 .text.__mem_fence_release
                0x10001f9c        0xa Step_1 THUMB Debug/sync_spin_lock.o
 *fill*         0x10001fa6        0x2 
 .text.spin_lock_instance
                0x10001fa8       0x18 Step_1 THUMB Debug/sync_spin_lock.o
 .text.spin_unlock_unsafe
                0x10001fc0       0x16 Step_1 THUMB Debug/sync_spin_lock.o
 .text.spin_locks_reset
                0x10001fd6       0x2e Step_1 THUMB Debug/sync_spin_lock.o
                0x10001fd6                spin_locks_reset
 .text.to_us_since_boot
                0x10002004       0x12 Step_1 THUMB Debug/timer.o
 .text.update_us_since_boot
                0x10002016       0x18 Step_1 THUMB Debug/timer.o
 .text.tight_loop_contents
                0x1000202e        0x4 Step_1 THUMB Debug/timer.o
 .text.check_hardware_alarm_num_param
                0x10002032        0xa Step_1 THUMB Debug/timer.o
 .text.timer_get_index
                0x1000203c        0xc Step_1 THUMB Debug/timer.o
 .text.timer_hardware_alarm_claim
                0x10002048       0x38 Step_1 THUMB Debug/timer.o
                0x10002048                timer_hardware_alarm_claim
 .text.timer_time_us_64
                0x10002080       0x56 Step_1 THUMB Debug/timer.o
                0x10002080                timer_time_us_64
 .text.timer_busy_wait_us
                0x100020d6       0x6a Step_1 THUMB Debug/timer.o
                0x100020d6                timer_busy_wait_us
 .text.timer_busy_wait_until
                0x10002140       0x68 Step_1 THUMB Debug/timer.o
                0x10002140                timer_busy_wait_until
 .text.time_us_64
                0x100021a8       0x18 Step_1 THUMB Debug/timer.o
                0x100021a8                time_us_64
 .text.busy_wait_us
                0x100021c0       0x20 Step_1 THUMB Debug/timer.o
                0x100021c0                busy_wait_us
 .text.tight_loop_contents
                0x100021e0        0x4 Step_1 THUMB Debug/uart.o
 .text.hw_set_bits
                0x100021e4       0x1a Step_1 THUMB Debug/uart.o
 .text.hw_clear_bits
                0x100021fe       0x1a Step_1 THUMB Debug/uart.o
 .text.hw_xor_bits
                0x10002218       0x1a Step_1 THUMB Debug/uart.o
 .text.hw_write_masked
                0x10002232       0x26 Step_1 THUMB Debug/uart.o
 .text.reset_block_reg_mask
                0x10002258       0x1a Step_1 THUMB Debug/uart.o
 .text.unreset_block_reg_mask_wait_blocking
                0x10002272       0x30 Step_1 THUMB Debug/uart.o
 *fill*         0x100022a2        0x2 
 .text.reset_block_num
                0x100022a4       0x24 Step_1 THUMB Debug/uart.o
 .text.unreset_block_num_wait_blocking
                0x100022c8       0x28 Step_1 THUMB Debug/uart.o
 .text.uart_get_index
                0x100022f0       0x1c Step_1 THUMB Debug/uart.o
 .text.uart_get_hw
                0x1000230c       0x16 Step_1 THUMB Debug/uart.o
 .text.uart_get_reset_num
                0x10002322       0x1e Step_1 THUMB Debug/uart.o
 .text.uart_clock_get_hz
                0x10002340       0x14 Step_1 THUMB Debug/uart.o
 .text.uart_reset
                0x10002354       0x1c Step_1 THUMB Debug/uart.o
 .text.uart_unreset
                0x10002370       0x1c Step_1 THUMB Debug/uart.o
 .text.uart_init
                0x1000238c       0xbc Step_1 THUMB Debug/uart.o
                0x1000238c                uart_init
 .text.uart_disable_before_lcr_write
                0x10002448       0xa0 Step_1 THUMB Debug/uart.o
 .text.uart_write_lcr_bits_masked
                0x100024e8       0x40 Step_1 THUMB Debug/uart.o
 .text.uart_set_baudrate
                0x10002528       0xa8 Step_1 THUMB Debug/uart.o
                0x10002528                uart_set_baudrate
 .text.uart_set_translate_crlf
                0x100025d0       0x3c Step_1 THUMB Debug/uart.o
                0x100025d0                uart_set_translate_crlf
 .text.__breakpoint
                0x1000260c        0x6 Step_1 THUMB Debug/newlib_interface.o
 .text.__get_current_exception
                0x10002612       0x10 Step_1 THUMB Debug/newlib_interface.o
 .text._exit    0x10002622        0xc Step_1 THUMB Debug/newlib_interface.o
                0x10002622                _exit
 *fill*         0x1000262e        0x2 
 .text.runtime_init
                0x10002630       0x40 Step_1 THUMB Debug/newlib_interface.o
                0x10002630                runtime_init
 .text.panic    0x10002670       0x3c Step_1 THUMB Debug/panic.o
                0x10002670                panic
 .text.runtime_run_initializers_from
                0x100026ac       0x30 Step_1 THUMB Debug/runtime.o
 .text.runtime_run_initializers
                0x100026dc       0x14 Step_1 THUMB Debug/runtime.o
                0x100026dc                runtime_run_initializers
 .text.first_per_core_initializer
                0x100026f0        0x4 Step_1 THUMB Debug/runtime.o
 .text.tight_loop_contents
                0x100026f4        0x4 Step_1 THUMB Debug/runtime_init.o
 .text.hw_set_bits
                0x100026f8       0x1a Step_1 THUMB Debug/runtime_init.o
 .text.hw_clear_bits
                0x10002712       0x1a Step_1 THUMB Debug/runtime_init.o
 .text.reset_block_reg_mask
                0x1000272c       0x1a Step_1 THUMB Debug/runtime_init.o
 .text.unreset_block_reg_mask_wait_blocking
                0x10002746       0x30 Step_1 THUMB Debug/runtime_init.o
 *fill*         0x10002776        0x2 
 .text.reset_block_mask
                0x10002778       0x1c Step_1 THUMB Debug/runtime_init.o
 .text.unreset_block_mask_wait_blocking
                0x10002794       0x20 Step_1 THUMB Debug/runtime_init.o
 .text.runtime_init_early_resets
                0x100027b4       0x20 Step_1 THUMB Debug/runtime_init.o
                0x100027b4                runtime_init_early_resets
 .text.runtime_init_usb_power_down
                0x100027d4       0x24 Step_1 THUMB Debug/runtime_init.o
                0x100027d4                runtime_init_usb_power_down
 .text.runtime_init_post_clock_resets
                0x100027f8       0x14 Step_1 THUMB Debug/runtime_init.o
                0x100027f8                runtime_init_post_clock_resets
 .text.runtime_init_rp2040_gpio_ie_disable
                0x1000280c       0x24 Step_1 THUMB Debug/runtime_init.o
                0x1000280c                runtime_init_rp2040_gpio_ie_disable
 .text.runtime_init_spin_locks_reset
                0x10002830        0xa Step_1 THUMB Debug/runtime_init.o
                0x10002830                runtime_init_spin_locks_reset
 *fill*         0x1000283a        0x2 
 .text.runtime_init_install_ram_vector_table
                0x1000283c       0x64 Step_1 THUMB Debug/runtime_init.o
                0x1000283c                runtime_init_install_ram_vector_table
 .text.running_on_fpga
                0x100028a0        0x6 Step_1 THUMB Debug/runtime_init_clocks.o
 .text.tight_loop_contents
                0x100028a6        0x4 Step_1 THUMB Debug/runtime_init_clocks.o
 .text.hw_clear_bits
                0x100028aa       0x1a Step_1 THUMB Debug/runtime_init_clocks.o
 .text.start_all_ticks
                0x100028c4       0x44 Step_1 THUMB Debug/runtime_init_clocks.o
 .text.runtime_init_clocks
                0x10002908      0x124 Step_1 THUMB Debug/runtime_init_clocks.o
                0x10002908                runtime_init_clocks
 .text.stdio_set_driver_enabled
                0x10002a2c       0x68 Step_1 THUMB Debug/stdio.o
                0x10002a2c                stdio_set_driver_enabled
 .text.stdio_init_all
                0x10002a94       0x24 Step_1 THUMB Debug/stdio.o
                0x10002a94                stdio_init_all
 .text.tight_loop_contents
                0x10002ab8        0x4 Step_1 THUMB Debug/stdio_uart.o
 .text.hw_xor_bits
                0x10002abc       0x1a Step_1 THUMB Debug/stdio_uart.o
 .text.hw_write_masked
                0x10002ad6       0x26 Step_1 THUMB Debug/stdio_uart.o
 .text.uart_get_index
                0x10002afc       0x1c Step_1 THUMB Debug/stdio_uart.o
 .text.uart_get_hw
                0x10002b18       0x16 Step_1 THUMB Debug/stdio_uart.o
 .text.uart_set_irqs_enabled
                0x10002b2e       0xa4 Step_1 THUMB Debug/stdio_uart.o
 .text.uart_is_writable
                0x10002bd2       0x22 Step_1 THUMB Debug/stdio_uart.o
 .text.uart_tx_wait_blocking
                0x10002bf4       0x26 Step_1 THUMB Debug/stdio_uart.o
 .text.uart_is_readable
                0x10002c1a       0x22 Step_1 THUMB Debug/stdio_uart.o
 .text.uart_write_blocking
                0x10002c3c       0x56 Step_1 THUMB Debug/stdio_uart.o
 .text.uart_read_blocking
                0x10002c92       0x56 Step_1 THUMB Debug/stdio_uart.o
 .text.uart_putc_raw
                0x10002ce8       0x22 Step_1 THUMB Debug/stdio_uart.o
 *fill*         0x10002d0a        0x2 
 .text.uart_putc
                0x10002d0c       0x50 Step_1 THUMB Debug/stdio_uart.o
 .text.uart_getc
                0x10002d5c       0x20 Step_1 THUMB Debug/stdio_uart.o
 .text.stdio_uart_init
                0x10002d7c       0x30 Step_1 THUMB Debug/stdio_uart.o
                0x10002d7c                stdio_uart_init
 .text.stdio_uart_init_full
                0x10002dac       0x58 Step_1 THUMB Debug/stdio_uart.o
                0x10002dac                stdio_uart_init_full
 .text.stdio_uart_out_chars
                0x10002e04       0x3c Step_1 THUMB Debug/stdio_uart.o
 .text.stdio_uart_in_chars
                0x10002e40       0x70 Step_1 THUMB Debug/stdio_uart.o
                0x10002e40                stdio_uart_in_chars
 .text.on_uart_rx
                0x10002eb0       0x34 Step_1 THUMB Debug/stdio_uart.o
 .text.stdio_uart_set_chars_available_callback
                0x10002ee4       0xb4 Step_1 THUMB Debug/stdio_uart.o
 .text.stdio_uart_out_flush
                0x10002f98       0x14 Step_1 THUMB Debug/stdio_uart.o
 .text._retrieve_unique_id_on_boot
                0x10002fac       0x14 Step_1 THUMB Debug/unique_id.o
 .text.pico_get_unique_board_id
                0x10002fc0       0x20 Step_1 THUMB Debug/unique_id.o
                0x10002fc0                pico_get_unique_board_id
 .text.tight_loop_contents
                0x10002fe0        0x4 Step_1 THUMB Debug/xosc.o
 .text.hw_set_bits
                0x10002fe4       0x1a Step_1 THUMB Debug/xosc.o
 *fill*         0x10002ffe        0x2 
 .text.xosc_init
                0x10003000       0x3c Step_1 THUMB Debug/xosc.o
                0x10003000                xosc_init
 .text.to_us_since_boot
                0x1000303c       0x12 Step_1 THUMB Debug/blink.o
 .text.update_us_since_boot
                0x1000304e       0x18 Step_1 THUMB Debug/blink.o
 .text.get_absolute_time
                0x10003066       0x20 Step_1 THUMB Debug/blink.o
 .text.us_to_ms
                0x10003086       0x40 Step_1 THUMB Debug/blink.o
 .text.to_ms_since_boot
                0x100030c6       0x30 Step_1 THUMB Debug/blink.o
 .text.gpio_set_mask
                0x100030f6       0x12 Step_1 THUMB Debug/blink.o
 .text.gpio_clr_mask
                0x10003108       0x12 Step_1 THUMB Debug/blink.o
 .text.gpio_put
                0x1000311a       0x3a Step_1 THUMB Debug/blink.o
 .text.gpio_set_dir_out_masked
                0x10003154       0x12 Step_1 THUMB Debug/blink.o
 .text.gpio_set_dir_in_masked
                0x10003166       0x12 Step_1 THUMB Debug/blink.o
 .text.gpio_set_dir
                0x10003178       0x3a Step_1 THUMB Debug/blink.o
 .text.pico_led_init
                0x100031b2       0x16 Step_1 THUMB Debug/blink.o
                0x100031b2                pico_led_init
 .text.pico_set_led
                0x100031c8       0x20 Step_1 THUMB Debug/blink.o
                0x100031c8                pico_set_led
 .text.main     0x100031e8       0x44 Step_1 THUMB Debug/blink.o
                0x100031e8                main
 .text.board_millis
                0x1000322c       0x18 Step_1 THUMB Debug/blink.o
 .text.led_blinking_task
                0x10003244       0x54 Step_1 THUMB Debug/blink.o
 .text.dump_unique_id
                0x10003298       0x50 Step_1 THUMB Debug/blink.o
 .text.__aeabi_read_tp
                0x100032e8        0x8 Step_1 THUMB Debug/thumb_crt0.o
                0x100032e8                __aeabi_read_tp
 .text.__assert
                0x100032f0        0x2 Step_1 THUMB Debug/thumb_crt0.o
                0x100032f0                __assert
 *fill*         0x100032f2        0x2 
 .text          0x100032f4       0x18 Step_1 THUMB Debug/RP2040_Startup.o
                0x100032f4                _entry_point
 .text.libc.__printf_lock
                0x1000330c        0x2 E:/Programme/CrossWorks for ARM 5.3/lib/libc_v6m_t_le_eabi.a(libc.o)
                0x1000330c                __printf_lock
 .text.libc.__printf_unlock
                0x1000330e        0x2 E:/Programme/CrossWorks for ARM 5.3/lib/libc_v6m_t_le_eabi.a(libc.o)
                0x1000330e                __printf_unlock
 .text.libc.__int64_udivmod
                0x10003310       0xac E:/Programme/CrossWorks for ARM 5.3/lib/libc_v6m_t_le_eabi.a(libc_asm.o)
                0x10003346                __aeabi_uldivmod
                0x10003346                __int64_udiv
                0x10003346                __udivdi3
                0x10003346                __int64_udivmod
 .text.libc.__int32_div
                0x100033bc       0x3c E:/Programme/CrossWorks for ARM 5.3/lib/libc_v6m_t_le_eabi.a(libc_asm.o)
                0x100033bc                __int32_div
                0x100033bc                __divsi3
                0x100033bc                __aeabi_idiv
 .text.libc.__uint32_div
                0x100033f8       0x28 E:/Programme/CrossWorks for ARM 5.3/lib/libc_v6m_t_le_eabi.a(libc_asm.o)
                0x100033f8                __uint32_div
                0x100033f8                __aeabi_uidiv
                0x100033f8                __udivsi3
 .text.libc.__aeabi_idivmod
                0x10003420       0x40 E:/Programme/CrossWorks for ARM 5.3/lib/libc_v6m_t_le_eabi.a(libc_asm.o)
                0x10003420                __aeabi_idivmod
 .text.libc.__RAL_pow10
                0x10003460       0x50 E:/Programme/CrossWorks for ARM 5.3/lib/libc_v6m_t_le_eabi.a(libc2.o)
                0x10003460                __RAL_pow10
 .text.libc.__putc
                0x100034b0       0x3c E:/Programme/CrossWorks for ARM 5.3/lib/libc_v6m_t_le_eabi.a(libc2.o)
                0x100034b0                __putc
 .text.libc.__RAL_print_padding
                0x100034ec       0x18 E:/Programme/CrossWorks for ARM 5.3/lib/libc_v6m_t_le_eabi.a(libc2.o)
                0x100034ec                __RAL_print_padding
 .text.libc.__RAL_pre_padding
                0x10003504       0x1e E:/Programme/CrossWorks for ARM 5.3/lib/libc_v6m_t_le_eabi.a(libc2.o)
                0x10003504                __RAL_pre_padding
 .text.libc.abs
                0x10003522        0x8 E:/Programme/CrossWorks for ARM 5.3/lib/libc_v6m_t_le_eabi.a(libc2.o)
                0x10003522                abs
 *fill*         0x1000352a        0x2 
 .text.libc.__aeabi_errno_addr
                0x1000352c       0x10 E:/Programme/CrossWorks for ARM 5.3/lib/libc_v6m_t_le_eabi.a(libc2.o)
                0x1000352c                __aeabi_errno_addr
 .text.libc.printf
                0x1000353c       0x44 E:/Programme/CrossWorks for ARM 5.3/lib/libc_v6m_t_le_eabi.a(libc2.o)
                0x1000353c                printf
 .text.libc.putchar
                0x10003580       0x1a E:/Programme/CrossWorks for ARM 5.3/lib/libc_v6m_t_le_eabi.a(libc2.o)
                0x10003580                putchar
 .text.libc.puts
                0x1000359a       0x34 E:/Programme/CrossWorks for ARM 5.3/lib/libc_v6m_t_le_eabi.a(libc2.o)
                0x1000359a                puts
 .text.libc.strnlen
                0x100035ce       0x20 E:/Programme/CrossWorks for ARM 5.3/lib/libc_v6m_t_le_eabi.a(libc2.o)
                0x100035ce                strnlen
 *fill*         0x100035ee        0x2 
 .text.libc.vprintf
                0x100035f0       0x38 E:/Programme/CrossWorks for ARM 5.3/lib/libc_v6m_t_le_eabi.a(libc2.o)
                0x100035f0                vprintf
 .text.libc.memcpy
                0x10003628       0x16 E:/Programme/CrossWorks for ARM 5.3/lib/libc_v6m_t_le_eabi.a(libc2_asm.o)
                0x10003628                __aeabi_memcpy
                0x10003628                __aeabi_memcpy4
                0x10003628                __aeabi_memcpy8
                0x10003628                memcpy
 .text.libc.memset
                0x1000363e       0x12 E:/Programme/CrossWorks for ARM 5.3/lib/libc_v6m_t_le_eabi.a(libc2_asm.o)
                0x1000363e                memset
 .text.libc.strlen
                0x10003650        0xe E:/Programme/CrossWorks for ARM 5.3/lib/libc_v6m_t_le_eabi.a(libc2_asm.o)
                0x10003650                strlen
 *fill*         0x1000365e        0x2 
 .text.libc.__vfprintf_float_long_long
                0x10003660     0x1174 E:/Programme/CrossWorks for ARM 5.3/lib/libc_v6m_t_le_eabi.a(libvfprintf.o)
                0x10003660                __vfprintf_float_long_long
 .text.__putchar
                0x100047d4       0x10 E:/Programme/CrossWorks for ARM 5.3/lib/libdebugio_v6m_t_le_eabi.a(libdebugio_asm.o)
                0x100047d4                __putchar
 .text.libdebugio.__do_debug_operation_mempoll
                0x100047e4       0x30 E:/Programme/CrossWorks for ARM 5.3/lib/libdebugio_v6m_t_le_eabi.a(mempoll_debug_operations.o)
                0x100047e4                __do_debug_operation_mempoll
 .text.libdebugio.debug_putchar
                0x10004814       0x1a E:/Programme/CrossWorks for ARM 5.3/lib/libdebugio_v6m_t_le_eabi.a(libdebugio.o)
                0x10004814                debug_putchar
 .text.libdebugio.__debug_io_lock
                0x1000482e        0x2 E:/Programme/CrossWorks for ARM 5.3/lib/libdebugio_v6m_t_le_eabi.a(libdebugio.o)
                0x1000482e                __debug_io_lock
 .text.libdebugio.__debug_io_unlock
                0x10004830        0x2 E:/Programme/CrossWorks for ARM 5.3/lib/libdebugio_v6m_t_le_eabi.a(libdebugio.o)
                0x10004830                __debug_io_unlock
 .text.libc.__int64_to_float64
                0x10004832       0x60 E:/Programme/CrossWorks for ARM 5.3/lib/libm_v6m_t_le_eabi.a(libm_asm.o)
                0x10004832                __int64_to_float64
                0x10004832                __aeabi_l2d
                0x10004832                __floatdidf
                0x1000484e                __RAL_aeabi_l2d_common
 *fill*         0x10004892        0x2 
 .text.libc.__uint64_to_float64
                0x10004894       0x18 E:/Programme/CrossWorks for ARM 5.3/lib/libm_v6m_t_le_eabi.a(libm_asm.o)
                0x10004894                __aeabi_ul2d
                0x10004894                __floatundidf
                0x10004894                __uint64_to_float64
 .text.libc.__float64_to_uint64
                0x100048ac       0x4a E:/Programme/CrossWorks for ARM 5.3/lib/libm_v6m_t_le_eabi.a(libm_asm.o)
                0x100048ac                __fixunsdfdi
                0x100048ac                __float64_to_uint64
                0x100048ac                __aeabi_d2ulz
 .text.libc.__float64_add
                0x100048f6      0x1dc E:/Programme/CrossWorks for ARM 5.3/lib/libm_v6m_t_le_eabi.a(libm_asm.o)
                0x100048f6                __aeabi_drsub
                0x10004900                __aeabi_dsub
                0x10004900                __float64_sub
                0x10004900                __subdf3
                0x1000490a                __aeabi_dadd
                0x1000490a                __float64_add
                0x1000490a                __adddf3
 *fill*         0x10004ad2        0x2 
 .text.libc.__float64_mul
                0x10004ad4      0x18c E:/Programme/CrossWorks for ARM 5.3/lib/libm_v6m_t_le_eabi.a(libm_asm.o)
                0x10004b0c                __float64_mul
                0x10004b0c                __muldf3
                0x10004b0c                __aeabi_dmul
 .text.libc.__float64_div
                0x10004c60       0xc4 E:/Programme/CrossWorks for ARM 5.3/lib/libm_v6m_t_le_eabi.a(libm_asm.o)
                0x10004c60                __divdf3
                0x10004c60                __float64_div
                0x10004c60                __aeabi_ddiv
 .text.libc.__float64_cmpeq
                0x10004d24       0x2e E:/Programme/CrossWorks for ARM 5.3/lib/libm_v6m_t_le_eabi.a(libm_asm.o)
                0x10004d24                __aeabi_dcmpeq
 .text.libc.__float64_cmple
                0x10004d52       0x44 E:/Programme/CrossWorks for ARM 5.3/lib/libm_v6m_t_le_eabi.a(libm_asm.o)
                0x10004d52                __aeabi_dcmple
 .text.libc.__float64_cmpge
                0x10004d96       0x44 E:/Programme/CrossWorks for ARM 5.3/lib/libm_v6m_t_le_eabi.a(libm_asm.o)
                0x10004d96                __aeabi_dcmpge
 .text.libc.__float64_cmplt
                0x10004dda       0x3e E:/Programme/CrossWorks for ARM 5.3/lib/libm_v6m_t_le_eabi.a(libm_asm.o)
                0x10004dda                __aeabi_dcmplt
 .text.libc.__float64_cmpgt
                0x10004e18       0x3e E:/Programme/CrossWorks for ARM 5.3/lib/libm_v6m_t_le_eabi.a(libm_asm.o)
                0x10004e18                __aeabi_dcmpgt
 .text.libc.__float64_signbit
                0x10004e56        0x6 E:/Programme/CrossWorks for ARM 5.3/lib/libm_v6m_t_le_eabi.a(libm_asm.o)
                0x10004e56                __float64_signbit
 .text.libc.__float64_isinf
                0x10004e5c       0x18 E:/Programme/CrossWorks for ARM 5.3/lib/libm_v6m_t_le_eabi.a(libm_asm.o)
                0x10004e5c                __float64_isinf
 .text.libc.__float64_isnan
                0x10004e74       0x18 E:/Programme/CrossWorks for ARM 5.3/lib/libm_v6m_t_le_eabi.a(libm_asm.o)
                0x10004e74                __float64_isnan
 .text.libc.frexp
                0x10004e8c       0x50 E:/Programme/CrossWorks for ARM 5.3/lib/libm_v6m_t_le_eabi.a(libm2.o)
                0x10004e8c                frexpl(long double, int*)
                0x10004e8c                frexpl
                0x10004e8c                frexp(long double, int*)
                0x10004e8c                frexp
                0x10004e8c                frexp(double, int*)
 .text.libc.ldexp
                0x10004edc       0x64 E:/Programme/CrossWorks for ARM 5.3/lib/libm_v6m_t_le_eabi.a(libm2.o)
                0x10004edc                ldexpl(long double, int)
                0x10004edc                ldexp(long double, int)
                0x10004edc                ldexp
                0x10004edc                ldexpl
                0x10004edc                ldexp(double, int)
 .text.libc.modf
                0x10004f40       0x8c E:/Programme/CrossWorks for ARM 5.3/lib/libm_v6m_t_le_eabi.a(libm2.o)
                0x10004f40                modf
                0x10004f40                modf(double, double*)
                0x10004f40                modf(long double, long double*)
                0x10004f40                modfl(long double, long double*)
                0x10004f40                modfl
 .text.libc.floor
                0x10004fcc       0x98 E:/Programme/CrossWorks for ARM 5.3/lib/libm_v6m_t_le_eabi.a(libm2.o)
                0x10004fcc                floorl
                0x10004fcc                floorl(long double)
                0x10004fcc                floor(double)
                0x10004fcc                floor(long double)
                0x10004fcc                floor
 .text.libc.fmod
                0x10005064      0x168 E:/Programme/CrossWorks for ARM 5.3/lib/libm_v6m_t_le_eabi.a(libm2.o)
                0x10005064                fmod
                0x10005064                fmod(long double, long double)
                0x10005064                fmodl
                0x10005064                fmodl(long double, long double)
                0x10005064                fmod(double, double)
 .text.libc.fabs
                0x100051cc        0x6 E:/Programme/CrossWorks for ARM 5.3/lib/libm_v6m_t_le_eabi.a(libm2_asm.o)
                0x100051cc                fabsl
                0x100051cc                fabs(long double)
                0x100051cc                fabs(double)
                0x100051cc                fabsl(long double)
                0x100051cc                fabs
 *fill*         0x100051d2        0x6 
 .text.libc.fabs.__stub
                0x100051d8       0x10 linker stubs
                0x100051e8                        __text_end__ = (__text_start__ + SIZEOF (.text))
                0x00004d20                        __text_size__ = SIZEOF (.text)
                0x100051e8                        __text_load_end__ = __text_end__

.vfp11_veneer   0x00000000        0x0
 .vfp11_veneer  0x00000000        0x0 linker stubs

.v4_bx          0x00000000        0x0
 .v4_bx         0x00000000        0x0 linker stubs

.iplt           0x00000000        0x0
 .iplt          0x00000000        0x0 Step_1 THUMB Debug/system_RP2040.o
                0x00000001                        . = ASSERT (((__text_start__ == __text_end__) || ((__text_end__ - __FLASH_segment_start__) <= __FLASH_segment_size__)), error: .text is too large to fit in FLASH memory segment)
                0x100051e8                        __dtors_load_start__ = ALIGN (__text_end__, 0x4)

.dtors          0x100051e8        0x0
                0x100051e8                        __dtors_start__ = .
 *(SORT_BY_NAME(.dtors.*))
 *(.dtors)
 *(.fini_array)
 *(SORT_BY_NAME(.fini_array.*))
                0x100051e8                        __dtors_end__ = (__dtors_start__ + SIZEOF (.dtors))
                0x00000000                        __dtors_size__ = SIZEOF (.dtors)
                0x100051e8                        __dtors_load_end__ = __dtors_end__
                0x00000001                        . = ASSERT (((__dtors_start__ == __dtors_end__) || ((__dtors_end__ - __FLASH_segment_start__) <= __FLASH_segment_size__)), error: .dtors is too large to fit in FLASH memory segment)
                0x100051e8                        __ctors_load_start__ = ALIGN (__dtors_end__, 0x4)

.ctors          0x100051e8        0x8
                0x100051e8                        __ctors_start__ = .
 *(SORT_BY_NAME(.ctors.*))
 *(.ctors)
 *(.init_array)
 .init_array    0x100051e8        0x4 Step_1 THUMB Debug/system_RP2040.o
 *(SORT_BY_NAME(.init_array.*))
 .init_array.01000
                0x100051ec        0x4 Step_1 THUMB Debug/unique_id.o
                0x100051f0                        __ctors_end__ = (__ctors_start__ + SIZEOF (.ctors))
                0x00000008                        __ctors_size__ = SIZEOF (.ctors)
                0x100051f0                        __ctors_load_end__ = __ctors_end__
                0x00000001                        . = ASSERT (((__ctors_start__ == __ctors_end__) || ((__ctors_end__ - __FLASH_segment_start__) <= __FLASH_segment_size__)), error: .ctors is too large to fit in FLASH memory segment)
                0x100051f0                        __rodata_load_start__ = ALIGN (__ctors_end__, 0x4)

.rodata         0x100051f0      0xd80
                0x100051f0                        __rodata_start__ = .
 *(.rodata .rodata.* .gnu.linkonce.r.* .data.rel.ro .data.rel.ro.*)
 .rodata        0x100051f0      0x160 Step_1 THUMB Debug/pll.o
 .rodata        0x10005350       0xf9 Step_1 THUMB Debug/mutex.o
 *fill*         0x10005449        0x3 
 .rodata        0x1000544c      0x120 Step_1 THUMB Debug/time.o
 .rodata        0x1000556c      0x1c5 Step_1 THUMB Debug/flash.o
 *fill*         0x10005731        0x3 
 .rodata        0x10005734      0x29f Step_1 THUMB Debug/irq.o
 *fill*         0x100059d3        0x1 
 .rodata        0x100059d4       0xe6 Step_1 THUMB Debug/timer.o
 *fill*         0x10005aba        0x2 
 .rodata        0x10005abc       0x22 Step_1 THUMB Debug/panic.o
 *fill*         0x10005ade        0x2 
 .rodata        0x10005ae0       0x56 Step_1 THUMB Debug/blink.o
 *fill*         0x10005b36        0x2 
 .rodata.libc.__aeabi_ERANGE
                0x10005b38        0x4 E:/Programme/CrossWorks for ARM 5.3/lib/libc_v6m_t_le_eabi.a(libc2.o)
                0x10005b38                __aeabi_ERANGE
 .rodata.libc.__aeabi_EDOM
                0x10005b3c        0x4 E:/Programme/CrossWorks for ARM 5.3/lib/libc_v6m_t_le_eabi.a(libc2.o)
                0x10005b3c                __aeabi_EDOM
 *fill*         0x10005b40        0x0 
 .rodata.libc.power
                0x10005b40       0x48 E:/Programme/CrossWorks for ARM 5.3/lib/libc_v6m_t_le_eabi.a(libc2.o)
 .rodata.libc.__RAL_hex_lc
                0x10005b88       0x10 E:/Programme/CrossWorks for ARM 5.3/lib/libc_v6m_t_le_eabi.a(libc2.o)
                0x10005b88                __RAL_hex_lc
 .rodata.libc.__RAL_hex_uc
                0x10005b98       0x10 E:/Programme/CrossWorks for ARM 5.3/lib/libc_v6m_t_le_eabi.a(libc2.o)
                0x10005b98                __RAL_hex_uc
 .rodata.libc.__vfprintf_int.str1.4
                0x10005ba8       0x30 E:/Programme/CrossWorks for ARM 5.3/lib/libc_v6m_t_le_eabi.a(libvfprintf.o)
                                  0x7 (size before relaxing)
 .rodata.libc.__vfprintf_float_long.str1.4
                0x10005bd8       0x28 E:/Programme/CrossWorks for ARM 5.3/lib/libc_v6m_t_le_eabi.a(libvfprintf.o)
 .rodata.libc.__vfprintf_float_long_long
                0x10005bd8      0x2f8 E:/Programme/CrossWorks for ARM 5.3/lib/libc_v6m_t_le_eabi.a(libvfprintf.o)
 .rodata.libc.ipow10
                0x10005ed0       0xa0 E:/Programme/CrossWorks for ARM 5.3/lib/libc_v6m_t_le_eabi.a(libvfprintf.o)
                0x10005f70                        __rodata_end__ = (__rodata_start__ + SIZEOF (.rodata))
                0x00000d80                        __rodata_size__ = SIZEOF (.rodata)
                0x10005f70                        __rodata_load_end__ = __rodata_end__
                0x00000001                        . = ASSERT (((__rodata_start__ == __rodata_end__) || ((__rodata_end__ - __FLASH_segment_start__) <= __FLASH_segment_size__)), error: .rodata is too large to fit in FLASH memory segment)
                0x10005f70                        __ARM.exidx_load_start__ = ALIGN (__rodata_end__, 0x4)

.ARM.exidx      0x10005f70        0x0
                0x10005f70                        __ARM.exidx_start__ = .
                0x10005f70                        __exidx_start = __ARM.exidx_start__
 *(.ARM.exidx .ARM.exidx.*)
                0x10005f70                        __ARM.exidx_end__ = (__ARM.exidx_start__ + SIZEOF (.ARM.exidx))
                0x00000000                        __ARM.exidx_size__ = SIZEOF (.ARM.exidx)
                0x10005f70                        __exidx_end = __ARM.exidx_end__
                0x10005f70                        __ARM.exidx_load_end__ = __ARM.exidx_end__
                0x00000001                        . = ASSERT (((__ARM.exidx_start__ == __ARM.exidx_end__) || ((__ARM.exidx_end__ - __FLASH_segment_start__) <= __FLASH_segment_size__)), error: .ARM.exidx is too large to fit in FLASH memory segment)
                0x20000000                        __ram_vector_table_load_start__ = ALIGN (__RAM_segment_start__, 0x100)

.ram_vector_table
                0x20000000       0xc0
                0x20000000                        __ram_vector_table_start__ = .
 *(.ram_vector_table .ram_vector_table.*)
 .ram_vector_table
                0x20000000       0xc0 Step_1 THUMB Debug/runtime_init.o
                0x20000000                ram_vector_table
                0x200000c0                        __ram_vector_table_end__ = (__ram_vector_table_start__ + SIZEOF (.ram_vector_table))
                0x000000c0                        __ram_vector_table_size__ = SIZEOF (.ram_vector_table)
                0x200000c0                        __ram_vector_table_load_end__ = __ram_vector_table_end__
                0x00000001                        . = ASSERT (((__ram_vector_table_start__ == __ram_vector_table_end__) || ((__ram_vector_table_end__ - __RAM_segment_start__) <= __RAM_segment_size__)), error: .ram_vector_table is too large to fit in RAM memory segment)
                0x10005f70                        __fast_load_start__ = ALIGN (__ARM.exidx_end__, 0x4)

.fast           0x200000c0      0x290 load address 0x10005f70
                0x200000c0                        __fast_start__ = .
 *(.fast .fast.* .time_critical.*)
 .time_critical.flash_init_boot2_copyout
                0x200000c0       0x50 Step_1 THUMB Debug/flash.o
 .time_critical.flash_enable_xip_via_boot2
                0x20000110       0x10 Step_1 THUMB Debug/flash.o
 .time_critical.flash_save_hardware_state
                0x20000120       0x3c Step_1 THUMB Debug/flash.o
 .time_critical.flash_restore_hardware_state
                0x2000015c       0x38 Step_1 THUMB Debug/flash.o
 .time_critical.flash_cs_force
                0x20000194       0x38 Step_1 THUMB Debug/flash.o
 .time_critical.flash_do_cmd
                0x200001cc      0x134 Step_1 THUMB Debug/flash.o
                0x200001cc                flash_do_cmd
 .time_critical.flash_do_cmd.__stub
                0x20000300       0x50 linker stubs
                0x20000350                        __fast_end__ = (__fast_start__ + SIZEOF (.fast))
                0x00000290                        __fast_size__ = SIZEOF (.fast)
                0x10006200                        __fast_load_end__ = (__fast_load_start__ + SIZEOF (.fast))

.rel.dyn        0x10000000        0x0
 .rel.iplt      0x10000000        0x0 Step_1 THUMB Debug/system_RP2040.o
                0x00000001                        . = ASSERT (((__fast_load_start__ == __fast_load_end__) || ((__fast_load_end__ - __FLASH_segment_start__) <= __FLASH_segment_size__)), error: .fast is too large to fit in FLASH memory segment)

.fast_run       0x200000c0        0x0
                0x200000c0                        __fast_run_start__ = .
                0x20000350                        __fast_run_end__ = (__fast_run_start__ + SIZEOF (.fast))
                0x00000290                        __fast_run_size__ = (__fast_run_end__ - __fast_run_start__)
                0x20000350                        __fast_run_load_end__ = __fast_run_end__
                0x00000001                        . = ASSERT (((__fast_run_start__ == __fast_run_end__) || ((__fast_run_end__ - __RAM_segment_start__) <= __RAM_segment_size__)), error: .fast_run is too large to fit in RAM memory segment)
                0x20000350                        __bss_load_start__ = ALIGN (__fast_run_end__, 0x4)

.bss            0x20000350      0x2fc
                0x20000350                        __bss_start__ = .
 *(.bss .bss.* .gnu.linkonce.b.*)
 .bss.SystemCoreClock
                0x20000350        0x4 Step_1 THUMB Debug/system_RP2040.o
                0x20000350                SystemCoreClock
 .bss.configured_freq
                0x20000354       0x28 Step_1 THUMB Debug/clocks.o
 *fill*         0x2000037c        0x4 
 .bss.default_alarm_pool_entries
                0x20000380      0x180 Step_1 THUMB Debug/time.o
 .bss.sleep_notifier
                0x20000500        0x4 Step_1 THUMB Debug/time.o
 .bss.pools     0x20000504       0x10 Step_1 THUMB Debug/time.o
 .bss.boot2_copyout
                0x20000514      0x100 Step_1 THUMB Debug/flash.o
 .bss.boot2_copyout_valid
                0x20000614        0x1 Step_1 THUMB Debug/flash.o
 .bss.irq_handler_chain_free_slot_head
                0x20000615        0x1 Step_1 THUMB Debug/irq.o
 *fill*         0x20000616        0x2 
 .bss.claimed   0x20000618        0x1 Step_1 THUMB Debug/timer.o
 *fill*         0x20000619        0x3 
 .bss.uart_char_to_line_feed
                0x2000061c        0x4 Step_1 THUMB Debug/uart.o
                0x2000061c                uart_char_to_line_feed
 .bss.drivers   0x20000620        0x4 Step_1 THUMB Debug/stdio.o
 .bss.uart_instance
                0x20000624        0x4 Step_1 THUMB Debug/stdio_uart.o
 .bss.chars_available_callback
                0x20000628        0x4 Step_1 THUMB Debug/stdio_uart.o
 .bss.chars_available_param
                0x2000062c        0x4 Step_1 THUMB Debug/stdio_uart.o
 .bss.retrieved_id
                0x20000630        0x8 Step_1 THUMB Debug/unique_id.o
 .bss.start_ms.1
                0x20000638        0x4 Step_1 THUMB Debug/blink.o
 .bss.led_state.0
                0x2000063c        0x1 Step_1 THUMB Debug/blink.o
 *fill*         0x2000063d        0x3 
 .bss.libc.__user_format_extender
                0x20000640        0x4 E:/Programme/CrossWorks for ARM 5.3/lib/libc_v6m_t_le_eabi.a(libc2.o)
                0x20000640                __user_format_extender
 .bss.libdebugio.dbgCommWord
                0x20000644        0x4 E:/Programme/CrossWorks for ARM 5.3/lib/libdebugio_v6m_t_le_eabi.a(mempoll_debug_operations.o)
                0x20000644                dbgCommWord
 .bss.libdebugio.dbgCntrlWord_mempoll
                0x20000648        0x4 E:/Programme/CrossWorks for ARM 5.3/lib/libdebugio_v6m_t_le_eabi.a(mempoll_debug_operations.o)
                0x20000648                dbgCntrlWord_mempoll
 *(COMMON)
                0x2000064c                        __bss_end__ = (__bss_start__ + SIZEOF (.bss))
                0x000002fc                        __bss_size__ = SIZEOF (.bss)
                0x2000064c                        __bss_load_end__ = __bss_end__
                0x00000001                        . = ASSERT (((__bss_start__ == __bss_end__) || ((__bss_end__ - __RAM_segment_start__) <= __RAM_segment_size__)), error: .bss is too large to fit in RAM memory segment)
                0x2000064c                        __tbss_load_start__ = ALIGN (__bss_end__, 0x4)

.tbss           0x2000064c        0x4
                0x2000064c                        __tbss_start__ = .
 *(.tbss .tbss.*)
 .tbss.errno_val
                0x2000064c        0x4 E:/Programme/CrossWorks for ARM 5.3/lib/libc_v6m_t_le_eabi.a(libc2.o)
                0x20000650                        __tbss_end__ = (__tbss_start__ + SIZEOF (.tbss))
                0x00000004                        __tbss_size__ = SIZEOF (.tbss)
                0x20000650                        __tbss_load_end__ = __tbss_end__
                0x00000001                        . = ASSERT (((__tbss_start__ == __tbss_end__) || ((__tbss_end__ - __RAM_segment_start__) <= __RAM_segment_size__)), error: .tbss is too large to fit in RAM memory segment)
                0x20000650                        __non_init_load_start__ = ALIGN (__tbss_end__, 0x4)

.non_init       0x20000650        0x0
                0x20000650                        __non_init_start__ = .
 *(.non_init .non_init.* .uninitialized_data.*)
                0x20000650                        __non_init_end__ = (__non_init_start__ + SIZEOF (.non_init))
                0x00000000                        __non_init_size__ = SIZEOF (.non_init)
                0x20000650                        __non_init_load_end__ = __non_init_end__
                0x00000001                        . = ASSERT (((__non_init_start__ == __non_init_end__) || ((__non_init_end__ - __RAM_segment_start__) <= __RAM_segment_size__)), error: .non_init is too large to fit in RAM memory segment)
                0x10006200                        __tdata_load_start__ = ALIGN ((__fast_load_start__ + SIZEOF (.fast)), 0x4)

.tdata          0x20000650        0x0 load address 0x10006200
                0x20000650                        __tdata_start__ = .
 *(.tdata .tdata.*)
                0x20000650                        __tdata_end__ = (__tdata_start__ + SIZEOF (.tdata))
                0x00000000                        __tdata_size__ = SIZEOF (.tdata)
                0x10006200                        __tdata_load_end__ = (__tdata_load_start__ + SIZEOF (.tdata))
                0x00000001                        . = ASSERT (((__tdata_load_start__ == __tdata_load_end__) || ((__tdata_load_end__ - __FLASH_segment_start__) <= __FLASH_segment_size__)), error: .tdata is too large to fit in FLASH memory segment)

.tdata_run      0x20000650        0x0
                0x20000650                        __tdata_run_start__ = .
                0x20000650                        __tdata_run_end__ = (__tdata_run_start__ + SIZEOF (.tdata))
                0x00000000                        __tdata_run_size__ = (__tdata_run_end__ - __tdata_run_start__)
                0x20000650                        __tdata_run_load_end__ = __tdata_run_end__
                0x00000001                        . = ASSERT (((__tdata_run_start__ == __tdata_run_end__) || ((__tdata_run_end__ - __RAM_segment_start__) <= __RAM_segment_size__)), error: .tdata_run is too large to fit in RAM memory segment)
                0x10006200                        __data_load_start__ = ALIGN ((__tdata_load_start__ + SIZEOF (.tdata)), 0x4)

.data           0x20000650       0x80 load address 0x10006200
                0x20000650                        __data_start__ = .
 *(.data .data.* .gnu.linkonce.d.*)
 .data.default_alarm_pool
                0x20000650       0x18 Step_1 THUMB Debug/time.o
 .data          0x20000668       0x48 Step_1 THUMB Debug/irq_handler_chain.o
                0x20000668                irq_handler_chain_slots
                0x20000698                irq_handler_chain_first_slot
                0x200006a2                irq_handler_chain_remove_tail
 .data.striped_spin_lock_num
                0x200006b0        0x1 Step_1 THUMB Debug/sync.o
 *fill*         0x200006b1        0x3 
 .data.stdio_uart
                0x200006b4       0x18 Step_1 THUMB Debug/stdio_uart.o
                0x200006b4                stdio_uart
 .data.blink_interval_ms
                0x200006cc        0x4 Step_1 THUMB Debug/blink.o
                0x200006d0                        __data_end__ = (__data_start__ + SIZEOF (.data))
                0x00000080                        __data_size__ = SIZEOF (.data)
                0x10006280                        __data_load_end__ = (__data_load_start__ + SIZEOF (.data))

.igot.plt       0x00000000        0x0
 .igot.plt      0x00000000        0x0 Step_1 THUMB Debug/system_RP2040.o
                0x00000001                        . = ASSERT (((__data_load_start__ == __data_load_end__) || ((__data_load_end__ - __FLASH_segment_start__) <= __FLASH_segment_size__)), error: .data is too large to fit in FLASH memory segment)

.data_run       0x20000650        0x0
                0x20000650                        __data_run_start__ = .
                0x200006d0                        __data_run_end__ = (__data_run_start__ + SIZEOF (.data))
                0x00000080                        __data_run_size__ = (__data_run_end__ - __data_run_start__)
                0x200006d0                        __data_run_load_end__ = __data_run_end__
                0x00000001                        . = ASSERT (((__data_run_start__ == __data_run_end__) || ((__data_run_end__ - __RAM_segment_start__) <= __RAM_segment_size__)), error: .data_run is too large to fit in RAM memory segment)
                0x10006280                        __mutex_load_start__ = ALIGN ((__data_load_start__ + SIZEOF (.data)), 0x4)

.mutex          0x200006d0        0x0 load address 0x10006280
                0x200006d0                        __mutex_start__ = .
 *(.mutex_array .mutex_array.*)
                0x200006d0                        __mutex_end__ = (__mutex_start__ + SIZEOF (.mutex))
                0x00000000                        __mutex_size__ = SIZEOF (.mutex)
                0x10006280                        __mutex_load_end__ = (__mutex_load_start__ + SIZEOF (.mutex))
                0x00000001                        . = ASSERT (((__mutex_load_start__ == __mutex_load_end__) || ((__mutex_load_end__ - __FLASH_segment_start__) <= __FLASH_segment_size__)), error: .mutex is too large to fit in FLASH memory segment)

.mutex_run      0x200006d0        0x0
                0x200006d0                        __mutex_run_start__ = .
                0x200006d0                        __mutex_array_start = __mutex_run_start__
                0x200006d0                        __mutex_run_end__ = (__mutex_run_start__ + SIZEOF (.mutex))
                0x00000000                        __mutex_run_size__ = (__mutex_run_end__ - __mutex_run_start__)
                0x200006d0                        __mutex_array_end = __mutex_run_end__
                0x200006d0                        __mutex_run_load_end__ = __mutex_run_end__
                0x00000001                        . = ASSERT (((__mutex_run_start__ == __mutex_run_end__) || ((__mutex_run_end__ - __RAM_segment_start__) <= __RAM_segment_size__)), error: .mutex_run is too large to fit in RAM memory segment)
                0x10006280                        __after_data_load_start__ = ALIGN ((__mutex_load_start__ + SIZEOF (.mutex)), 0x4)

.after_data     0x200006d0        0x0 load address 0x10006280
                0x200006d0                        __after_data_start__ = .
 *(.after_data .after_data.*)
                0x200006d0                        __after_data_end__ = (__after_data_start__ + SIZEOF (.after_data))
                0x00000000                        __after_data_size__ = SIZEOF (.after_data)
                0x10006280                        __after_data_load_end__ = (__after_data_load_start__ + SIZEOF (.after_data))
                0x00000001                        . = ASSERT (((__after_data_load_start__ == __after_data_load_end__) || ((__after_data_load_end__ - __FLASH_segment_start__) <= __FLASH_segment_size__)), error: .after_data is too large to fit in FLASH memory segment)
                0x10006280                        __scratch_x_load_start__ = ALIGN ((__after_data_load_start__ + SIZEOF (.after_data)), 0x4)

.scratch_x      0x20040000        0x0 load address 0x10006280
                0x20040000                        __scratch_x_start__ = .
 *(.scratch_x .scratch_x.*)
                0x20040000                        __scratch_x_end__ = (__scratch_x_start__ + SIZEOF (.scratch_x))
                0x00000000                        __scratch_x_size__ = SIZEOF (.scratch_x)
                0x10006280                        __scratch_x_load_end__ = (__scratch_x_load_start__ + SIZEOF (.scratch_x))
                0x00000001                        . = ASSERT (((__scratch_x_load_start__ == __scratch_x_load_end__) || ((__scratch_x_load_end__ - __FLASH_segment_start__) <= __FLASH_segment_size__)), error: .scratch_x is too large to fit in FLASH memory segment)
                0x10006280                        __scratch_y_load_start__ = ALIGN ((__scratch_x_load_start__ + SIZEOF (.scratch_x)), 0x4)

.scratch_y      0x20041000        0x0 load address 0x10006280
                0x20041000                        __scratch_y_start__ = .
 *(.scratch_y .scratch_y.*)
                0x20041000                        __scratch_y_end__ = (__scratch_y_start__ + SIZEOF (.scratch_y))
                0x00000000                        __scratch_y_size__ = SIZEOF (.scratch_y)
                0x10006280                        __scratch_y_load_end__ = (__scratch_y_load_start__ + SIZEOF (.scratch_y))
                0x00000001                        . = ASSERT (((__scratch_y_load_start__ == __scratch_y_load_end__) || ((__scratch_y_load_end__ - __FLASH_segment_start__) <= __FLASH_segment_size__)), error: .scratch_y is too large to fit in FLASH memory segment)

.scratch_y_run  0x20041000        0x0
                0x20041000                        __scratch_y_run_start__ = .
                0x20041000                        __scratch_y_run_end__ = (__scratch_y_run_start__ + SIZEOF (.scratch_y))
                0x00000000                        __scratch_y_run_size__ = (__scratch_y_run_end__ - __scratch_y_run_start__)
                0x20041000                        __scratch_y_run_load_end__ = __scratch_y_run_end__
                0x20041000                        __SCRATCH_Y_segment_used_end__ = (ALIGN (__SCRATCH_Y_segment_start__, 0x4) + SIZEOF (.scratch_y_run))
                0x00000000                        __SCRATCH_Y_segment_used_size__ = (__SCRATCH_Y_segment_used_end__ - __SCRATCH_Y_segment_start__)
                0x00000001                        . = ASSERT (((__scratch_y_run_start__ == __scratch_y_run_end__) || ((__scratch_y_run_end__ - __SCRATCH_Y_segment_start__) <= __SCRATCH_Y_segment_size__)), error: .scratch_y_run is too large to fit in SCRATCH_Y memory segment)

.scratch_x_run  0x20040000        0x0
                0x20040000                        __scratch_x_run_start__ = .
                0x20040000                        __scratch_x_run_end__ = (__scratch_x_run_start__ + SIZEOF (.scratch_x))
                0x00000000                        __scratch_x_run_size__ = (__scratch_x_run_end__ - __scratch_x_run_start__)
                0x20040000                        __scratch_x_run_load_end__ = __scratch_x_run_end__
                0x20040000                        __SCRATCH_X_segment_used_end__ = (ALIGN (__SCRATCH_X_segment_start__, 0x4) + SIZEOF (.scratch_x_run))
                0x00000000                        __SCRATCH_X_segment_used_size__ = (__SCRATCH_X_segment_used_end__ - __SCRATCH_X_segment_start__)
                0x00000001                        . = ASSERT (((__scratch_x_run_start__ == __scratch_x_run_end__) || ((__scratch_x_run_end__ - __SCRATCH_X_segment_start__) <= __SCRATCH_X_segment_size__)), error: .scratch_x_run is too large to fit in SCRATCH_X memory segment)

.after_data_run
                0x200006d0        0x0
                0x200006d0                        __after_data_run_start__ = .
                0x200006d0                        __after_data_run_end__ = (__after_data_run_start__ + SIZEOF (.after_data))
                0x00000000                        __after_data_run_size__ = (__after_data_run_end__ - __after_data_run_start__)
                0x200006d0                        __after_data_run_load_end__ = __after_data_run_end__
                0x00000001                        . = ASSERT (((__after_data_run_start__ == __after_data_run_end__) || ((__after_data_run_end__ - __RAM_segment_start__) <= __RAM_segment_size__)), error: .after_data_run is too large to fit in RAM memory segment)
                0x200006d0                        __heap_load_start__ = ALIGN (__after_data_run_end__, 0x8)

.heap           0x200006d0      0x400
                0x200006d0                        __heap_start__ = .
 *(.heap .heap.*)
                0x20000ad0                        . = ALIGN (MAX ((__heap_start__ + __HEAPSIZE__), .), 0x8)
 *fill*         0x200006d0      0x400 
                0x20000ad0                        __heap_end__ = (__heap_start__ + SIZEOF (.heap))
                0x00000400                        __heap_size__ = SIZEOF (.heap)
                0x20000ad0                        __heap_load_end__ = __heap_end__
                0x00000001                        . = ASSERT (((__heap_start__ == __heap_end__) || ((__heap_end__ - __RAM_segment_start__) <= __RAM_segment_size__)), error: .heap is too large to fit in RAM memory segment)
                0x00000001                        . = ASSERT ((__HEAPSIZE__ == ALIGN (__HEAPSIZE__, 0x8)), error: .heap section size does not match alignment)
                0x00000001                        . = ASSERT ((__heap_size__ <= __HEAPSIZE__), error: .heap section is larger than specified size)
                0x20000ad0                        __stack_load_start__ = ALIGN (__heap_end__, 0x8)

.stack          0x20000ad0      0x400
                0x20000ad0                        __stack_start__ = .
 *(.stack .stack.*)
                0x20000ed0                        . = ALIGN (MAX ((__stack_start__ + __STACKSIZE__), .), 0x8)
 *fill*         0x20000ad0      0x400 
                0x20000ed0                        __stack_end__ = (__stack_start__ + SIZEOF (.stack))
                0x00000400                        __stack_size__ = SIZEOF (.stack)
                0x20000ed0                        __stack_load_end__ = __stack_end__
                0x00000001                        . = ASSERT (((__stack_start__ == __stack_end__) || ((__stack_end__ - __RAM_segment_start__) <= __RAM_segment_size__)), error: .stack is too large to fit in RAM memory segment)
                0x00000001                        . = ASSERT ((__STACKSIZE__ == ALIGN (__STACKSIZE__, 0x8)), error: .stack section size does not match alignment)
                0x00000001                        . = ASSERT ((__stack_size__ <= __STACKSIZE__), error: .stack section is larger than specified size)
                0x20000ed0                        __stack_process_load_start__ = ALIGN (__stack_end__, 0x8)

.stack_process  0x20000ed0        0x0
                0x20000ed0                        __stack_process_start__ = .
 *(.stack_process .stack_process.*)
                0x20000ed0                        . = ALIGN (MAX ((__stack_process_start__ + __STACKSIZE_PROCESS__), .), 0x8)
                0x20000ed0                        __stack_process_end__ = (__stack_process_start__ + SIZEOF (.stack_process))
                0x00000000                        __stack_process_size__ = SIZEOF (.stack_process)
                0x20000ed0                        __stack_process_load_end__ = __stack_process_end__
                0x20000ed0                        __RAM_segment_used_end__ = (ALIGN (__stack_end__, 0x8) + SIZEOF (.stack_process))
                0x00000ed0                        __RAM_segment_used_size__ = (__RAM_segment_used_end__ - __RAM_segment_start__)
                0x00000001                        . = ASSERT (((__stack_process_start__ == __stack_process_end__) || ((__stack_process_end__ - __RAM_segment_start__) <= __RAM_segment_size__)), error: .stack_process is too large to fit in RAM memory segment)
                0x00000001                        . = ASSERT ((__STACKSIZE_PROCESS__ == ALIGN (__STACKSIZE_PROCESS__, 0x8)), error: .stack_process section size does not match alignment)
                0x00000001                        . = ASSERT ((__stack_process_size__ <= __STACKSIZE_PROCESS__), error: .stack_process section is larger than specified size)
                0x10006280                        __flashdata_load_start__ = ALIGN ((__scratch_y_load_start__ + SIZEOF (.scratch_y)), 0x4)

.flashdata      0x10006280        0x0
                0x10006280                        __flashdata_start__ = .
 *(.flashdata .flashdata.*)
                0x10006280                        __flashdata_end__ = (__flashdata_start__ + SIZEOF (.flashdata))
                0x00000000                        __flashdata_size__ = SIZEOF (.flashdata)
                0x10006280                        __flashdata_load_end__ = __flashdata_end__
                0x00000001                        . = ASSERT (((__flashdata_start__ == __flashdata_end__) || ((__flashdata_end__ - __FLASH_segment_start__) <= __FLASH_segment_size__)), error: .flashdata is too large to fit in FLASH memory segment)
                0x10006280                        __init_array_load_start__ = ALIGN (__flashdata_end__, 0x4)

.init_array     0x10006280        0x0
                0x10006280                        __init_array_start__ = .
 *(.init_array .init_array.*)
                0x10006280                        __init_array_end__ = (__init_array_start__ + SIZEOF (.init_array))
                0x00000000                        __init_array_size__ = SIZEOF (.init_array)
                0x10006280                        __init_array_load_end__ = __init_array_end__
                0x00000001                        . = ASSERT (((__init_array_start__ == __init_array_end__) || ((__init_array_end__ - __FLASH_segment_start__) <= __FLASH_segment_size__)), error: .init_array is too large to fit in FLASH memory segment)
                0x10006280                        __preinit_array_load_start__ = ALIGN (__init_array_end__, 0x4)

.preinit_array  0x10006280       0x2c
                0x10006280                        __preinit_array_start__ = .
 *(SORT_BY_NAME(.preinit_array.*))
 .preinit_array.00100
                0x10006280        0x4 Step_1 THUMB Debug/runtime_init.o
                0x10006280                __pre_init_runtime_init_early_resets
 .preinit_array.00101
                0x10006284        0x4 Step_1 THUMB Debug/runtime_init.o
                0x10006284                __pre_init_runtime_init_usb_power_down
 .preinit_array.00500
                0x10006288        0x4 Step_1 THUMB Debug/runtime_init.o
                0x10006288                __pre_init_runtime_init_clocks
 .preinit_array.00600
                0x1000628c        0x4 Step_1 THUMB Debug/runtime_init.o
                0x1000628c                __pre_init_runtime_init_post_clock_resets
 .preinit_array.00700
                0x10006290        0x4 Step_1 THUMB Debug/runtime_init.o
                0x10006290                __pre_init_runtime_init_rp2040_gpio_ie_disable
 .preinit_array.01000
                0x10006294        0x4 Step_1 THUMB Debug/runtime_init.o
                0x10006294                __pre_init_runtime_init_spin_locks_reset
 .preinit_array.01100
                0x10006298        0x4 Step_1 THUMB Debug/mutex.o
                0x10006298                __pre_init_runtime_init_mutex
 .preinit_array.10080
                0x1000629c        0x4 Step_1 THUMB Debug/runtime_init.o
                0x1000629c                __pre_init_runtime_init_install_ram_vector_table
 .preinit_array.11000
                0x100062a0        0x4 Step_1 THUMB Debug/time.o
                0x100062a0                __pre_init_runtime_init_default_alarm_pool
 .preinit_array.YYYYY
                0x100062a4        0x4 Step_1 THUMB Debug/runtime.o
                0x100062a4                __pre_init_first_per_core_initializer
 .preinit_array.ZZZZZ.01200
                0x100062a8        0x4 Step_1 THUMB Debug/irq.o
                0x100062a8                __pre_init_runtime_init_per_core_irq_priorities
                0x100062ac                        __preinit_array_end__ = (__preinit_array_start__ + SIZEOF (.preinit_array))
                0x0000002c                        __preinit_array_size__ = SIZEOF (.preinit_array)
                0x100062ac                        __preinit_array_load_end__ = __preinit_array_end__
                0x100062ac                        __FLASH_segment_used_end__ = (ALIGN (__init_array_end__, 0x4) + SIZEOF (.preinit_array))
                0x000062ac                        __FLASH_segment_used_size__ = (__FLASH_segment_used_end__ - __FLASH_segment_start__)
                0x00000001                        . = ASSERT (((__preinit_array_start__ == __preinit_array_end__) || ((__preinit_array_end__ - __FLASH_segment_start__) <= __FLASH_segment_size__)), error: .preinit_array is too large to fit in FLASH memory segment)
                0x00000400                        __STACKSIZE__ = 0x400
                0x00000000                        __STACKSIZE_PROCESS__ = 0x0
                0x00000000                        __STACKSIZE_IRQ__ = 0x0
                0x00000000                        __STACKSIZE_FIQ__ = 0x0
                0x00000000                        __STACKSIZE_SVC__ = 0x0
                0x00000000                        __STACKSIZE_ABT__ = 0x0
                0x00000000                        __STACKSIZE_UND__ = 0x0
                0x00000400                        __HEAPSIZE__ = 0x400
                0x100047e4                        __do_debug_operation = __do_debug_operation_mempoll
                0x10003660                        __vfprintf = __vfprintf_float_long_long
                0x00000000                        __vfscanf = __vfscanf_float_long_long_cc
START GROUP
LOAD Step_1 THUMB Debug/system_RP2040.o
LOAD Step_1 THUMB Debug/clocks.o
LOAD Step_1 THUMB Debug/multicore.o
LOAD Step_1 THUMB Debug/platform.o
LOAD Step_1 THUMB Debug/pll.o
LOAD Step_1 THUMB Debug/ticks.o
LOAD Step_1 THUMB Debug/claim.o
LOAD Step_1 THUMB Debug/critical_section.o
LOAD Step_1 THUMB Debug/lock_core.o
LOAD Step_1 THUMB Debug/mutex.o
LOAD Step_1 THUMB Debug/sem.o
LOAD Step_1 THUMB Debug/time.o
LOAD Step_1 THUMB Debug/timeout_helper.o
LOAD Step_1 THUMB Debug/dma.o
LOAD Step_1 THUMB Debug/flash.o
LOAD Step_1 THUMB Debug/gpio.o
LOAD Step_1 THUMB Debug/irq.o
LOAD Step_1 THUMB Debug/irq_handler_chain.o
LOAD Step_1 THUMB Debug/pio.o
LOAD Step_1 THUMB Debug/sync.o
LOAD Step_1 THUMB Debug/sync_spin_lock.o
LOAD Step_1 THUMB Debug/timer.o
LOAD Step_1 THUMB Debug/uart.o
LOAD Step_1 THUMB Debug/newlib_interface.o
LOAD Step_1 THUMB Debug/panic.o
LOAD Step_1 THUMB Debug/runtime.o
LOAD Step_1 THUMB Debug/runtime_init.o
LOAD Step_1 THUMB Debug/runtime_init_clocks.o
LOAD Step_1 THUMB Debug/runtime_init_stack_guard.o
LOAD Step_1 THUMB Debug/stdio.o
LOAD Step_1 THUMB Debug/stdio_uart.o
LOAD Step_1 THUMB Debug/unique_id.o
LOAD Step_1 THUMB Debug/watchdog.o
LOAD Step_1 THUMB Debug/xosc.o
LOAD Step_1 THUMB Debug/blink.o
LOAD Step_1 THUMB Debug/usb_descriptors.o
LOAD Step_1 THUMB Debug/RP2040_Boot.o
LOAD Step_1 THUMB Debug/RP2040_VectorsSDK.o
LOAD Step_1 THUMB Debug/thumb_crt0.o
LOAD Step_1 THUMB Debug/RP2040_Startup.o
LOAD Step_1 THUMB Debug/family.o
LOAD Step_1 THUMB Debug/audio_device.o
LOAD Step_1 THUMB Debug/bth_device.o
LOAD Step_1 THUMB Debug/cdc_device.o
LOAD Step_1 THUMB Debug/cdc_host.o
LOAD Step_1 THUMB Debug/cdc_rndis_host.o
LOAD Step_1 THUMB Debug/dfu_device.o
LOAD Step_1 THUMB Debug/dfu_rt_device.o
LOAD Step_1 THUMB Debug/hid_device.o
LOAD Step_1 THUMB Debug/hid_host.o
LOAD Step_1 THUMB Debug/midi_device.o
LOAD Step_1 THUMB Debug/midi_host.o
LOAD Step_1 THUMB Debug/msc_device.o
LOAD Step_1 THUMB Debug/msc_host.o
LOAD Step_1 THUMB Debug/mtp_device.o
LOAD Step_1 THUMB Debug/ecm_rndis_device.o
LOAD Step_1 THUMB Debug/ncm_device.o
LOAD Step_1 THUMB Debug/usbtmc_device.o
LOAD Step_1 THUMB Debug/vendor_device.o
LOAD Step_1 THUMB Debug/vendor_host.o
LOAD Step_1 THUMB Debug/video_device.o
LOAD Step_1 THUMB Debug/tusb_fifo.o
LOAD Step_1 THUMB Debug/usbd.o
LOAD Step_1 THUMB Debug/usbd_control.o
LOAD Step_1 THUMB Debug/hub.o
LOAD Step_1 THUMB Debug/usbh.o
LOAD Step_1 THUMB Debug/hcd_max3421.o
LOAD Step_1 THUMB Debug/dcd_ft9xx.o
LOAD Step_1 THUMB Debug/dcd_ci_fs.o
LOAD Step_1 THUMB Debug/dcd_ci_hs.o
LOAD Step_1 THUMB Debug/hcd_ci_hs.o
LOAD Step_1 THUMB Debug/dcd_da146xx.o
LOAD Step_1 THUMB Debug/ehci.o
LOAD Step_1 THUMB Debug/dcd_musb.o
LOAD Step_1 THUMB Debug/hcd_musb.o
LOAD Step_1 THUMB Debug/dcd_pic.o
LOAD Step_1 THUMB Debug/dcd_pic32mz.o
LOAD Step_1 THUMB Debug/dcd_samd.o
LOAD Step_1 THUMB Debug/hcd_samd.o
LOAD Step_1 THUMB Debug/dcd_samg.o
LOAD Step_1 THUMB Debug/dcd_samx7x.o
LOAD Step_1 THUMB Debug/dcd_mm32f327x_otg.o
LOAD Step_1 THUMB Debug/dcd_nrf5x.o
LOAD Step_1 THUMB Debug/dcd_nuc120.o
LOAD Step_1 THUMB Debug/dcd_nuc121.o
LOAD Step_1 THUMB Debug/dcd_nuc505.o
LOAD Step_1 THUMB Debug/dcd_khci.o
LOAD Step_1 THUMB Debug/hcd_khci.o
LOAD Step_1 THUMB Debug/dcd_lpc17_40.o
LOAD Step_1 THUMB Debug/dcd_lpc_ip3511.o
LOAD Step_1 THUMB Debug/ohci.o
LOAD Step_1 THUMB Debug/dcd_pio_usb.o
LOAD Step_1 THUMB Debug/hcd_pio_usb.o
LOAD Step_1 THUMB Debug/dcd_rp2040.o
LOAD Step_1 THUMB Debug/hcd_rp2040.o
LOAD Step_1 THUMB Debug/rp2040_usb.o
LOAD Step_1 THUMB Debug/dcd_rusb2.o
LOAD Step_1 THUMB Debug/hcd_rusb2.o
LOAD Step_1 THUMB Debug/rusb2_common.o
LOAD Step_1 THUMB Debug/dcd_cxd56.o
LOAD Step_1 THUMB Debug/dcd_stm32_fsdev.o
LOAD Step_1 THUMB Debug/typec_stm32.o
LOAD Step_1 THUMB Debug/dcd_sunxi_musb.o
LOAD Step_1 THUMB Debug/dcd_dwc2.o
LOAD Step_1 THUMB Debug/dwc2_common.o
LOAD Step_1 THUMB Debug/hcd_dwc2.o
LOAD Step_1 THUMB Debug/dcd_template.o
LOAD Step_1 THUMB Debug/hcd_template.o
LOAD Step_1 THUMB Debug/dcd_msp430x5xx.o
LOAD Step_1 THUMB Debug/dcd_eptri.o
LOAD Step_1 THUMB Debug/dcd_ch32_usbfs.o
LOAD Step_1 THUMB Debug/dcd_ch32_usbhs.o
LOAD Step_1 THUMB Debug/hcd_ch32_usbfs.o
LOAD Step_1 THUMB Debug/tusb.o
LOAD Step_1 THUMB Debug/usbc.o
LOAD E:/Programme/CrossWorks for ARM 5.3/lib/libm_v6m_t_le_eabi.a
LOAD E:/Programme/CrossWorks for ARM 5.3/lib/libc_v6m_t_le_eabi.a
LOAD E:/Programme/CrossWorks for ARM 5.3/lib/libdebugio_v6m_t_le_eabi.a
END GROUP
OUTPUT(E:/GIT-Repos/RaspiPico/Step1/Step_1 THUMB Debug/Step_1.elf elf32-littlearm)
LOAD linker stubs

.debug_info     0x00000000     0xd783
 .debug_info    0x00000000      0x352 Step_1 THUMB Debug/system_RP2040.o
 .debug_info    0x00000352      0xeab Step_1 THUMB Debug/clocks.o
 .debug_info    0x000011fd      0x416 Step_1 THUMB Debug/pll.o
 .debug_info    0x00001613      0x227 Step_1 THUMB Debug/ticks.o
 .debug_info    0x0000183a      0x441 Step_1 THUMB Debug/claim.o
 .debug_info    0x00001c7b      0x141 Step_1 THUMB Debug/lock_core.o
 .debug_info    0x00001dbc      0xafb Step_1 THUMB Debug/mutex.o
 .debug_info    0x000028b7     0x1af4 Step_1 THUMB Debug/time.o
 .debug_info    0x000043ab      0xa51 Step_1 THUMB Debug/flash.o
 .debug_info    0x00004dfc     0x1260 Step_1 THUMB Debug/gpio.o
 .debug_info    0x0000605c     0x1082 Step_1 THUMB Debug/irq.o
 .debug_info    0x000070de      0x31f Step_1 THUMB Debug/sync.o
 .debug_info    0x000073fd      0x1b6 Step_1 THUMB Debug/sync_spin_lock.o
 .debug_info    0x000075b3      0xee4 Step_1 THUMB Debug/timer.o
 .debug_info    0x00008497      0xd04 Step_1 THUMB Debug/uart.o
 .debug_info    0x0000919b      0x866 Step_1 THUMB Debug/newlib_interface.o
 .debug_info    0x00009a01      0x14a Step_1 THUMB Debug/panic.o
 .debug_info    0x00009b4b      0x180 Step_1 THUMB Debug/runtime.o
 .debug_info    0x00009ccb      0x69f Step_1 THUMB Debug/runtime_init.o
 .debug_info    0x0000a36a      0x5bd Step_1 THUMB Debug/runtime_init_clocks.o
 .debug_info    0x0000a927     0x102a Step_1 THUMB Debug/stdio.o
 .debug_info    0x0000b951      0xc60 Step_1 THUMB Debug/stdio_uart.o
 .debug_info    0x0000c5b1      0x1c4 Step_1 THUMB Debug/unique_id.o
 .debug_info    0x0000c775      0x1ab Step_1 THUMB Debug/xosc.o
 .debug_info    0x0000c920      0xdd7 Step_1 THUMB Debug/blink.o
 .debug_info    0x0000d6f7       0x24 Step_1 THUMB Debug/RP2040_Boot.o
 .debug_info    0x0000d71b       0x24 Step_1 THUMB Debug/RP2040_VectorsSDK.o
 .debug_info    0x0000d73f       0x22 Step_1 THUMB Debug/thumb_crt0.o
 .debug_info    0x0000d761       0x22 Step_1 THUMB Debug/RP2040_Startup.o

.debug_abbrev   0x00000000     0x3a92
 .debug_abbrev  0x00000000      0x16d Step_1 THUMB Debug/system_RP2040.o
 .debug_abbrev  0x0000016d      0x388 Step_1 THUMB Debug/clocks.o
 .debug_abbrev  0x000004f5      0x187 Step_1 THUMB Debug/pll.o
 .debug_abbrev  0x0000067c      0x127 Step_1 THUMB Debug/ticks.o
 .debug_abbrev  0x000007a3      0x1fd Step_1 THUMB Debug/claim.o
 .debug_abbrev  0x000009a0       0xb8 Step_1 THUMB Debug/lock_core.o
 .debug_abbrev  0x00000a58      0x2e9 Step_1 THUMB Debug/mutex.o
 .debug_abbrev  0x00000d41      0x498 Step_1 THUMB Debug/time.o
 .debug_abbrev  0x000011d9      0x26e Step_1 THUMB Debug/flash.o
 .debug_abbrev  0x00001447      0x2f5 Step_1 THUMB Debug/gpio.o
 .debug_abbrev  0x0000173c      0x3e8 Step_1 THUMB Debug/irq.o
 .debug_abbrev  0x00001b24      0x1ae Step_1 THUMB Debug/sync.o
 .debug_abbrev  0x00001cd2      0x15f Step_1 THUMB Debug/sync_spin_lock.o
 .debug_abbrev  0x00001e31      0x35f Step_1 THUMB Debug/timer.o
 .debug_abbrev  0x00002190      0x27a Step_1 THUMB Debug/uart.o
 .debug_abbrev  0x0000240a      0x2b9 Step_1 THUMB Debug/newlib_interface.o
 .debug_abbrev  0x000026c3      0x12b Step_1 THUMB Debug/panic.o
 .debug_abbrev  0x000027ee      0x12c Step_1 THUMB Debug/runtime.o
 .debug_abbrev  0x0000291a      0x20e Step_1 THUMB Debug/runtime_init.o
 .debug_abbrev  0x00002b28      0x266 Step_1 THUMB Debug/runtime_init_clocks.o
 .debug_abbrev  0x00002d8e      0x3a7 Step_1 THUMB Debug/stdio.o
 .debug_abbrev  0x00003135      0x31f Step_1 THUMB Debug/stdio_uart.o
 .debug_abbrev  0x00003454      0x11e Step_1 THUMB Debug/unique_id.o
 .debug_abbrev  0x00003572      0x10b Step_1 THUMB Debug/xosc.o
 .debug_abbrev  0x0000367d      0x3c9 Step_1 THUMB Debug/blink.o
 .debug_abbrev  0x00003a46       0x14 Step_1 THUMB Debug/RP2040_Boot.o
 .debug_abbrev  0x00003a5a       0x14 Step_1 THUMB Debug/RP2040_VectorsSDK.o
 .debug_abbrev  0x00003a6e       0x12 Step_1 THUMB Debug/thumb_crt0.o
 .debug_abbrev  0x00003a80       0x12 Step_1 THUMB Debug/RP2040_Startup.o

.debug_pubnames
                0x00000000     0x7a18
 .debug_pubnames
                0x00000000      0x1fc Step_1 THUMB Debug/system_RP2040.o
 .debug_pubnames
                0x000001fc      0x6a0 Step_1 THUMB Debug/clocks.o
 .debug_pubnames
                0x0000089c      0x28b Step_1 THUMB Debug/pll.o
 .debug_pubnames
                0x00000b27       0x76 Step_1 THUMB Debug/ticks.o
 .debug_pubnames
                0x00000b9d      0x1b4 Step_1 THUMB Debug/claim.o
 .debug_pubnames
                0x00000d51       0x37 Step_1 THUMB Debug/lock_core.o
 .debug_pubnames
                0x00000d88      0x5f9 Step_1 THUMB Debug/mutex.o
 .debug_pubnames
                0x00001381      0xe3d Step_1 THUMB Debug/time.o
 .debug_pubnames