Archive member included to satisfy reference by file (symbol)

E:/Programme/CrossWorks for ARM 5.3/lib/libc_v6m_t_le_eabi.a(libc.o)
                              InitialProject THUMB Debug/pio.o (__ctzsi2)
E:/Programme/CrossWorks for ARM 5.3/lib/libc_v6m_t_le_eabi.a(libc_asm.o)
                              InitialProject THUMB Debug/clocks.o (__aeabi_uldivmod)
E:/Programme/CrossWorks for ARM 5.3/lib/libc_v6m_t_le_eabi.a(libc2.o)
                              InitialProject THUMB Debug/time.o (malloc)
E:/Programme/CrossWorks for ARM 5.3/lib/libc_v6m_t_le_eabi.a(libc2_asm.o)
                              InitialProject THUMB Debug/runtime_init.o (memcpy)
E:/Programme/CrossWorks for ARM 5.3/lib/libc_v6m_t_le_eabi.a(libvfprintf.o)
                              (__vfprintf_float_long_long)
E:/Programme/CrossWorks for ARM 5.3/lib/libc_v6m_t_le_eabi.a(libvfscanf.o)
                              (__vfscanf_float_long_long_cc)
E:/Programme/CrossWorks for ARM 5.3/lib/libdebugio_v6m_t_le_eabi.a(libdebugio_asm.o)
                              E:/Programme/CrossWorks for ARM 5.3/lib/libc_v6m_t_le_eabi.a(libc2.o) (__getchar)
E:/Programme/CrossWorks for ARM 5.3/lib/libdebugio_v6m_t_le_eabi.a(mempoll_debug_operations.o)
                              (__do_debug_operation_mempoll)
E:/Programme/CrossWorks for ARM 5.3/lib/libdebugio_v6m_t_le_eabi.a(libdebugio.o)
                              E:/Programme/CrossWorks for ARM 5.3/lib/libdebugio_v6m_t_le_eabi.a(libdebugio_asm.o) (debug_fopen)
E:/Programme/CrossWorks for ARM 5.3/lib/libdebugio_v6m_t_le_eabi.a(do_nv_debug_operation.o)
                              E:/Programme/CrossWorks for ARM 5.3/lib/libdebugio_v6m_t_le_eabi.a(libdebugio.o) (__do_nvdebug_operation)
E:/Programme/CrossWorks for ARM 5.3/lib/libm_v6m_t_le_eabi.a(libm_asm.o)
                              E:/Programme/CrossWorks for ARM 5.3/lib/libc_v6m_t_le_eabi.a(libc2.o) (__aeabi_i2f)
E:/Programme/CrossWorks for ARM 5.3/lib/libm_v6m_t_le_eabi.a(libm2.o)
                              E:/Programme/CrossWorks for ARM 5.3/lib/libc_v6m_t_le_eabi.a(libvfprintf.o) (frexp)
E:/Programme/CrossWorks for ARM 5.3/lib/libm_v6m_t_le_eabi.a(libm2_asm.o)
                              E:/Programme/CrossWorks for ARM 5.3/lib/libm_v6m_t_le_eabi.a(libm2.o) (fabs)

Discarded input sections

 .group         0x00000000        0xc InitialProject THUMB Debug/system_RP2040.o
 .group         0x00000000        0xc InitialProject THUMB Debug/system_RP2040.o
 .group         0x00000000        0xc InitialProject THUMB Debug/system_RP2040.o
 .group         0x00000000        0xc InitialProject THUMB Debug/system_RP2040.o
 .group         0x00000000        0xc InitialProject THUMB Debug/system_RP2040.o
 .group         0x00000000        0xc InitialProject THUMB Debug/system_RP2040.o
 .group         0x00000000        0xc InitialProject THUMB Debug/system_RP2040.o
 .group         0x00000000        0xc InitialProject THUMB Debug/system_RP2040.o
 .group         0x00000000        0xc InitialProject THUMB Debug/system_RP2040.o
 .group         0x00000000        0xc InitialProject THUMB Debug/system_RP2040.o
 .group         0x00000000        0xc InitialProject THUMB Debug/system_RP2040.o
 .group         0x00000000        0xc InitialProject THUMB Debug/system_RP2040.o
 .group         0x00000000        0xc InitialProject THUMB Debug/system_RP2040.o
 .group         0x00000000        0xc InitialProject THUMB Debug/system_RP2040.o
 .group         0x00000000        0xc InitialProject THUMB Debug/system_RP2040.o
 .group         0x00000000        0xc InitialProject THUMB Debug/system_RP2040.o
 .group         0x00000000        0xc InitialProject THUMB Debug/system_RP2040.o
 .group         0x00000000        0xc InitialProject THUMB Debug/system_RP2040.o
 .group         0x00000000        0xc InitialProject THUMB Debug/system_RP2040.o
 .group         0x00000000        0xc InitialProject THUMB Debug/system_RP2040.o
 .group         0x00000000        0xc InitialProject THUMB Debug/system_RP2040.o
 .group         0x00000000        0xc InitialProject THUMB Debug/system_RP2040.o
 .group         0x00000000        0xc InitialProject THUMB Debug/system_RP2040.o
 .group         0x00000000        0xc InitialProject THUMB Debug/system_RP2040.o
 .group         0x00000000        0xc InitialProject THUMB Debug/system_RP2040.o
 .group         0x00000000        0xc InitialProject THUMB Debug/system_RP2040.o
 .group         0x00000000        0xc InitialProject THUMB Debug/system_RP2040.o
 .group         0x00000000        0xc InitialProject THUMB Debug/system_RP2040.o
 .group         0x00000000        0xc InitialProject THUMB Debug/system_RP2040.o
 .group         0x00000000        0xc InitialProject THUMB Debug/system_RP2040.o
 .group         0x00000000        0xc InitialProject THUMB Debug/system_RP2040.o
 .group         0x00000000        0xc InitialProject THUMB Debug/system_RP2040.o
 .group         0x00000000        0xc InitialProject THUMB Debug/system_RP2040.o
[...]
Memory Configuration

Name             Origin             Length             Attributes
UNPLACED_SECTIONS 0x00000000         0x00000000         xw
SCRATCH_Y        0x20041000         0x00001000         xw
SCRATCH_X        0x20040000         0x00001000         xw
RAM              0x20000000         0x00040000         xw
FLASH            0x10000000         0x01000000         xr
*default*        0x00000000         0xffffffff

Linker script and memory map

                0x20041000                        __SCRATCH_Y_segment_start__ = 0x20041000
                0x20042000                        __SCRATCH_Y_segment_end__ = 0x20042000
                0x00001000                        __SCRATCH_Y_segment_size__ = 0x1000
                0x20040000                        __SCRATCH_X_segment_start__ = 0x20040000
                0x20041000                        __SCRATCH_X_segment_end__ = 0x20041000
                0x00001000                        __SCRATCH_X_segment_size__ = 0x1000
                0x20000000                        __RAM_segment_start__ = 0x20000000
                0x20040000                        __RAM_segment_end__ = 0x20040000
                0x00040000                        __RAM_segment_size__ = 0x40000
                0x10000000                        __FLASH_segment_start__ = 0x10000000
                0x11000000                        __FLASH_segment_end__ = 0x11000000
                0x01000000                        __FLASH_segment_size__ = 0x1000000
                0x00000100                        __HEAPSIZE__ = 0x100
                0x00000000                        __STACKSIZE_ABT__ = 0x0
                0x00000000                        __STACKSIZE_FIQ__ = 0x0
                0x00000000                        __STACKSIZE_IRQ__ = 0x0
                0x00000000                        __STACKSIZE_PROCESS__ = 0x0
                0x00000000                        __STACKSIZE_SVC__ = 0x0
                0x00000000                        __STACKSIZE_UND__ = 0x0
                0x00000100                        __STACKSIZE__ = 0x100
                0x100040a8                        __do_debug_operation = __do_debug_operation_mempoll
                0x10002f24                        __vfprintf = __vfprintf_float_long_long
                0x00000000                        __vfscanf = __vfscanf_float_long_long_cc
                0x10000000                        __boot_load_start__ = ALIGN (__FLASH_segment_start__, 0x4)

.boot           0x10000000      0x100
                0x10000000                        __boot_start__ = .
 *(.boot .boot.*)
 .boot          0x10000000       0xf0 InitialProject THUMB Debug/RP2040_Boot.o
                0x10000000                _stage2_boot
                0x100000bc                read_flash_sreg
                0x100000cc                literals
                0x10000100                        . = ALIGN (MAX ((__boot_start__ + 0x100), .), 0x4)
 *fill*         0x100000f0       0x10 
                0x10000100                        __boot_end__ = (__boot_start__ + SIZEOF (.boot))
                0x00000100                        __boot_size__ = SIZEOF (.boot)
                0x10000100                        __boot_load_end__ = __boot_end__
                0x00000001                        . = ASSERT (((__boot_start__ == __boot_end__) || ((__boot_end__ - __FLASH_segment_start__) <= __FLASH_segment_size__)), error: .boot is too large to fit in FLASH memory segment)
                0x00000001                        . = ASSERT ((0x100 == ALIGN (0x100, 0x4)), error: .boot section size does not match alignment)
                0x00000001                        . = ASSERT ((__boot_size__ <= 0x100), error: .boot section is larger than specified size)
                0x10000100                        __vectors_load_start__ = ALIGN (__boot_end__, 0x100)

.vectors        0x10000100       0xd4
                0x10000100                        __vectors_start__ = .
 *(.vectors .vectors.*)
 .vectors       0x10000100       0xd4 InitialProject THUMB Debug/RP2040_VectorsSDK.o
                0x10000100                __vectors
                0x100001c0                __unhandled_user_irq
                0x100001c0                isr_irq13
                0x100001c0                isr_irq27
                0x100001c0                isr_irq31
                0x100001c0                isr_irq12
                0x100001c0                isr_irq5
                0x100001c0                isr_irq11
                0x100001c0                isr_irq3
                0x100001c0                isr_irq23
                0x100001c0                isr_irq18
                0x100001c0                isr_irq26
                0x100001c0                isr_irq28
                0x100001c0                isr_irq19
                0x100001c0                isr_irq0
                0x100001c0                isr_irq6
                0x100001c0                isr_irq29
                0x100001c0                isr_irq16
                0x100001c0                isr_irq22
                0x100001c0                isr_irq30
                0x100001c0                isr_irq17
                0x100001c0                isr_irq14
                0x100001c0                __vectors_end
                0x100001c0                __default_isrs_start
                0x100001c0                isr_irq2
                0x100001c0                isr_irq10
                0x100001c0                isr_irq8
                0x100001c0                isr_irq24
                0x100001c0                isr_irq1
                0x100001c0                isr_irq7
                0x100001c0                isr_irq21
                0x100001c0                isr_irq20
                0x100001c0                isr_irq15
                0x100001c0                isr_irq25
                0x100001c0                isr_irq4
                0x100001c0                isr_irq9
                0x100001c6                unhandled_user_irq_num_in_r0
                0x100001c8                isr_invalid
                0x100001ca                isr_nmi
                0x100001cc                isr_hardfault
                0x100001ce                isr_svcall
                0x100001d0                isr_pendsv
                0x100001d2                isr_systick
                0x100001d4                __default_isrs_end
                0x100001d4                        __vectors_end__ = (__vectors_start__ + SIZEOF (.vectors))
                0x000000d4                        __vectors_size__ = SIZEOF (.vectors)
                0x100001d4                        __vectors_load_end__ = __vectors_end__
                0x00000001                        . = ASSERT (((__vectors_start__ == __vectors_end__) || ((__vectors_end__ - __FLASH_segment_start__) <= __FLASH_segment_size__)), error: .vectors is too large to fit in FLASH memory segment)
                0x100001d4                        __init_load_start__ = ALIGN (__vectors_end__, 0x4)

.init           0x100001d4      0x2dc
                0x100001d4                        __init_start__ = .
 *(.init .init.*)
 .init.tight_loop_contents
                0x100001d4        0x4 InitialProject THUMB Debug/system_RP2040.o
 .init.hw_set_bits
                0x100001d8       0x1a InitialProject THUMB Debug/system_RP2040.o
 .init.hw_clear_bits
                0x100001f2       0x1a InitialProject THUMB Debug/system_RP2040.o
 .init.reset_block_reg_mask
                0x1000020c       0x1a InitialProject THUMB Debug/system_RP2040.o
 .init.unreset_block_reg_mask_wait_blocking
                0x10000226       0x30 InitialProject THUMB Debug/system_RP2040.o
 *fill*         0x10000256        0x2 
 .init.reset_block_mask
                0x10000258       0x1c InitialProject THUMB Debug/system_RP2040.o
 .init.unreset_block_mask_wait_blocking
                0x10000274       0x20 InitialProject THUMB Debug/system_RP2040.o
 .init.reset_block
                0x10000294       0x14 InitialProject THUMB Debug/system_RP2040.o
 .init.unreset_block_wait
                0x100002a8       0x12 InitialProject THUMB Debug/system_RP2040.o
 *fill*         0x100002ba        0x2 
 .init.SystemCoreClockUpdate
                0x100002bc       0x18 InitialProject THUMB Debug/system_RP2040.o
                0x100002bc                SystemCoreClockUpdate
 .init.SystemInit
                0x100002d4       0x34 InitialProject THUMB Debug/system_RP2040.o
                0x100002d4                SystemInit
 .init          0x10000308       0x20 InitialProject THUMB Debug/RP2040_Startup.o
                0x10000308                Reset_Handler
 .init          0x10000328      0x188 InitialProject THUMB Debug/thumb_crt0.o
                0x10000328                _start
                0x100003e0                _Exit
                0x100004b0                        __init_end__ = (__init_start__ + SIZEOF (.init))
                0x000002dc                        __init_size__ = SIZEOF (.init)
                0x100004b0                        __init_load_end__ = __init_end__
                0x00000001                        . = ASSERT (((__init_start__ == __init_end__) || ((__init_end__ - __FLASH_segment_start__) <= __FLASH_segment_size__)), error: .init is too large to fit in FLASH memory segment)
                0x100004b0                        __init_rodata_load_start__ = ALIGN (__init_end__, 0x4)

.init_rodata    0x100004b0        0x0
                0x100004b0                        __init_rodata_start__ = .
 *(.init_rodata .init_rodata.*)
                0x100004b0                        __init_rodata_end__ = (__init_rodata_start__ + SIZEOF (.init_rodata))
                0x00000000                        __init_rodata_size__ = SIZEOF (.init_rodata)
                0x100004b0                        __init_rodata_load_end__ = __init_rodata_end__
                0x00000001                        . = ASSERT (((__init_rodata_start__ == __init_rodata_end__) || ((__init_rodata_end__ - __FLASH_segment_start__) <= __FLASH_segment_size__)), error: .init_rodata is too large to fit in FLASH memory segment)
                0x100004b0                        __reset_load_start__ = ALIGN (__init_rodata_end__, 0x4)

.reset          0x100004b0        0x0
                0x100004b0                        __reset_start__ = .
 *(.reset .reset.*)
                0x100004b0                        __reset_end__ = (__reset_start__ + SIZEOF (.reset))
                0x00000000                        __reset_size__ = SIZEOF (.reset)
                0x100004b0                        __reset_load_end__ = __reset_end__
                0x00000001                        . = ASSERT (((__reset_start__ == __reset_end__) || ((__reset_end__ - __FLASH_segment_start__) <= __FLASH_segment_size__)), error: .reset is too large to fit in FLASH memory segment)
                0x100004b0                        __text_load_start__ = ALIGN (__reset_end__, 0x4)

.text           0x100004b0     0x4608
                0x100004b0                        __text_start__ = .
 *(.text .text.* .gnu.linkonce.t.* .glue_7t .glue_7 .gcc_except_table .ARM.extab* .gnu.linkonce.armextab.*)
 .glue_7        0x100004b0        0x0 linker stubs
 .glue_7t       0x100004b0        0x0 linker stubs
 .text.tight_loop_contents
                0x100004b0        0x4 InitialProject THUMB Debug/clocks.o
 .text.busy_wait_at_least_cycles
                0x100004b4       0x12 InitialProject THUMB Debug/clocks.o
 .text.hw_set_bits
                0x100004c6       0x1a InitialProject THUMB Debug/clocks.o
 .text.hw_clear_bits
                0x100004e0       0x1a InitialProject THUMB Debug/clocks.o
 .text.hw_xor_bits
                0x100004fa       0x1a InitialProject THUMB Debug/clocks.o
 .text.hw_write_masked
                0x10000514       0x26 InitialProject THUMB Debug/clocks.o
 .text.has_glitchless_mux
                0x1000053a       0x32 InitialProject THUMB Debug/clocks.o
 .text.clock_configure_internal
                0x1000056c      0x124 InitialProject THUMB Debug/clocks.o
 .text.clock_configure_int_divider
                0x10000690       0x3c InitialProject THUMB Debug/clocks.o
                0x10000690                clock_configure_int_divider
 .text.clock_configure_undivided
                0x100006cc       0x30 InitialProject THUMB Debug/clocks.o
                0x100006cc                clock_configure_undivided
 .text.clock_get_hz
                0x100006fc       0x20 InitialProject THUMB Debug/clocks.o
                0x100006fc                clock_get_hz
 .text.clock_set_reported_hz
                0x1000071c       0x24 InitialProject THUMB Debug/clocks.o
                0x1000071c                clock_set_reported_hz
 .text.tight_loop_contents
                0x10000740        0x4 InitialProject THUMB Debug/pll.o
 .text.hw_set_bits
                0x10000744       0x1a InitialProject THUMB Debug/pll.o
 .text.hw_clear_bits
                0x1000075e       0x1a InitialProject THUMB Debug/pll.o
 .text.reset_block_reg_mask
                0x10000778       0x1a InitialProject THUMB Debug/pll.o
 .text.unreset_block_reg_mask_wait_blocking
                0x10000792       0x30 InitialProject THUMB Debug/pll.o
 *fill*         0x100007c2        0x2 
 .text.reset_unreset_block_num_wait_blocking
                0x100007c4       0x38 InitialProject THUMB Debug/pll.o
 .text.pll_init
                0x100007fc      0x154 InitialProject THUMB Debug/pll.o
                0x100007fc                pll_init
 .text.tick_start
                0x10000950       0x24 InitialProject THUMB Debug/ticks.o
                0x10000950                tick_start
 .text.tight_loop_contents
                0x10000974        0x4 InitialProject THUMB Debug/claim.o
 .text.__dmb    0x10000978        0x8 InitialProject THUMB Debug/claim.o
 .text.__mem_fence_acquire
                0x10000980        0xa InitialProject THUMB Debug/claim.o
 .text.__mem_fence_release
                0x1000098a        0xa InitialProject THUMB Debug/claim.o
 .text.save_and_disable_interrupts
                0x10000994       0x12 InitialProject THUMB Debug/claim.o
 .text.restore_interrupts_from_disabled
                0x100009a6       0x10 InitialProject THUMB Debug/claim.o
 *fill*         0x100009b6        0x2 
 .text.spin_lock_instance
                0x100009b8       0x18 InitialProject THUMB Debug/claim.o
 .text.spin_lock_unsafe_blocking
                0x100009d0       0x24 InitialProject THUMB Debug/claim.o
 .text.spin_unlock_unsafe
                0x100009f4       0x16 InitialProject THUMB Debug/claim.o
 .text.spin_lock_blocking
                0x10000a0a       0x1e InitialProject THUMB Debug/claim.o
 .text.spin_unlock
                0x10000a28       0x1e InitialProject THUMB Debug/claim.o
 .text.hw_claim_lock
                0x10000a46       0x16 InitialProject THUMB Debug/claim.o
                0x10000a46                hw_claim_lock
 .text.hw_claim_unlock
                0x10000a5c       0x1e InitialProject THUMB Debug/claim.o
                0x10000a5c                hw_claim_unlock
 .text.hw_is_claimed
                0x10000a7a       0x2c InitialProject THUMB Debug/claim.o
                0x10000a7a                hw_is_claimed
 .text.hw_claim_or_assert
                0x10000aa6       0x62 InitialProject THUMB Debug/claim.o
                0x10000aa6                hw_claim_or_assert
 .text.spin_lock_instance
                0x10000b08       0x18 InitialProject THUMB Debug/lock_core.o
 .text.lock_init
                0x10000b20       0x1c InitialProject THUMB Debug/lock_core.o
                0x10000b20                lock_init
 .text.tight_loop_contents
                0x10000b3c        0x4 InitialProject THUMB Debug/mutex.o
 .text.get_core_num
                0x10000b40        0xa InitialProject THUMB Debug/mutex.o
 .text.__sev    0x10000b4a        0x6 InitialProject THUMB Debug/mutex.o
 .text.__dmb    0x10000b50        0x8 InitialProject THUMB Debug/mutex.o
 .text.__mem_fence_acquire
                0x10000b58        0xa InitialProject THUMB Debug/mutex.o
 .text.__mem_fence_release
                0x10000b62        0xa InitialProject THUMB Debug/mutex.o
 .text.save_and_disable_interrupts
                0x10000b6c       0x12 InitialProject THUMB Debug/mutex.o
 .text.restore_interrupts_from_disabled
                0x10000b7e       0x10 InitialProject THUMB Debug/mutex.o
 .text.spin_lock_unsafe_blocking
                0x10000b8e       0x24 InitialProject THUMB Debug/mutex.o
 .text.spin_unlock_unsafe
                0x10000bb2       0x16 InitialProject THUMB Debug/mutex.o
 .text.spin_lock_blocking
                0x10000bc8       0x1e InitialProject THUMB Debug/mutex.o
 .text.spin_unlock
                0x10000be6       0x1e InitialProject THUMB Debug/mutex.o
 .text.runtime_init_mutex
                0x10000c04       0x6c InitialProject THUMB Debug/mutex.o
                0x10000c04                runtime_init_mutex
 .text.mutex_init
                0x10000c70       0x26 InitialProject THUMB Debug/mutex.o
                0x10000c70                mutex_init
 .text.recursive_mutex_init
                0x10000c96       0x2c InitialProject THUMB Debug/mutex.o
                0x10000c96                recursive_mutex_init
 .text.to_us_since_boot
                0x10000cc2       0x12 InitialProject THUMB Debug/time.o
 .text.update_us_since_boot
                0x10000cd4       0x18 InitialProject THUMB Debug/time.o
 .text.__compiler_memory_barrier
                0x10000cec        0x4 InitialProject THUMB Debug/time.o
 .text.tight_loop_contents
                0x10000cf0        0x4 InitialProject THUMB Debug/time.o
 .text.get_core_num
                0x10000cf4        0xa InitialProject THUMB Debug/time.o
 .text.__get_current_exception
                0x10000cfe       0x10 InitialProject THUMB Debug/time.o
 .text.hw_set_bits
                0x10000d0e       0x1a InitialProject THUMB Debug/time.o
 .text.hw_clear_bits
                0x10000d28       0x1a InitialProject THUMB Debug/time.o
 .text.check_hardware_alarm_num_param
                0x10000d42        0xa InitialProject THUMB Debug/time.o
 .text.timer_time_us_32
                0x10000d4c        0xe InitialProject THUMB Debug/time.o
 .text.timer_time_reached
                0x10000d5a       0x5e InitialProject THUMB Debug/time.o
 .text.time_reached
                0x10000db8       0x20 InitialProject THUMB Debug/time.o
 .text.timer_hardware_alarm_get_irq_num
                0x10000dd8       0x18 InitialProject THUMB Debug/time.o
 .text.timer_get_index
                0x10000df0        0xc InitialProject THUMB Debug/time.o
 .text.timer_get_instance
                0x10000dfc       0x10 InitialProject THUMB Debug/time.o
 .text.get_absolute_time
                0x10000e0c       0x20 InitialProject THUMB Debug/time.o
 .text.delayed_by_us
                0x10000e2c       0x60 InitialProject THUMB Debug/time.o
 .text.make_timeout_time_us
                0x10000e8c       0x20 InitialProject THUMB Debug/time.o
 .text.absolute_time_diff_us
                0x10000eac       0x3c InitialProject THUMB Debug/time.o
 .text.add_alarm_at
                0x10000ee8       0x2e InitialProject THUMB Debug/time.o
 .text.cancel_alarm
                0x10000f16       0x1e InitialProject THUMB Debug/time.o
 .text.__sev    0x10000f34        0x6 InitialProject THUMB Debug/time.o
 .text.__wfe    0x10000f3a        0x6 InitialProject THUMB Debug/time.o
 .text.__dmb    0x10000f40        0x8 InitialProject THUMB Debug/time.o
 .text.__mem_fence_acquire
                0x10000f48        0xa InitialProject THUMB Debug/time.o
 .text.__mem_fence_release
                0x10000f52        0xa InitialProject THUMB Debug/time.o
 .text.save_and_disable_interrupts
                0x10000f5c       0x12 InitialProject THUMB Debug/time.o
 .text.restore_interrupts_from_disabled
                0x10000f6e       0x10 InitialProject THUMB Debug/time.o
 *fill*         0x10000f7e        0x2 
 .text.spin_lock_instance
                0x10000f80       0x18 InitialProject THUMB Debug/time.o
 .text.spin_lock_unsafe_blocking
                0x10000f98       0x24 InitialProject THUMB Debug/time.o
 .text.spin_unlock_unsafe
                0x10000fbc       0x16 InitialProject THUMB Debug/time.o
 .text.spin_lock_blocking
                0x10000fd2       0x1e InitialProject THUMB Debug/time.o
 .text.spin_unlock
                0x10000ff0       0x1e InitialProject THUMB Debug/time.o
 *fill*         0x1000100e        0x2 
 .text.default_alarm_pool_initialized
                0x10001010       0x14 InitialProject THUMB Debug/time.o
 .text.ta_force_irq
                0x10001024       0x24 InitialProject THUMB Debug/time.o
 .text.ta_clear_force_irq
                0x10001048       0x24 InitialProject THUMB Debug/time.o
 .text.ta_clear_irq
                0x1000106c       0x16 InitialProject THUMB Debug/time.o
 .text.ta_from_current_irq
                0x10001082       0x30 InitialProject THUMB Debug/time.o
 .text.ta_set_timeout
                0x100010b2       0x5a InitialProject THUMB Debug/time.o
 .text.ta_wakes_up_on_or_before
                0x1000110c       0x6a InitialProject THUMB Debug/time.o
 .text.ta_time_us_64
                0x10001176       0x1a InitialProject THUMB Debug/time.o
 .text.ta_enable_irq_handler
                0x10001190       0x56 InitialProject THUMB Debug/time.o
 .text.ta_hardware_alarm_claim
                0x100011e6       0x1a InitialProject THUMB Debug/time.o
 .text.ta_timer_num
                0x10001200       0x16 InitialProject THUMB Debug/time.o
 *fill*         0x10001216        0x2 
 .text.ta_default_timer_instance
                0x10001218        0xc InitialProject THUMB Debug/time.o
 .text.alarm_index
                0x10001224       0x10 InitialProject THUMB Debug/time.o
 .text.alarm_sequence
                0x10001234        0xe InitialProject THUMB Debug/time.o
 .text.make_alarm_id
                0x10001242       0x1e InitialProject THUMB Debug/time.o
 .text.runtime_init_default_alarm_pool
                0x10001260       0x4c InitialProject THUMB Debug/time.o
                0x10001260                runtime_init_default_alarm_pool
 .text.alarm_pool_init_default
                0x100012ac        0xa InitialProject THUMB Debug/time.o
                0x100012ac                alarm_pool_init_default
 *fill*         0x100012b6        0x2 
 .text.alarm_pool_get_default
                0x100012b8       0x28 InitialProject THUMB Debug/time.o
                0x100012b8                alarm_pool_get_default
 .text.alarm_pool_irq_handler
                0x100012e0      0x47c InitialProject THUMB Debug/time.o
 .text.alarm_pool_post_alloc_init
                0x1000175c       0xc4 InitialProject THUMB Debug/time.o
 .text.alarm_pool_add_alarm_at
                0x10001820       0x56 InitialProject THUMB Debug/time.o
                0x10001820                alarm_pool_add_alarm_at
 .text.alarm_pool_add_alarm_at_force_in_context
                0x10001876      0x124 InitialProject THUMB Debug/time.o
                0x10001876                alarm_pool_add_alarm_at_force_in_context
 *fill*         0x1000199a        0x2 
 .text.alarm_pool_cancel_alarm
                0x1000199c       0xd0 InitialProject THUMB Debug/time.o
                0x1000199c                alarm_pool_cancel_alarm
 .text.sleep_until_callback
                0x10001a6c       0x38 InitialProject THUMB Debug/time.o
 .text.sleep_until
                0x10001aa4       0xe0 InitialProject THUMB Debug/time.o
                0x10001aa4                sleep_until
 .text.sleep_us
                0x10001b84       0x26 InitialProject THUMB Debug/time.o
                0x10001b84                sleep_us
 .text.sleep_ms
                0x10001baa       0x2e InitialProject THUMB Debug/time.o
                0x10001baa                sleep_ms
 .text.best_effort_wfe_or_timeout
                0x10001bd8       0xd4 InitialProject THUMB Debug/time.o
                0x10001bd8                best_effort_wfe_or_timeout
 .text.alarm_pool_get_default_timer
                0x10001cac        0xc InitialProject THUMB Debug/time.o
                0x10001cac                alarm_pool_get_default_timer
 .text.hw_xor_bits
                0x10001cb8       0x1a InitialProject THUMB Debug/gpio.o
 .text.hw_write_masked
                0x10001cd2       0x26 InitialProject THUMB Debug/gpio.o
 .text.check_gpio_param
                0x10001cf8        0xa InitialProject THUMB Debug/gpio.o
 .text.gpio_set_mask
                0x10001d02       0x12 InitialProject THUMB Debug/gpio.o
 .text.gpio_clr_mask
                0x10001d14       0x12 InitialProject THUMB Debug/gpio.o
 .text.gpio_put
                0x10001d26       0x3a InitialProject THUMB Debug/gpio.o
 .text.gpio_set_dir_out_masked
                0x10001d60       0x12 InitialProject THUMB Debug/gpio.o
 .text.gpio_set_dir_in_masked
                0x10001d72       0x12 InitialProject THUMB Debug/gpio.o
 .text.gpio_set_dir
                0x10001d84       0x3a InitialProject THUMB Debug/gpio.o
 *fill*         0x10001dbe        0x2 
 .text.gpio_set_function
                0x10001dc0       0x4c InitialProject THUMB Debug/gpio.o
                0x10001dc0                gpio_set_function
 .text.gpio_init
                0x10001e0c       0x2a InitialProject THUMB Debug/gpio.o
                0x10001e0c                gpio_init
 .text.tight_loop_contents
                0x10001e36        0x4 InitialProject THUMB Debug/irq.o
 .text.check_irq_param
                0x10001e3a        0xa InitialProject THUMB Debug/irq.o
 .text.__dmb    0x10001e44        0x8 InitialProject THUMB Debug/irq.o
 .text.__mem_fence_acquire
                0x10001e4c        0xa InitialProject THUMB Debug/irq.o
 .text.__mem_fence_release
                0x10001e56        0xa InitialProject THUMB Debug/irq.o
 .text.save_and_disable_interrupts
                0x10001e60       0x12 InitialProject THUMB Debug/irq.o
 .text.restore_interrupts_from_disabled
                0x10001e72       0x10 InitialProject THUMB Debug/irq.o
 *fill*         0x10001e82        0x2 
 .text.spin_lock_instance
                0x10001e84       0x18 InitialProject THUMB Debug/irq.o
 .text.spin_lock_unsafe_blocking
                0x10001e9c       0x24 InitialProject THUMB Debug/irq.o
 .text.spin_unlock_unsafe
                0x10001ec0       0x16 InitialProject THUMB Debug/irq.o
 .text.spin_lock_blocking
                0x10001ed6       0x1e InitialProject THUMB Debug/irq.o
 .text.spin_unlock
                0x10001ef4       0x1e InitialProject THUMB Debug/irq.o
 *fill*         0x10001f12        0x2 
 .text.get_vtable
                0x10001f14        0xc InitialProject THUMB Debug/irq.o
 .text.irq_set_enabled
                0x10001f20       0x38 InitialProject THUMB Debug/irq.o
                0x10001f20                irq_set_enabled
 .text.irq_set_mask_n_enabled_internal
                0x10001f58       0x3c InitialProject THUMB Debug/irq.o
 .text.irq_set_mask_n_enabled
                0x10001f94       0x24 InitialProject THUMB Debug/irq.o
                0x10001f94                irq_set_mask_n_enabled
 .text.set_raw_irq_handler_and_unlock
                0x10001fb8       0x38 InitialProject THUMB Debug/irq.o
 .text.irq_get_vtable_handler
                0x10001ff0       0x24 InitialProject THUMB Debug/irq.o
                0x10001ff0                irq_get_vtable_handler
 .text.irq_set_exclusive_handler
                0x10002014       0x6c InitialProject THUMB Debug/irq.o
                0x10002014                irq_set_exclusive_handler
 .text.nvic_ipr0
                0x10002080        0xc InitialProject THUMB Debug/irq.o
 .text.runtime_init_per_core_irq_priorities
                0x1000208c       0x38 InitialProject THUMB Debug/irq.o
                0x1000208c                runtime_init_per_core_irq_priorities
 .text.next_striped_spin_lock_num
                0x100020c4       0x2c InitialProject THUMB Debug/sync.o
                0x100020c4                next_striped_spin_lock_num
 .text.__dmb    0x100020f0        0x8 InitialProject THUMB Debug/sync_spin_lock.o
 .text.__mem_fence_release
                0x100020f8        0xa InitialProject THUMB Debug/sync_spin_lock.o
 *fill*         0x10002102        0x2 
 .text.spin_lock_instance
                0x10002104       0x18 InitialProject THUMB Debug/sync_spin_lock.o
 .text.spin_unlock_unsafe
                0x1000211c       0x16 InitialProject THUMB Debug/sync_spin_lock.o
 .text.spin_locks_reset
                0x10002132       0x2e InitialProject THUMB Debug/sync_spin_lock.o
                0x10002132                spin_locks_reset
 .text.to_us_since_boot
                0x10002160       0x12 InitialProject THUMB Debug/timer.o
 .text.tight_loop_contents
                0x10002172        0x4 InitialProject THUMB Debug/timer.o
 .text.check_hardware_alarm_num_param
                0x10002176        0xa InitialProject THUMB Debug/timer.o
 .text.timer_get_index
                0x10002180        0xc InitialProject THUMB Debug/timer.o
 .text.timer_hardware_alarm_claim
                0x1000218c       0x38 InitialProject THUMB Debug/timer.o
                0x1000218c                timer_hardware_alarm_claim
 .text.timer_time_us_64
                0x100021c4       0x56 InitialProject THUMB Debug/timer.o
                0x100021c4                timer_time_us_64
 .text.timer_busy_wait_until
                0x1000221a       0x68 InitialProject THUMB Debug/timer.o
                0x1000221a                timer_busy_wait_until
 *fill*         0x10002282        0x2 
 .text.time_us_64
                0x10002284       0x18 InitialProject THUMB Debug/timer.o
                0x10002284                time_us_64
 .text.busy_wait_until
                0x1000229c       0x20 InitialProject THUMB Debug/timer.o
                0x1000229c                busy_wait_until
 .text.__breakpoint
                0x100022bc        0x6 InitialProject THUMB Debug/newlib_interface.o
 .text.__get_current_exception
                0x100022c2       0x10 InitialProject THUMB Debug/newlib_interface.o
 .text._exit    0x100022d2        0xc InitialProject THUMB Debug/newlib_interface.o
                0x100022d2                _exit
 *fill*         0x100022de        0x2 
 .text.runtime_init
                0x100022e0       0x40 InitialProject THUMB Debug/newlib_interface.o
                0x100022e0                runtime_init
 .text.panic    0x10002320       0x3c InitialProject THUMB Debug/panic.o
                0x10002320                panic
 .text.runtime_run_initializers_from
                0x1000235c       0x30 InitialProject THUMB Debug/runtime.o
 .text.runtime_run_initializers
                0x1000238c       0x14 InitialProject THUMB Debug/runtime.o
                0x1000238c                runtime_run_initializers
 .text.first_per_core_initializer
                0x100023a0        0x4 InitialProject THUMB Debug/runtime.o
 .text.tight_loop_contents
                0x100023a4        0x4 InitialProject THUMB Debug/runtime_init.o
 .text.hw_set_bits
                0x100023a8       0x1a InitialProject THUMB Debug/runtime_init.o
 .text.hw_clear_bits
                0x100023c2       0x1a InitialProject THUMB Debug/runtime_init.o
 .text.reset_block_reg_mask
                0x100023dc       0x1a InitialProject THUMB Debug/runtime_init.o
 .text.unreset_block_reg_mask_wait_blocking
                0x100023f6       0x30 InitialProject THUMB Debug/runtime_init.o
 *fill*         0x10002426        0x2 
 .text.reset_block_mask
                0x10002428       0x1c InitialProject THUMB Debug/runtime_init.o
 .text.unreset_block_mask_wait_blocking
                0x10002444       0x20 InitialProject THUMB Debug/runtime_init.o
 .text.runtime_init_early_resets
                0x10002464       0x20 InitialProject THUMB Debug/runtime_init.o
                0x10002464                runtime_init_early_resets
 .text.runtime_init_usb_power_down
                0x10002484       0x24 InitialProject THUMB Debug/runtime_init.o
                0x10002484                runtime_init_usb_power_down
 .text.runtime_init_post_clock_resets
                0x100024a8       0x14 InitialProject THUMB Debug/runtime_init.o
                0x100024a8                runtime_init_post_clock_resets
 .text.runtime_init_rp2040_gpio_ie_disable
                0x100024bc       0x24 InitialProject THUMB Debug/runtime_init.o
                0x100024bc                runtime_init_rp2040_gpio_ie_disable
 .text.runtime_init_spin_locks_reset
                0x100024e0        0xa InitialProject THUMB Debug/runtime_init.o
                0x100024e0                runtime_init_spin_locks_reset
 *fill*         0x100024ea        0x2 
 .text.runtime_init_install_ram_vector_table
                0x100024ec       0x64 InitialProject THUMB Debug/runtime_init.o
                0x100024ec                runtime_init_install_ram_vector_table
 .text.running_on_fpga
                0x10002550        0x6 InitialProject THUMB Debug/runtime_init_clocks.o
 .text.tight_loop_contents
                0x10002556        0x4 InitialProject THUMB Debug/runtime_init_clocks.o
 .text.hw_clear_bits
                0x1000255a       0x1a InitialProject THUMB Debug/runtime_init_clocks.o
 .text.start_all_ticks
                0x10002574       0x44 InitialProject THUMB Debug/runtime_init_clocks.o
 .text.runtime_init_clocks
                0x100025b8      0x124 InitialProject THUMB Debug/runtime_init_clocks.o
                0x100025b8                runtime_init_clocks
 .text.to_us_since_boot
                0x100026dc       0x12 InitialProject THUMB Debug/stdio.o
 .text.update_us_since_boot
                0x100026ee       0x18 InitialProject THUMB Debug/stdio.o
 .text.get_absolute_time
                0x10002706       0x20 InitialProject THUMB Debug/stdio.o
 *fill*         0x10002726        0x2 
 .text.delayed_by_ms
                0x10002728       0x78 InitialProject THUMB Debug/stdio.o
 .text.make_timeout_time_ms
                0x100027a0       0x1e InitialProject THUMB Debug/stdio.o
 *fill*         0x100027be        0x2 
 .text.stdout_serialize_begin
                0x100027c0       0x24 InitialProject THUMB Debug/stdio.o
                0x100027c0                stdout_serialize_begin
 .text.stdout_serialize_end
                0x100027e4       0x14 InitialProject THUMB Debug/stdio.o
                0x100027e4                stdout_serialize_end
 .text.stdio_out_chars_no_crlf
                0x100027f8       0x1c InitialProject THUMB Debug/stdio.o
 .text.stdio_out_chars_crlf
                0x10002814       0xec InitialProject THUMB Debug/stdio.o
 .text.stdio_put_string
                0x10002900       0xcc InitialProject THUMB Debug/stdio.o
                0x10002900                stdio_put_string
 .text.stdio_init_all
                0x100029cc       0x16 InitialProject THUMB Debug/stdio.o
                0x100029cc                stdio_init_all
 .text.__wrap_putchar
                0x100029e2       0x26 InitialProject THUMB Debug/stdio.o
                0x100029e2                __wrap_putchar
                0x100029e2                stdio_putchar
 .text.__wrap_printf
                0x10002a08       0x26 InitialProject THUMB Debug/stdio.o
                0x10002a08                __wrap_printf
                0x10002a08                stdio_printf
 .text.tight_loop_contents
                0x10002a2e        0x4 InitialProject THUMB Debug/xosc.o
 .text.hw_set_bits
                0x10002a32       0x1a InitialProject THUMB Debug/xosc.o
 .text.xosc_init
                0x10002a4c       0x3c InitialProject THUMB Debug/xosc.o
                0x10002a4c                xosc_init
 .text.gpio_set_mask
                0x10002a88       0x12 InitialProject THUMB Debug/blink.o
 .text.gpio_clr_mask
                0x10002a9a       0x12 InitialProject THUMB Debug/blink.o
 .text.gpio_put
                0x10002aac       0x3a InitialProject THUMB Debug/blink.o
 .text.gpio_set_dir_out_masked
                0x10002ae6       0x12 InitialProject THUMB Debug/blink.o
 .text.gpio_set_dir_in_masked
                0x10002af8       0x12 InitialProject THUMB Debug/blink.o
 .text.gpio_set_dir
                0x10002b0a       0x3a InitialProject THUMB Debug/blink.o
 .text.pico_led_init
                0x10002b44       0x16 InitialProject THUMB Debug/blink.o
                0x10002b44                pico_led_init
 .text.pico_set_led
                0x10002b5a       0x20 InitialProject THUMB Debug/blink.o
                0x10002b5a                pico_set_led
 *fill*         0x10002b7a        0x2 
 .text.main     0x10002b7c       0x5c InitialProject THUMB Debug/blink.o
                0x10002b7c                main
 .text.__aeabi_read_tp
                0x10002bd8        0x8 InitialProject THUMB Debug/thumb_crt0.o
                0x10002bd8                __aeabi_read_tp
 .text.__assert
                0x10002be0        0x2 InitialProject THUMB Debug/thumb_crt0.o
                0x10002be0                __assert
 .text.libc.__printf_lock
                0x10002be2        0x2 E:/Programme/CrossWorks for ARM 5.3/lib/libc_v6m_t_le_eabi.a(libc.o)
                0x10002be2                __printf_lock
 .text.libc.__printf_unlock
                0x10002be4        0x2 E:/Programme/CrossWorks for ARM 5.3/lib/libc_v6m_t_le_eabi.a(libc.o)
                0x10002be4                __printf_unlock
 *fill*         0x10002be6        0x2 
 .text.libc.__int64_udivmod
                0x10002be8       0xac E:/Programme/CrossWorks for ARM 5.3/lib/libc_v6m_t_le_eabi.a(libc_asm.o)
                0x10002c1e                __aeabi_uldivmod
                0x10002c1e                __int64_udiv
                0x10002c1e                __udivdi3
                0x10002c1e                __int64_udivmod
 .text.libc.muldi3
                0x10002c94       0x60 E:/Programme/CrossWorks for ARM 5.3/lib/libc_v6m_t_le_eabi.a(libc_asm.o)
                0x10002c94                __muldi3
                0x10002c94                __aeabi_lmul
 .text.libc.__int32_div
                0x10002cf4       0x3c E:/Programme/CrossWorks for ARM 5.3/lib/libc_v6m_t_le_eabi.a(libc_asm.o)
                0x10002cf4                __int32_div
                0x10002cf4                __divsi3
                0x10002cf4                __aeabi_idiv
 .text.libc.__uint32_div
                0x10002d30       0x28 E:/Programme/CrossWorks for ARM 5.3/lib/libc_v6m_t_le_eabi.a(libc_asm.o)
                0x10002d30                __uint32_div
                0x10002d30                __aeabi_uidiv
                0x10002d30                __udivsi3
 .text.libc.__aeabi_idivmod
                0x10002d58       0x40 E:/Programme/CrossWorks for ARM 5.3/lib/libc_v6m_t_le_eabi.a(libc_asm.o)
                0x10002d58                __aeabi_idivmod
 .text.libc.__RAL_pow10
                0x10002d98       0x50 E:/Programme/CrossWorks for ARM 5.3/lib/libc_v6m_t_le_eabi.a(libc2.o)
                0x10002d98                __RAL_pow10
 .text.libc.__putc
                0x10002de8       0x3c E:/Programme/CrossWorks for ARM 5.3/lib/libc_v6m_t_le_eabi.a(libc2.o)
                0x10002de8                __putc
 .text.libc.__RAL_print_padding
                0x10002e24       0x18 E:/Programme/CrossWorks for ARM 5.3/lib/libc_v6m_t_le_eabi.a(libc2.o)
                0x10002e24                __RAL_print_padding
 .text.libc.__RAL_pre_padding
                0x10002e3c       0x1e E:/Programme/CrossWorks for ARM 5.3/lib/libc_v6m_t_le_eabi.a(libc2.o)
                0x10002e3c                __RAL_pre_padding
 .text.libc.abs
                0x10002e5a        0x8 E:/Programme/CrossWorks for ARM 5.3/lib/libc_v6m_t_le_eabi.a(libc2.o)
                0x10002e5a                abs
 *fill*         0x10002e62        0x2 
 .text.libc.__aeabi_errno_addr
                0x10002e64       0x10 E:/Programme/CrossWorks for ARM 5.3/lib/libc_v6m_t_le_eabi.a(libc2.o)
                0x10002e64                __aeabi_errno_addr
 .text.libc.puts
                0x10002e74       0x34 E:/Programme/CrossWorks for ARM 5.3/lib/libc_v6m_t_le_eabi.a(libc2.o)
                0x10002e74                puts
 .text.libc.strnlen
                0x10002ea8       0x20 E:/Programme/CrossWorks for ARM 5.3/lib/libc_v6m_t_le_eabi.a(libc2.o)
                0x10002ea8                strnlen
 .text.libc.vprintf
                0x10002ec8       0x38 E:/Programme/CrossWorks for ARM 5.3/lib/libc_v6m_t_le_eabi.a(libc2.o)
                0x10002ec8                vprintf
 .text.libc.memcpy
                0x10002f00       0x16 E:/Programme/CrossWorks for ARM 5.3/lib/libc_v6m_t_le_eabi.a(libc2_asm.o)
                0x10002f00                __aeabi_memcpy
                0x10002f00                __aeabi_memcpy4
                0x10002f00                __aeabi_memcpy8
                0x10002f00                memcpy
 .text.libc.strlen
                0x10002f16        0xe E:/Programme/CrossWorks for ARM 5.3/lib/libc_v6m_t_le_eabi.a(libc2_asm.o)
                0x10002f16                strlen
 .text.libc.__vfprintf_float_long_long
                0x10002f24     0x1174 E:/Programme/CrossWorks for ARM 5.3/lib/libc_v6m_t_le_eabi.a(libvfprintf.o)
                0x10002f24                __vfprintf_float_long_long
 .text.__putchar
                0x10004098       0x10 E:/Programme/CrossWorks for ARM 5.3/lib/libdebugio_v6m_t_le_eabi.a(libdebugio_asm.o)
                0x10004098                __putchar
 .text.libdebugio.__do_debug_operation_mempoll
                0x100040a8       0x30 E:/Programme/CrossWorks for ARM 5.3/lib/libdebugio_v6m_t_le_eabi.a(mempoll_debug_operations.o)
                0x100040a8                __do_debug_operation_mempoll
 .text.libdebugio.debug_putchar
                0x100040d8       0x1a E:/Programme/CrossWorks for ARM 5.3/lib/libdebugio_v6m_t_le_eabi.a(libdebugio.o)
                0x100040d8                debug_putchar
 .text.libdebugio.__debug_io_lock
                0x100040f2        0x2 E:/Programme/CrossWorks for ARM 5.3/lib/libdebugio_v6m_t_le_eabi.a(libdebugio.o)
                0x100040f2                __debug_io_lock
 .text.libdebugio.__debug_io_unlock
                0x100040f4        0x2 E:/Programme/CrossWorks for ARM 5.3/lib/libdebugio_v6m_t_le_eabi.a(libdebugio.o)
                0x100040f4                __debug_io_unlock
 .text.libc.__int64_to_float64
                0x100040f6       0x60 E:/Programme/CrossWorks for ARM 5.3/lib/libm_v6m_t_le_eabi.a(libm_asm.o)
                0x100040f6                __int64_to_float64
                0x100040f6                __aeabi_l2d
                0x100040f6                __floatdidf
                0x10004112                __RAL_aeabi_l2d_common
 *fill*         0x10004156        0x2 
 .text.libc.__uint64_to_float64
                0x10004158       0x18 E:/Programme/CrossWorks for ARM 5.3/lib/libm_v6m_t_le_eabi.a(libm_asm.o)
                0x10004158                __aeabi_ul2d
                0x10004158                __floatundidf
                0x10004158                __uint64_to_float64
 .text.libc.__float64_to_uint64
                0x10004170       0x4a E:/Programme/CrossWorks for ARM 5.3/lib/libm_v6m_t_le_eabi.a(libm_asm.o)
                0x10004170                __fixunsdfdi
                0x10004170                __float64_to_uint64
                0x10004170                __aeabi_d2ulz
 .text.libc.__float64_add
                0x100041ba      0x1dc E:/Programme/CrossWorks for ARM 5.3/lib/libm_v6m_t_le_eabi.a(libm_asm.o)
                0x100041ba                __aeabi_drsub
                0x100041c4                __aeabi_dsub
                0x100041c4                __float64_sub
                0x100041c4                __subdf3
                0x100041ce                __aeabi_dadd
                0x100041ce                __float64_add
                0x100041ce                __adddf3
 *fill*         0x10004396        0x2 
 .text.libc.__float64_mul
                0x10004398      0x18c E:/Programme/CrossWorks for ARM 5.3/lib/libm_v6m_t_le_eabi.a(libm_asm.o)
                0x100043d0                __float64_mul
                0x100043d0                __muldf3
                0x100043d0                __aeabi_dmul
 .text.libc.__float64_div
                0x10004524       0xc4 E:/Programme/CrossWorks for ARM 5.3/lib/libm_v6m_t_le_eabi.a(libm_asm.o)
                0x10004524                __divdf3
                0x10004524                __float64_div
                0x10004524                __aeabi_ddiv
 .text.libc.__float64_cmpeq
                0x100045e8       0x2e E:/Programme/CrossWorks for ARM 5.3/lib/libm_v6m_t_le_eabi.a(libm_asm.o)
                0x100045e8                __aeabi_dcmpeq
 .text.libc.__float64_cmple
                0x10004616       0x44 E:/Programme/CrossWorks for ARM 5.3/lib/libm_v6m_t_le_eabi.a(libm_asm.o)
                0x10004616                __aeabi_dcmple
 .text.libc.__float64_cmpge
                0x1000465a       0x44 E:/Programme/CrossWorks for ARM 5.3/lib/libm_v6m_t_le_eabi.a(libm_asm.o)
                0x1000465a                __aeabi_dcmpge
 .text.libc.__float64_cmplt
                0x1000469e       0x3e E:/Programme/CrossWorks for ARM 5.3/lib/libm_v6m_t_le_eabi.a(libm_asm.o)
                0x1000469e                __aeabi_dcmplt
 .text.libc.__float64_cmpgt
                0x100046dc       0x3e E:/Programme/CrossWorks for ARM 5.3/lib/libm_v6m_t_le_eabi.a(libm_asm.o)
                0x100046dc                __aeabi_dcmpgt
 .text.libc.__float64_signbit
                0x1000471a        0x6 E:/Programme/CrossWorks for ARM 5.3/lib/libm_v6m_t_le_eabi.a(libm_asm.o)
                0x1000471a                __float64_signbit
 .text.libc.__float64_isinf
                0x10004720       0x18 E:/Programme/CrossWorks for ARM 5.3/lib/libm_v6m_t_le_eabi.a(libm_asm.o)
                0x10004720                __float64_isinf
 .text.libc.__float64_isnan
                0x10004738       0x18 E:/Programme/CrossWorks for ARM 5.3/lib/libm_v6m_t_le_eabi.a(libm_asm.o)
                0x10004738                __float64_isnan
 .text.libc.frexp
                0x10004750       0x50 E:/Programme/CrossWorks for ARM 5.3/lib/libm_v6m_t_le_eabi.a(libm2.o)
                0x10004750                frexpl(long double, int*)
                0x10004750                frexpl
                0x10004750                frexp(long double, int*)
                0x10004750                frexp
                0x10004750                frexp(double, int*)
 .text.libc.ldexp
                0x100047a0       0x64 E:/Programme/CrossWorks for ARM 5.3/lib/libm_v6m_t_le_eabi.a(libm2.o)
                0x100047a0                ldexpl(long double, int)
                0x100047a0                ldexp(long double, int)
                0x100047a0                ldexp
                0x100047a0                ldexpl
                0x100047a0                ldexp(double, int)
 .text.libc.modf
                0x10004804       0x8c E:/Programme/CrossWorks for ARM 5.3/lib/libm_v6m_t_le_eabi.a(libm2.o)
                0x10004804                modf
                0x10004804                modf(double, double*)
                0x10004804                modf(long double, long double*)
                0x10004804                modfl(long double, long double*)
                0x10004804                modfl
 .text.libc.floor
                0x10004890       0x98 E:/Programme/CrossWorks for ARM 5.3/lib/libm_v6m_t_le_eabi.a(libm2.o)
                0x10004890                floorl
                0x10004890                floorl(long double)
                0x10004890                floor(double)
                0x10004890                floor(long double)
                0x10004890                floor
 .text.libc.fmod
                0x10004928      0x168 E:/Programme/CrossWorks for ARM 5.3/lib/libm_v6m_t_le_eabi.a(libm2.o)
                0x10004928                fmod
                0x10004928                fmod(long double, long double)
                0x10004928                fmodl
                0x10004928                fmodl(long double, long double)
                0x10004928                fmod(double, double)
 .text.libc.fabs
                0x10004a90        0x6 E:/Programme/CrossWorks for ARM 5.3/lib/libm_v6m_t_le_eabi.a(libm2_asm.o)
                0x10004a90                fabsl
                0x10004a90                fabs(long double)
                0x10004a90                fabs(double)
                0x10004a90                fabsl(long double)
                0x10004a90                fabs
 *fill*         0x10004a96        0x2 
 .text.libc.fabs.__stub
                0x10004a98       0x20 linker stubs
                0x10004ab8                        __text_end__ = (__text_start__ + SIZEOF (.text))
                0x00004608                        __text_size__ = SIZEOF (.text)
                0x10004ab8                        __text_load_end__ = __text_end__

.vfp11_veneer   0x00000000        0x0
 .vfp11_veneer  0x00000000        0x0 linker stubs

.v4_bx          0x00000000        0x0
 .v4_bx         0x00000000        0x0 linker stubs

.iplt           0x00000000        0x0
 .iplt          0x00000000        0x0 InitialProject THUMB Debug/system_RP2040.o
                0x00000001                        . = ASSERT (((__text_start__ == __text_end__) || ((__text_end__ - __FLASH_segment_start__) <= __FLASH_segment_size__)), error: .text is too large to fit in FLASH memory segment)
                0x10004ab8                        __dtors_load_start__ = ALIGN (__text_end__, 0x4)

.dtors          0x10004ab8        0x0
                0x10004ab8                        __dtors_start__ = .
 *(SORT_BY_NAME(.dtors.*))
 *(.dtors)
 *(.fini_array)
 *(SORT_BY_NAME(.fini_array.*))
                0x10004ab8                        __dtors_end__ = (__dtors_start__ + SIZEOF (.dtors))
                0x00000000                        __dtors_size__ = SIZEOF (.dtors)
                0x10004ab8                        __dtors_load_end__ = __dtors_end__
                0x00000001                        . = ASSERT (((__dtors_start__ == __dtors_end__) || ((__dtors_end__ - __FLASH_segment_start__) <= __FLASH_segment_size__)), error: .dtors is too large to fit in FLASH memory segment)
                0x10004ab8                        __ctors_load_start__ = ALIGN (__dtors_end__, 0x4)

.ctors          0x10004ab8        0x4
                0x10004ab8                        __ctors_start__ = .
 *(SORT_BY_NAME(.ctors.*))
 *(.ctors)
 *(.init_array)
 .init_array    0x10004ab8        0x4 InitialProject THUMB Debug/system_RP2040.o
 *(SORT_BY_NAME(.init_array.*))
                0x10004abc                        __ctors_end__ = (__ctors_start__ + SIZEOF (.ctors))
                0x00000004                        __ctors_size__ = SIZEOF (.ctors)
                0x10004abc                        __ctors_load_end__ = __ctors_end__
                0x00000001                        . = ASSERT (((__ctors_start__ == __ctors_end__) || ((__ctors_end__ - __FLASH_segment_start__) <= __FLASH_segment_size__)), error: .ctors is too large to fit in FLASH memory segment)
                0x10004abc                        __rodata_load_start__ = ALIGN (__ctors_end__, 0x4)

.rodata         0x10004abc      0xbb4
                0x10004abc                        __rodata_start__ = .
 *(.rodata .rodata.* .gnu.linkonce.r.* .data.rel.ro .data.rel.ro.*)
 .rodata        0x10004abc      0x160 InitialProject THUMB Debug/pll.o
 .rodata        0x10004c1c       0xf9 InitialProject THUMB Debug/mutex.o
 *fill*         0x10004d15        0x3 
 .rodata        0x10004d18      0x120 InitialProject THUMB Debug/time.o
 .rodata        0x10004e38      0x29f InitialProject THUMB Debug/irq.o
 *fill*         0x100050d7        0x1 
 .rodata        0x100050d8       0xe6 InitialProject THUMB Debug/timer.o
 *fill*         0x100051be        0x2 
 .rodata        0x100051c0       0x22 InitialProject THUMB Debug/panic.o
 *fill*         0x100051e2        0x2 
 .rodata.crlf_str.0
                0x100051e4        0x2 InitialProject THUMB Debug/stdio.o
 *fill*         0x100051e6        0x2 
 .rodata        0x100051e8       0x4b InitialProject THUMB Debug/blink.o
 *fill*         0x10005233        0x1 
 .rodata.libc.__aeabi_ERANGE
                0x10005234        0x4 E:/Programme/CrossWorks for ARM 5.3/lib/libc_v6m_t_le_eabi.a(libc2.o)
                0x10005234                __aeabi_ERANGE
 .rodata.libc.__aeabi_EDOM
                0x10005238        0x4 E:/Programme/CrossWorks for ARM 5.3/lib/libc_v6m_t_le_eabi.a(libc2.o)
                0x10005238                __aeabi_EDOM
 *fill*         0x1000523c        0x4 
 .rodata.libc.power
                0x10005240       0x48 E:/Programme/CrossWorks for ARM 5.3/lib/libc_v6m_t_le_eabi.a(libc2.o)
 .rodata.libc.__RAL_hex_lc
                0x10005288       0x10 E:/Programme/CrossWorks for ARM 5.3/lib/libc_v6m_t_le_eabi.a(libc2.o)
                0x10005288                __RAL_hex_lc
 .rodata.libc.__RAL_hex_uc
                0x10005298       0x10 E:/Programme/CrossWorks for ARM 5.3/lib/libc_v6m_t_le_eabi.a(libc2.o)
                0x10005298                __RAL_hex_uc
 .rodata.libc.__vfprintf_int.str1.4
                0x100052a8       0x30 E:/Programme/CrossWorks for ARM 5.3/lib/libc_v6m_t_le_eabi.a(libvfprintf.o)
                                  0x7 (size before relaxing)
 .rodata.libc.__vfprintf_float_long.str1.4
                0x100052d8       0x28 E:/Programme/CrossWorks for ARM 5.3/lib/libc_v6m_t_le_eabi.a(libvfprintf.o)
 .rodata.libc.__vfprintf_float_long_long
                0x100052d8      0x2f8 E:/Programme/CrossWorks for ARM 5.3/lib/libc_v6m_t_le_eabi.a(libvfprintf.o)
 .rodata.libc.ipow10
                0x100055d0       0xa0 E:/Programme/CrossWorks for ARM 5.3/lib/libc_v6m_t_le_eabi.a(libvfprintf.o)
                0x10005670                        __rodata_end__ = (__rodata_start__ + SIZEOF (.rodata))
                0x00000bb4                        __rodata_size__ = SIZEOF (.rodata)
                0x10005670                        __rodata_load_end__ = __rodata_end__
                0x00000001                        . = ASSERT (((__rodata_start__ == __rodata_end__) || ((__rodata_end__ - __FLASH_segment_start__) <= __FLASH_segment_size__)), error: .rodata is too large to fit in FLASH memory segment)
                0x10005670                        __ARM.exidx_load_start__ = ALIGN (__rodata_end__, 0x4)

.ARM.exidx      0x10005670        0x0
                0x10005670                        __ARM.exidx_start__ = .
                0x10005670                        __exidx_start = __ARM.exidx_start__
 *(.ARM.exidx .ARM.exidx.*)
                0x10005670                        __ARM.exidx_end__ = (__ARM.exidx_start__ + SIZEOF (.ARM.exidx))
                0x00000000                        __ARM.exidx_size__ = SIZEOF (.ARM.exidx)
                0x10005670                        __exidx_end = __ARM.exidx_end__
                0x10005670                        __ARM.exidx_load_end__ = __ARM.exidx_end__
                0x00000001                        . = ASSERT (((__ARM.exidx_start__ == __ARM.exidx_end__) || ((__ARM.exidx_end__ - __FLASH_segment_start__) <= __FLASH_segment_size__)), error: .ARM.exidx is too large to fit in FLASH memory segment)
                0x20000000                        __ram_vector_table_load_start__ = ALIGN (__RAM_segment_start__, 0x100)

.ram_vector_table
                0x20000000       0xc0
                0x20000000                        __ram_vector_table_start__ = .
 *(.ram_vector_table .ram_vector_table.*)
 .ram_vector_table
                0x20000000       0xc0 InitialProject THUMB Debug/runtime_init.o
                0x20000000                ram_vector_table
                0x200000c0                        __ram_vector_table_end__ = (__ram_vector_table_start__ + SIZEOF (.ram_vector_table))
                0x000000c0                        __ram_vector_table_size__ = SIZEOF (.ram_vector_table)
                0x200000c0                        __ram_vector_table_load_end__ = __ram_vector_table_end__
                0x00000001                        . = ASSERT (((__ram_vector_table_start__ == __ram_vector_table_end__) || ((__ram_vector_table_end__ - __RAM_segment_start__) <= __RAM_segment_size__)), error: .ram_vector_table is too large to fit in RAM memory segment)
                0x10005670                        __fast_load_start__ = ALIGN (__ARM.exidx_end__, 0x4)

.fast           0x200000c0      0x1f8 load address 0x10005670
                0x200000c0                        __fast_start__ = .
 *(.fast .fast.* .time_critical.*)
 .time_critical.mutex_try_enter
                0x200000c0       0x6a InitialProject THUMB Debug/mutex.o
                0x200000c0                mutex_try_enter
 .time_critical.mutex_try_enter_block_until
                0x2000012a       0x50 InitialProject THUMB Debug/mutex.o
                0x2000012a                mutex_try_enter_block_until
 *fill*         0x2000017a        0x2 
 .time_critical.mutex_enter_block_until
                0x2000017c       0x8c InitialProject THUMB Debug/mutex.o
                0x2000017c                mutex_enter_block_until
 .time_critical.mutex_exit
                0x20000208       0x50 InitialProject THUMB Debug/mutex.o
                0x20000208                mutex_exit
 .time_critical.mutex_exit.__stub
                0x20000258       0x60 linker stubs
                0x200002b8                        __fast_end__ = (__fast_start__ + SIZEOF (.fast))
                0x000001f8                        __fast_size__ = SIZEOF (.fast)
                0x10005868                        __fast_load_end__ = (__fast_load_start__ + SIZEOF (.fast))

.rel.dyn        0x10000000        0x0
 .rel.iplt      0x10000000        0x0 InitialProject THUMB Debug/system_RP2040.o
                0x00000001                        . = ASSERT (((__fast_load_start__ == __fast_load_end__) || ((__fast_load_end__ - __FLASH_segment_start__) <= __FLASH_segment_size__)), error: .fast is too large to fit in FLASH memory segment)

.fast_run       0x200000c0        0x0
                0x200000c0                        __fast_run_start__ = .
                0x200002b8                        __fast_run_end__ = (__fast_run_start__ + SIZEOF (.fast))
                0x000001f8                        __fast_run_size__ = (__fast_run_end__ - __fast_run_start__)
                0x200002b8                        __fast_run_load_end__ = __fast_run_end__
                0x00000001                        . = ASSERT (((__fast_run_start__ == __fast_run_end__) || ((__fast_run_end__ - __RAM_segment_start__) <= __RAM_segment_size__)), error: .fast_run is too large to fit in RAM memory segment)
                0x200002b8                        __bss_load_start__ = ALIGN (__fast_run_end__, 0x4)

.bss            0x200002b8      0x1dc
                0x200002b8                        __bss_start__ = .
 *(.bss .bss.* .gnu.linkonce.b.*)
 .bss.SystemCoreClock
                0x200002b8        0x4 InitialProject THUMB Debug/system_RP2040.o
                0x200002b8                SystemCoreClock
 .bss.configured_freq
                0x200002bc       0x28 InitialProject THUMB Debug/clocks.o
 *fill*         0x200002e4        0x4 
 .bss.default_alarm_pool_entries
                0x200002e8      0x180 InitialProject THUMB Debug/time.o
 .bss.sleep_notifier
                0x20000468        0x4 InitialProject THUMB Debug/time.o
 .bss.pools     0x2000046c       0x10 InitialProject THUMB Debug/time.o
 .bss.claimed   0x2000047c        0x1 InitialProject THUMB Debug/timer.o
 *fill*         0x2000047d        0x3 
 .bss.drivers   0x20000480        0x4 InitialProject THUMB Debug/stdio.o
 .bss.filter    0x20000484        0x4 InitialProject THUMB Debug/stdio.o
 .bss.libc.__user_format_extender
                0x20000488        0x4 E:/Programme/CrossWorks for ARM 5.3/lib/libc_v6m_t_le_eabi.a(libc2.o)
                0x20000488                __user_format_extender
 .bss.libdebugio.dbgCommWord
                0x2000048c        0x4 E:/Programme/CrossWorks for ARM 5.3/lib/libdebugio_v6m_t_le_eabi.a(mempoll_debug_operations.o)
                0x2000048c                dbgCommWord
 .bss.libdebugio.dbgCntrlWord_mempoll
                0x20000490        0x4 E:/Programme/CrossWorks for ARM 5.3/lib/libdebugio_v6m_t_le_eabi.a(mempoll_debug_operations.o)
                0x20000490                dbgCntrlWord_mempoll
 *(COMMON)
                0x20000494                        __bss_end__ = (__bss_start__ + SIZEOF (.bss))
                0x000001dc                        __bss_size__ = SIZEOF (.bss)
                0x20000494                        __bss_load_end__ = __bss_end__
                0x00000001                        . = ASSERT (((__bss_start__ == __bss_end__) || ((__bss_end__ - __RAM_segment_start__) <= __RAM_segment_size__)), error: .bss is too large to fit in RAM memory segment)
                0x20000494                        __tbss_load_start__ = ALIGN (__bss_end__, 0x4)

.tbss           0x20000494        0x4
                0x20000494                        __tbss_start__ = .
 *(.tbss .tbss.*)
 .tbss.errno_val
                0x20000494        0x4 E:/Programme/CrossWorks for ARM 5.3/lib/libc_v6m_t_le_eabi.a(libc2.o)
                0x20000498                        __tbss_end__ = (__tbss_start__ + SIZEOF (.tbss))
                0x00000004                        __tbss_size__ = SIZEOF (.tbss)
                0x20000498                        __tbss_load_end__ = __tbss_end__
                0x00000001                        . = ASSERT (((__tbss_start__ == __tbss_end__) || ((__tbss_end__ - __RAM_segment_start__) <= __RAM_segment_size__)), error: .tbss is too large to fit in RAM memory segment)
                0x20000498                        __non_init_load_start__ = ALIGN (__tbss_end__, 0x4)

.non_init       0x20000498        0x0
                0x20000498                        __non_init_start__ = .
 *(.non_init .non_init.* .uninitialized_data.*)
                0x20000498                        __non_init_end__ = (__non_init_start__ + SIZEOF (.non_init))
                0x00000000                        __non_init_size__ = SIZEOF (.non_init)
                0x20000498                        __non_init_load_end__ = __non_init_end__
                0x00000001                        . = ASSERT (((__non_init_start__ == __non_init_end__) || ((__non_init_end__ - __RAM_segment_start__) <= __RAM_segment_size__)), error: .non_init is too large to fit in RAM memory segment)
                0x10005868                        __tdata_load_start__ = ALIGN ((__fast_load_start__ + SIZEOF (.fast)), 0x4)

.tdata          0x20000498        0x0 load address 0x10005868
                0x20000498                        __tdata_start__ = .
 *(.tdata .tdata.*)
                0x20000498                        __tdata_end__ = (__tdata_start__ + SIZEOF (.tdata))
                0x00000000                        __tdata_size__ = SIZEOF (.tdata)
                0x10005868                        __tdata_load_end__ = (__tdata_load_start__ + SIZEOF (.tdata))
                0x00000001                        . = ASSERT (((__tdata_load_start__ == __tdata_load_end__) || ((__tdata_load_end__ - __FLASH_segment_start__) <= __FLASH_segment_size__)), error: .tdata is too large to fit in FLASH memory segment)

.tdata_run      0x20000498        0x0
                0x20000498                        __tdata_run_start__ = .
                0x20000498                        __tdata_run_end__ = (__tdata_run_start__ + SIZEOF (.tdata))
                0x00000000                        __tdata_run_size__ = (__tdata_run_end__ - __tdata_run_start__)
                0x20000498                        __tdata_run_load_end__ = __tdata_run_end__
                0x00000001                        . = ASSERT (((__tdata_run_start__ == __tdata_run_end__) || ((__tdata_run_end__ - __RAM_segment_start__) <= __RAM_segment_size__)), error: .tdata_run is too large to fit in RAM memory segment)
                0x10005868                        __data_load_start__ = ALIGN ((__tdata_load_start__ + SIZEOF (.tdata)), 0x4)

.data           0x20000498       0x19 load address 0x10005868
                0x20000498                        __data_start__ = .
 *(.data .data.* .gnu.linkonce.d.*)
 .data.default_alarm_pool
                0x20000498       0x18 InitialProject THUMB Debug/time.o
 .data.striped_spin_lock_num
                0x200004b0        0x1 InitialProject THUMB Debug/sync.o
                0x200004b1                        __data_end__ = (__data_start__ + SIZEOF (.data))
                0x00000019                        __data_size__ = SIZEOF (.data)
                0x10005881                        __data_load_end__ = (__data_load_start__ + SIZEOF (.data))

.igot.plt       0x00000000        0x0
 .igot.plt      0x00000000        0x0 InitialProject THUMB Debug/system_RP2040.o
                0x00000001                        . = ASSERT (((__data_load_start__ == __data_load_end__) || ((__data_load_end__ - __FLASH_segment_start__) <= __FLASH_segment_size__)), error: .data is too large to fit in FLASH memory segment)

.data_run       0x20000498        0x0
                0x20000498                        __data_run_start__ = .
                0x200004b1                        __data_run_end__ = (__data_run_start__ + SIZEOF (.data))
                0x00000019                        __data_run_size__ = (__data_run_end__ - __data_run_start__)
                0x200004b1                        __data_run_load_end__ = __data_run_end__
                0x00000001                        . = ASSERT (((__data_run_start__ == __data_run_end__) || ((__data_run_end__ - __RAM_segment_start__) <= __RAM_segment_size__)), error: .data_run is too large to fit in RAM memory segment)
                0x10005884                        __mutex_load_start__ = ALIGN ((__data_load_start__ + SIZEOF (.data)), 0x4)

.mutex          0x200004b4        0x8 load address 0x10005884
                0x200004b4                        __mutex_start__ = .
 *(.mutex_array .mutex_array.*)
 .mutex_array   0x200004b4        0x8 InitialProject THUMB Debug/stdio.o
                0x200004bc                        __mutex_end__ = (__mutex_start__ + SIZEOF (.mutex))
                0x00000008                        __mutex_size__ = SIZEOF (.mutex)
                0x1000588c                        __mutex_load_end__ = (__mutex_load_start__ + SIZEOF (.mutex))
                0x00000001                        . = ASSERT (((__mutex_load_start__ == __mutex_load_end__) || ((__mutex_load_end__ - __FLASH_segment_start__) <= __FLASH_segment_size__)), error: .mutex is too large to fit in FLASH memory segment)

.mutex_run      0x200004b4        0x0
                0x200004b4                        __mutex_run_start__ = .
                0x200004b4                        __mutex_array_start = __mutex_run_start__
                0x200004bc                        __mutex_run_end__ = (__mutex_run_start__ + SIZEOF (.mutex))
                0x00000008                        __mutex_run_size__ = (__mutex_run_end__ - __mutex_run_start__)
                0x200004bc                        __mutex_array_end = __mutex_run_end__
                0x200004bc                        __mutex_run_load_end__ = __mutex_run_end__
                0x00000001                        . = ASSERT (((__mutex_run_start__ == __mutex_run_end__) || ((__mutex_run_end__ - __RAM_segment_start__) <= __RAM_segment_size__)), error: .mutex_run is too large to fit in RAM memory segment)
                0x1000588c                        __after_data_load_start__ = ALIGN ((__mutex_load_start__ + SIZEOF (.mutex)), 0x4)

.after_data     0x200004bc        0x0 load address 0x1000588c
                0x200004bc                        __after_data_start__ = .
 *(.after_data .after_data.*)
                0x200004bc                        __after_data_end__ = (__after_data_start__ + SIZEOF (.after_data))
                0x00000000                        __after_data_size__ = SIZEOF (.after_data)
                0x1000588c                        __after_data_load_end__ = (__after_data_load_start__ + SIZEOF (.after_data))
                0x00000001                        . = ASSERT (((__after_data_load_start__ == __after_data_load_end__) || ((__after_data_load_end__ - __FLASH_segment_start__) <= __FLASH_segment_size__)), error: .after_data is too large to fit in FLASH memory segment)
                0x1000588c                        __scratch_x_load_start__ = ALIGN ((__after_data_load_start__ + SIZEOF (.after_data)), 0x4)

.scratch_x      0x20040000        0x0 load address 0x1000588c
                0x20040000                        __scratch_x_start__ = .
 *(.scratch_x .scratch_x.*)
                0x20040000                        __scratch_x_end__ = (__scratch_x_start__ + SIZEOF (.scratch_x))
                0x00000000                        __scratch_x_size__ = SIZEOF (.scratch_x)
                0x1000588c                        __scratch_x_load_end__ = (__scratch_x_load_start__ + SIZEOF (.scratch_x))
                0x00000001                        . = ASSERT (((__scratch_x_load_start__ == __scratch_x_load_end__) || ((__scratch_x_load_end__ - __FLASH_segment_start__) <= __FLASH_segment_size__)), error: .scratch_x is too large to fit in FLASH memory segment)
                0x1000588c                        __scratch_y_load_start__ = ALIGN ((__scratch_x_load_start__ + SIZEOF (.scratch_x)), 0x4)

.scratch_y      0x20041000        0x0 load address 0x1000588c
                0x20041000                        __scratch_y_start__ = .
 *(.scratch_y .scratch_y.*)
                0x20041000                        __scratch_y_end__ = (__scratch_y_start__ + SIZEOF (.scratch_y))
                0x00000000                        __scratch_y_size__ = SIZEOF (.scratch_y)
                0x1000588c                        __scratch_y_load_end__ = (__scratch_y_load_start__ + SIZEOF (.scratch_y))
                0x00000001                        . = ASSERT (((__scratch_y_load_start__ == __scratch_y_load_end__) || ((__scratch_y_load_end__ - __FLASH_segment_start__) <= __FLASH_segment_size__)), error: .scratch_y is too large to fit in FLASH memory segment)

.scratch_y_run  0x20041000        0x0
                0x20041000                        __scratch_y_run_start__ = .
                0x20041000                        __scratch_y_run_end__ = (__scratch_y_run_start__ + SIZEOF (.scratch_y))
                0x00000000                        __scratch_y_run_size__ = (__scratch_y_run_end__ - __scratch_y_run_start__)
                0x20041000                        __scratch_y_run_load_end__ = __scratch_y_run_end__
                0x20041000                        __SCRATCH_Y_segment_used_end__ = (ALIGN (__SCRATCH_Y_segment_start__, 0x4) + SIZEOF (.scratch_y_run))
                0x00000000                        __SCRATCH_Y_segment_used_size__ = (__SCRATCH_Y_segment_used_end__ - __SCRATCH_Y_segment_start__)
                0x00000001                        . = ASSERT (((__scratch_y_run_start__ == __scratch_y_run_end__) || ((__scratch_y_run_end__ - __SCRATCH_Y_segment_start__) <= __SCRATCH_Y_segment_size__)), error: .scratch_y_run is too large to fit in SCRATCH_Y memory segment)

.scratch_x_run  0x20040000        0x0
                0x20040000                        __scratch_x_run_start__ = .
                0x20040000                        __scratch_x_run_end__ = (__scratch_x_run_start__ + SIZEOF (.scratch_x))
                0x00000000                        __scratch_x_run_size__ = (__scratch_x_run_end__ - __scratch_x_run_start__)
                0x20040000                        __scratch_x_run_load_end__ = __scratch_x_run_end__
                0x20040000                        __SCRATCH_X_segment_used_end__ = (ALIGN (__SCRATCH_X_segment_start__, 0x4) + SIZEOF (.scratch_x_run))
                0x00000000                        __SCRATCH_X_segment_used_size__ = (__SCRATCH_X_segment_used_end__ - __SCRATCH_X_segment_start__)
                0x00000001                        . = ASSERT (((__scratch_x_run_start__ == __scratch_x_run_end__) || ((__scratch_x_run_end__ - __SCRATCH_X_segment_start__) <= __SCRATCH_X_segment_size__)), error: .scratch_x_run is too large to fit in SCRATCH_X memory segment)

.after_data_run
                0x200004bc        0x0
                0x200004bc                        __after_data_run_start__ = .
                0x200004bc                        __after_data_run_end__ = (__after_data_run_start__ + SIZEOF (.after_data))
                0x00000000                        __after_data_run_size__ = (__after_data_run_end__ - __after_data_run_start__)
                0x200004bc                        __after_data_run_load_end__ = __after_data_run_end__
                0x00000001                        . = ASSERT (((__after_data_run_start__ == __after_data_run_end__) || ((__after_data_run_end__ - __RAM_segment_start__) <= __RAM_segment_size__)), error: .after_data_run is too large to fit in RAM memory segment)
                0x200004c0                        __heap_load_start__ = ALIGN (__after_data_run_end__, 0x8)

.heap           0x200004c0      0x100
                0x200004c0                        __heap_start__ = .
 *(.heap .heap.*)
                0x200005c0                        . = ALIGN (MAX ((__heap_start__ + __HEAPSIZE__), .), 0x8)
 *fill*         0x200004c0      0x100 
                0x200005c0                        __heap_end__ = (__heap_start__ + SIZEOF (.heap))
                0x00000100                        __heap_size__ = SIZEOF (.heap)
                0x200005c0                        __heap_load_end__ = __heap_end__
                0x00000001                        . = ASSERT (((__heap_start__ == __heap_end__) || ((__heap_end__ - __RAM_segment_start__) <= __RAM_segment_size__)), error: .heap is too large to fit in RAM memory segment)
                0x00000001                        . = ASSERT ((__HEAPSIZE__ == ALIGN (__HEAPSIZE__, 0x8)), error: .heap section size does not match alignment)
                0x00000001                        . = ASSERT ((__heap_size__ <= __HEAPSIZE__), error: .heap section is larger than specified size)
                0x200005c0                        __stack_load_start__ = ALIGN (__heap_end__, 0x8)

.stack          0x200005c0      0x100
                0x200005c0                        __stack_start__ = .
 *(.stack .stack.*)
                0x200006c0                        . = ALIGN (MAX ((__stack_start__ + __STACKSIZE__), .), 0x8)
 *fill*         0x200005c0      0x100 
                0x200006c0                        __stack_end__ = (__stack_start__ + SIZEOF (.stack))
                0x00000100                        __stack_size__ = SIZEOF (.stack)
                0x200006c0                        __stack_load_end__ = __stack_end__
                0x00000001                        . = ASSERT (((__stack_start__ == __stack_end__) || ((__stack_end__ - __RAM_segment_start__) <= __RAM_segment_size__)), error: .stack is too large to fit in RAM memory segment)
                0x00000001                        . = ASSERT ((__STACKSIZE__ == ALIGN (__STACKSIZE__, 0x8)), error: .stack section size does not match alignment)
                0x00000001                        . = ASSERT ((__stack_size__ <= __STACKSIZE__), error: .stack section is larger than specified size)
                0x200006c0                        __stack_process_load_start__ = ALIGN (__stack_end__, 0x8)

.stack_process  0x200006c0        0x0
                0x200006c0                        __stack_process_start__ = .
 *(.stack_process .stack_process.*)
                0x200006c0                        . = ALIGN (MAX ((__stack_process_start__ + __STACKSIZE_PROCESS__), .), 0x8)
                0x200006c0                        __stack_process_end__ = (__stack_process_start__ + SIZEOF (.stack_process))
                0x00000000                        __stack_process_size__ = SIZEOF (.stack_process)
                0x200006c0                        __stack_process_load_end__ = __stack_process_end__
                0x200006c0                        __RAM_segment_used_end__ = (ALIGN (__stack_end__, 0x8) + SIZEOF (.stack_process))
                0x000006c0                        __RAM_segment_used_size__ = (__RAM_segment_used_end__ - __RAM_segment_start__)
                0x00000001                        . = ASSERT (((__stack_process_start__ == __stack_process_end__) || ((__stack_process_end__ - __RAM_segment_start__) <= __RAM_segment_size__)), error: .stack_process is too large to fit in RAM memory segment)
                0x00000001                        . = ASSERT ((__STACKSIZE_PROCESS__ == ALIGN (__STACKSIZE_PROCESS__, 0x8)), error: .stack_process section size does not match alignment)
                0x00000001                        . = ASSERT ((__stack_process_size__ <= __STACKSIZE_PROCESS__), error: .stack_process section is larger than specified size)
                0x1000588c                        __flashdata_load_start__ = ALIGN ((__scratch_y_load_start__ + SIZEOF (.scratch_y)), 0x4)

.flashdata      0x1000588c        0x0
                0x1000588c                        __flashdata_start__ = .
 *(.flashdata .flashdata.*)
                0x1000588c                        __flashdata_end__ = (__flashdata_start__ + SIZEOF (.flashdata))
                0x00000000                        __flashdata_size__ = SIZEOF (.flashdata)
                0x1000588c                        __flashdata_load_end__ = __flashdata_end__
                0x00000001                        . = ASSERT (((__flashdata_start__ == __flashdata_end__) || ((__flashdata_end__ - __FLASH_segment_start__) <= __FLASH_segment_size__)), error: .flashdata is too large to fit in FLASH memory segment)
                0x1000588c                        __init_array_load_start__ = ALIGN (__flashdata_end__, 0x4)

.init_array     0x1000588c        0x0
                0x1000588c                        __init_array_start__ = .
 *(.init_array .init_array.*)
                0x1000588c                        __init_array_end__ = (__init_array_start__ + SIZEOF (.init_array))
                0x00000000                        __init_array_size__ = SIZEOF (.init_array)
                0x1000588c                        __init_array_load_end__ = __init_array_end__
                0x00000001                        . = ASSERT (((__init_array_start__ == __init_array_end__) || ((__init_array_end__ - __FLASH_segment_start__) <= __FLASH_segment_size__)), error: .init_array is too large to fit in FLASH memory segment)
                0x1000588c                        __preinit_array_load_start__ = ALIGN (__init_array_end__, 0x4)

.preinit_array  0x1000588c       0x2c
                0x1000588c                        __preinit_array_start__ = .
 *(SORT_BY_NAME(.preinit_array.*))
 .preinit_array.00100
                0x1000588c        0x4 InitialProject THUMB Debug/runtime_init.o
                0x1000588c                __pre_init_runtime_init_early_resets
 .preinit_array.00101
                0x10005890        0x4 InitialProject THUMB Debug/runtime_init.o
                0x10005890                __pre_init_runtime_init_usb_power_down
 .preinit_array.00500
                0x10005894        0x4 InitialProject THUMB Debug/runtime_init.o
                0x10005894                __pre_init_runtime_init_clocks
 .preinit_array.00600
                0x10005898        0x4 InitialProject THUMB Debug/runtime_init.o
                0x10005898                __pre_init_runtime_init_post_clock_resets
 .preinit_array.00700
                0x1000589c        0x4 InitialProject THUMB Debug/runtime_init.o
                0x1000589c                __pre_init_runtime_init_rp2040_gpio_ie_disable
 .preinit_array.01000
                0x100058a0        0x4 InitialProject THUMB Debug/runtime_init.o
                0x100058a0                __pre_init_runtime_init_spin_locks_reset
 .preinit_array.01100
                0x100058a4        0x4 InitialProject THUMB Debug/mutex.o
                0x100058a4                __pre_init_runtime_init_mutex
 .preinit_array.10080
                0x100058a8        0x4 InitialProject THUMB Debug/runtime_init.o
                0x100058a8                __pre_init_runtime_init_install_ram_vector_table
 .preinit_array.11000
                0x100058ac        0x4 InitialProject THUMB Debug/time.o
                0x100058ac                __pre_init_runtime_init_default_alarm_pool
 .preinit_array.YYYYY
                0x100058b0        0x4 InitialProject THUMB Debug/runtime.o
                0x100058b0                __pre_init_first_per_core_initializer
 .preinit_array.ZZZZZ.01200
                0x100058b4        0x4 InitialProject THUMB Debug/irq.o
                0x100058b4                __pre_init_runtime_init_per_core_irq_priorities
                0x100058b8                        __preinit_array_end__ = (__preinit_array_start__ + SIZEOF (.preinit_array))
                0x0000002c                        __preinit_array_size__ = SIZEOF (.preinit_array)
                0x100058b8                        __preinit_array_load_end__ = __preinit_array_end__
                0x100058b8                        __FLASH_segment_used_end__ = (ALIGN (__init_array_end__, 0x4) + SIZEOF (.preinit_array))
                0x000058b8                        __FLASH_segment_used_size__ = (__FLASH_segment_used_end__ - __FLASH_segment_start__)
                0x00000001                        . = ASSERT (((__preinit_array_start__ == __preinit_array_end__) || ((__preinit_array_end__ - __FLASH_segment_start__) <= __FLASH_segment_size__)), error: .preinit_array is too large to fit in FLASH memory segment)
                0x00000100                        __STACKSIZE__ = 0x100
                0x00000000                        __STACKSIZE_PROCESS__ = 0x0
                0x00000000                        __STACKSIZE_IRQ__ = 0x0
                0x00000000                        __STACKSIZE_FIQ__ = 0x0
                0x00000000                        __STACKSIZE_SVC__ = 0x0
                0x00000000                        __STACKSIZE_ABT__ = 0x0
                0x00000000                        __STACKSIZE_UND__ = 0x0
                0x00000100                        __HEAPSIZE__ = 0x100
                0x100040a8                        __do_debug_operation = __do_debug_operation_mempoll
                0x10002f24                        __vfprintf = __vfprintf_float_long_long
                0x00000000                        __vfscanf = __vfscanf_float_long_long_cc
START GROUP
LOAD InitialProject THUMB Debug/system_RP2040.o
LOAD InitialProject THUMB Debug/clocks.o
LOAD InitialProject THUMB Debug/multicore.o
LOAD InitialProject THUMB Debug/platform.o
LOAD InitialProject THUMB Debug/pll.o
LOAD InitialProject THUMB Debug/ticks.o
LOAD InitialProject THUMB Debug/claim.o
LOAD InitialProject THUMB Debug/critical_section.o
LOAD InitialProject THUMB Debug/lock_core.o
LOAD InitialProject THUMB Debug/mutex.o
LOAD InitialProject THUMB Debug/sem.o
LOAD InitialProject THUMB Debug/time.o
LOAD InitialProject THUMB Debug/timeout_helper.o
LOAD InitialProject THUMB Debug/dma.o
LOAD InitialProject THUMB Debug/gpio.o
LOAD InitialProject THUMB Debug/irq.o
LOAD InitialProject THUMB Debug/irq_handler_chain.o
LOAD InitialProject THUMB Debug/pio.o
LOAD InitialProject THUMB Debug/sync.o
LOAD InitialProject THUMB Debug/sync_spin_lock.o
LOAD InitialProject THUMB Debug/timer.o
LOAD InitialProject THUMB Debug/uart.o
LOAD InitialProject THUMB Debug/newlib_interface.o
LOAD InitialProject THUMB Debug/panic.o
LOAD InitialProject THUMB Debug/runtime.o
LOAD InitialProject THUMB Debug/runtime_init.o
LOAD InitialProject THUMB Debug/runtime_init_clocks.o
LOAD InitialProject THUMB Debug/runtime_init_stack_guard.o
LOAD InitialProject THUMB Debug/stdio.o
LOAD InitialProject THUMB Debug/stdio_uart.o
LOAD InitialProject THUMB Debug/watchdog.o
LOAD InitialProject THUMB Debug/xosc.o
LOAD InitialProject THUMB Debug/blink.o
LOAD InitialProject THUMB Debug/RP2040_Boot.o
LOAD InitialProject THUMB Debug/RP2040_Startup.o
LOAD InitialProject THUMB Debug/RP2040_VectorsSDK.o
LOAD InitialProject THUMB Debug/thumb_crt0.o
LOAD E:/Programme/CrossWorks for ARM 5.3/lib/libm_v6m_t_le_eabi.a
LOAD E:/Programme/CrossWorks for ARM 5.3/lib/libc_v6m_t_le_eabi.a
LOAD E:/Programme/CrossWorks for ARM 5.3/lib/libdebugio_v6m_t_le_eabi.a
END GROUP
OUTPUT(E:/GIT-Repos/RaspiPico/FlashTest/InitialProject THUMB Debug/InitialProject.elf elf32-littlearm)
LOAD linker stubs

.debug_info     0x00000000     0xa7fd
 .debug_info    0x00000000      0x352 InitialProject THUMB Debug/system_RP2040.o
 .debug_info    0x00000352      0xeab InitialProject THUMB Debug/clocks.o
 .debug_info    0x000011fd      0x416 InitialProject THUMB Debug/pll.o
 .debug_info    0x00001613      0x227 InitialProject THUMB Debug/ticks.o
 .debug_info    0x0000183a      0x441 InitialProject THUMB Debug/claim.o
 .debug_info    0x00001c7b      0x141 InitialProject THUMB Debug/lock_core.o
 .debug_info    0x00001dbc      0xafb InitialProject THUMB Debug/mutex.o
 .debug_info    0x000028b7     0x1af4 InitialProject THUMB Debug/time.o
 .debug_info    0x000043ab     0x1260 InitialProject THUMB Debug/gpio.o
 .debug_info    0x0000560b     0x1082 InitialProject THUMB Debug/irq.o
 .debug_info    0x0000668d      0x31f InitialProject THUMB Debug/sync.o
 .debug_info    0x000069ac      0x1b6 InitialProject THUMB Debug/sync_spin_lock.o
 .debug_info    0x00006b62      0xee4 InitialProject THUMB Debug/timer.o
 .debug_info    0x00007a46      0x810 InitialProject THUMB Debug/newlib_interface.o
 .debug_info    0x00008256      0x14a InitialProject THUMB Debug/panic.o
 .debug_info    0x000083a0      0x180 InitialProject THUMB Debug/runtime.o
 .debug_info    0x00008520      0x69f InitialProject THUMB Debug/runtime_init.o
 .debug_info    0x00008bbf      0x5bd InitialProject THUMB Debug/runtime_init_clocks.o
 .debug_info    0x0000917c      0xdf8 InitialProject THUMB Debug/stdio.o
 .debug_info    0x00009f74      0x1ab InitialProject THUMB Debug/xosc.o
 .debug_info    0x0000a11f      0x651 InitialProject THUMB Debug/blink.o
 .debug_info    0x0000a770       0x24 InitialProject THUMB Debug/RP2040_Boot.o
 .debug_info    0x0000a794       0x23 InitialProject THUMB Debug/RP2040_Startup.o
 .debug_info    0x0000a7b7       0x24 InitialProject THUMB Debug/RP2040_VectorsSDK.o
 .debug_info    0x0000a7db       0x22 InitialProject THUMB Debug/thumb_crt0.o

.debug_abbrev   0x00000000     0x2fd3
 .debug_abbrev  0x00000000      0x16d InitialProject THUMB Debug/system_RP2040.o
 .debug_abbrev  0x0000016d      0x388 InitialProject THUMB Debug/clocks.o
 .debug_abbrev  0x000004f5      0x187 InitialProject THUMB Debug/pll.o
 .debug_abbrev  0x0000067c      0x127 InitialProject THUMB Debug/ticks.o
 .debug_abbrev  0x000007a3      0x1fd InitialProject THUMB Debug/claim.o
 .debug_abbrev  0x000009a0       0xb8 InitialProject THUMB Debug/lock_core.o
 .debug_abbrev  0x00000a58      0x2e9 InitialProject THUMB Debug/mutex.o
 .debug_abbrev  0x00000d41      0x498 InitialProject THUMB Debug/time.o
 .debug_abbrev  0x000011d9      0x2f5 InitialProject THUMB Debug/gpio.o
 .debug_abbrev  0x000014ce      0x3e8 InitialProject THUMB Debug/irq.o
 .debug_abbrev  0x000018b6      0x1ae InitialProject THUMB Debug/sync.o
 .debug_abbrev  0x00001a64      0x15f InitialProject THUMB Debug/sync_spin_lock.o
 .debug_abbrev  0x00001bc3      0x35f InitialProject THUMB Debug/timer.o
 .debug_abbrev  0x00001f22      0x2a2 InitialProject THUMB Debug/newlib_interface.o
 .debug_abbrev  0x000021c4      0x12b InitialProject THUMB Debug/panic.o
 .debug_abbrev  0x000022ef      0x12c InitialProject THUMB Debug/runtime.o
 .debug_abbrev  0x0000241b      0x20e InitialProject THUMB Debug/runtime_init.o
 .debug_abbrev  0x00002629      0x266 InitialProject THUMB Debug/runtime_init_clocks.o
 .debug_abbrev  0x0000288f      0x3a1 InitialProject THUMB Debug/stdio.o
 .debug_abbrev  0x00002c30      0x10b InitialProject THUMB Debug/xosc.o
 .debug_abbrev  0x00002d3b      0x24a InitialProject THUMB Debug/blink.o
 .debug_abbrev  0x00002f85       0x14 InitialProject THUMB Debug/RP2040_Boot.o
 .debug_abbrev  0x00002f99       0x14 InitialProject THUMB Debug/RP2040_Startup.o
 .debug_abbrev  0x00002fad       0x14 InitialProject THUMB Debug/RP2040_VectorsSDK.o
 .debug_abbrev  0x00002fc1       0x12 InitialProject THUMB Debug/thumb_crt0.o

.debug_pubnames
                0x00000000     0x5514
 .debug_pubnames
                0x00000000      0x1fc InitialProject THUMB Debug/system_RP2040.o
 .debug_pubnames
                0x000001fc      0x6a0 InitialProject THUMB Debug/clocks.o
 .debug_pubnames
                0x0000089c      0x28b InitialProject THUMB Debug/pll.o
 .debug_pubnames
                0x00000b27       0x76 InitialProject THUMB Debug/ticks.o
 .debug_pubnames
                0x00000b9d      0x1b4 InitialProject THUMB Debug/claim.o
 .debug_pubnames
                0x00000d51       0x37 InitialProject THUMB Debug/lock_core.o
 .debug_pubnames
                0x00000d88      0x5f9 InitialProject THUMB Debug/mutex.o
 .debug_pubnames
                0x00001381      0xe3d InitialProject THUMB Debug/time.o
 .debug_pubnames
                0x000021be      0x8f8 InitialProject THUMB Debug/gpio.o
 .debug_pubnames
                0x00002ab6      0x805 InitialProject THUMB Debug/irq.o
 .debug_pubnames
                0x000032bb      0x198 InitialProject THUMB Debug/sync.o
 .debug_pubnames
                0x00003453       0x97 InitialProject THUMB Debug/sync_spin_lock.o
 .debug_pubnames
                0x000034ea      0x84a InitialProject THUMB Debug/timer.o
 .debug_pubnames
                0x00003d34      0x3c8 InitialProject THUMB Debug/newlib_interface.o
 .debug_pubnames
                0x000040fc       0x51 InitialProject THUMB Debug/panic.o
 .debug_pubnames
                0x0000414d       0xe5 InitialProject THUMB Debug/runtime.o
 .debug_pubnames
                0x00004232      0x4f1 InitialProject THUMB Debug/runtime_init.o
 .debug_pubnames
                0x00004723      0x1c3 InitialProject THUMB Debug/runtime_init_clocks.o
 .debug_pubnames
                0x000048e6      0x7fd InitialProject THUMB Debug/stdio.o
 .debug_pubnames
                0x000050e3       0x6a InitialProject THUMB Debug/xosc.o
 .debug_pubnames
                0x0000514d      0x3c7 InitialProject THUMB Debug/blink.o

.debug_pubtypes
                0x00000000     0x1f65
 .debug_pubtypes
                0x00000000      0x142 InitialProject THUMB Debug/system_RP2040.o
 .debug_pubtypes
                0x00000142      0x227 InitialProject THUMB Debug/clocks.o
 .debug_pubtypes
                0x00000369      0x13d InitialProject THUMB Debug/pll.o
 .debug_pubtypes
                0x000004a6      0x157 InitialProject THUMB Debug/ticks.o
 .debug_pubtypes
                0x000005fd      0x10e InitialProject THUMB Debug/claim.o
 .debug_pubtypes
                0x0000070b      0x120 InitialProject THUMB Debug/lock_core.o
 .debug_pubtypes
                0x0000082b      0x1b1 InitialProject THUMB Debug/mutex.o
 .debug_pubtypes
                0x000009dc      0x2bf InitialProject THUMB Debug/time.o
 .debug_pubtypes
                0x00000c9b      0x269 InitialProject THUMB Debug/gpio.o
 .debug_pubtypes
                0x00000f04      0x1af InitialProject THUMB Debug/irq.o
 .debug_pubtypes
                0x000010b3      0x10e InitialProject THUMB Debug/sync.o
 .debug_pubtypes
                0x000011c1       0xf8 InitialProject THUMB Debug/sync_spin_lock.o
 .debug_pubtypes
                0x000012b9      0x1b5 InitialProject THUMB Debug/timer.o
 .debug_pubtypes
                0x0000146e      0x19c InitialProject THUMB Debug/newlib_interface.o
 .debug_pubtypes
                0x0000160a       0xed InitialProject THUMB Debug/panic.o
 .debug_pubtypes
                0x000016f7       0xe0 InitialProject THUMB Debug/runtime.o
 .debug_pubtypes
                0x000017d7      0x16a InitialProject THUMB Debug/runtime_init.o
 .debug_pubtypes
                0x00001941      0x1c5 InitialProject THUMB Debug/runtime_init_clocks.o
 .debug_pubtypes
                0x00001b06      0x219 InitialProject THUMB Debug/stdio.o
 .debug_pubtypes
                0x00001d1f       0xfb InitialProject THUMB Debug/xosc.o
 .debug_pubtypes
                0x00001e1a      0x14b InitialProject THUMB Debug/blink.o

.debug_aranges  0x00000000     0x1038
 .debug_aranges
                0x00000000       0x70 InitialProject THUMB Debug/system_RP2040.o
 .debug_aranges
                0x00000070       0xe8 InitialProject THUMB Debug/clocks.o
 .debug_aranges
                0x00000158       0x58 InitialProject THUMB Debug/pll.o
 .debug_aranges
                0x000001b0       0x38 InitialProject THUMB Debug/ticks.o
 .debug_aranges
                0x000001e8       0xa0 InitialProject THUMB Debug/claim.o
 .debug_aranges
                0x00000288       0x28 InitialProject THUMB Debug/lock_core.o
 .debug_aranges
                0x000002b0      0x138 InitialProject THUMB Debug/mutex.o
 .debug_aranges
                0x000003e8      0x280 InitialProject THUMB Debug/time.o
 .debug_aranges
                0x00000668      0x190 InitialProject THUMB Debug/gpio.o
 .debug_aranges
                0x000007f8      0x198 InitialProject THUMB Debug/irq.o
 .debug_aranges
                0x00000990       0x70 InitialProject THUMB Debug/sync.o
 .debug_aranges
                0x00000a00       0x48 InitialProject THUMB Debug/sync_spin_lock.o
 .debug_aranges
                0x00000a48      0x198 InitialProject THUMB Debug/timer.o
 .debug_aranges
                0x00000be0       0xd0 InitialProject THUMB Debug/newlib_interface.o
 .debug_aranges
                0x00000cb0       0x28 InitialProject THUMB Debug/panic.o
 .debug_aranges
                0x00000cd8       0x40 InitialProject THUMB Debug/runtime.o
 .debug_aranges
                0x00000d18       0x80 InitialProject THUMB Debug/runtime_init.o
 .debug_aranges
                0x00000d98       0x40 InitialProject THUMB Debug/runtime_init_clocks.o
 .debug_aranges
                0x00000dd8      0x108 InitialProject THUMB Debug/stdio.o
 .debug_aranges
                0x00000ee0       0x40 InitialProject THUMB Debug/xosc.o
 .debug_aranges
                0x00000f20       0x60 InitialProject THUMB Debug/blink.o
 .debug_aranges
                0x00000f80       0x20 InitialProject THUMB Debug/RP2040_Boot.o
 .debug_aranges