Archive member included to satisfy reference by file (symbol)

E:/Programme/CrossWorks for ARM 5.3/lib/libc_v6m_t_le_eabi.a(libc.o)
                              RoundPi_LVGL THUMB Debug/pio.o (__ctzsi2)
E:/Programme/CrossWorks for ARM 5.3/lib/libc_v6m_t_le_eabi.a(libc_asm.o)
                              RoundPi_LVGL THUMB Debug/clocks.o (__aeabi_uldivmod)
E:/Programme/CrossWorks for ARM 5.3/lib/libc_v6m_t_le_eabi.a(libc2.o)
                              RoundPi_LVGL THUMB Debug/time.o (malloc)
E:/Programme/CrossWorks for ARM 5.3/lib/libc_v6m_t_le_eabi.a(libc2_asm.o)
                              RoundPi_LVGL THUMB Debug/runtime_init.o (memcpy)
E:/Programme/CrossWorks for ARM 5.3/lib/libc_v6m_t_le_eabi.a(libvfprintf.o)
                              (__vfprintf_float_long_long)
E:/Programme/CrossWorks for ARM 5.3/lib/libc_v6m_t_le_eabi.a(libvfscanf.o)
                              (__vfscanf_float_long_long_cc)
E:/Programme/CrossWorks for ARM 5.3/lib/libdebugio_v6m_t_le_eabi.a(libdebugio_asm.o)
                              E:/Programme/CrossWorks for ARM 5.3/lib/libc_v6m_t_le_eabi.a(libc2.o) (__getchar)
E:/Programme/CrossWorks for ARM 5.3/lib/libdebugio_v6m_t_le_eabi.a(mempoll_debug_operations.o)
                              (__do_debug_operation_mempoll)
E:/Programme/CrossWorks for ARM 5.3/lib/libdebugio_v6m_t_le_eabi.a(libdebugio.o)
                              E:/Programme/CrossWorks for ARM 5.3/lib/libdebugio_v6m_t_le_eabi.a(libdebugio_asm.o) (debug_fopen)
E:/Programme/CrossWorks for ARM 5.3/lib/libdebugio_v6m_t_le_eabi.a(do_nv_debug_operation.o)
                              E:/Programme/CrossWorks for ARM 5.3/lib/libdebugio_v6m_t_le_eabi.a(libdebugio.o) (__do_nvdebug_operation)
E:/Programme/CrossWorks for ARM 5.3/lib/libm_v6m_t_le_eabi.a(libm_asm.o)
                              E:/Programme/CrossWorks for ARM 5.3/lib/libc_v6m_t_le_eabi.a(libc2.o) (__aeabi_i2f)
E:/Programme/CrossWorks for ARM 5.3/lib/libm_v6m_t_le_eabi.a(libm2.o)
                              E:/Programme/CrossWorks for ARM 5.3/lib/libc_v6m_t_le_eabi.a(libvfprintf.o) (frexp)
E:/Programme/CrossWorks for ARM 5.3/lib/libm_v6m_t_le_eabi.a(libm2_asm.o)
                              E:/Programme/CrossWorks for ARM 5.3/lib/libm_v6m_t_le_eabi.a(libm2.o) (fabs)

Discarded input sections

 .group         0x00000000        0xc RoundPi_LVGL THUMB Debug/system_RP2040.o
 .group         0x00000000        0xc RoundPi_LVGL THUMB Debug/system_RP2040.o
 .group         0x00000000        0xc RoundPi_LVGL THUMB Debug/system_RP2040.o
 .group         0x00000000        0xc RoundPi_LVGL THUMB Debug/system_RP2040.o
 .group         0x00000000        0xc RoundPi_LVGL THUMB Debug/system_RP2040.o
 .group         0x00000000        0xc RoundPi_LVGL THUMB Debug/system_RP2040.o
 .group         0x00000000        0xc RoundPi_LVGL THUMB Debug/system_RP2040.o
 .group         0x00000000        0xc RoundPi_LVGL THUMB Debug/system_RP2040.o
 .group         0x00000000        0xc RoundPi_LVGL THUMB Debug/system_RP2040.o
 .group         0x00000000        0xc RoundPi_LVGL THUMB Debug/system_RP2040.o
 .group         0x00000000        0xc RoundPi_LVGL THUMB Debug/system_RP2040.o
 .group         0x00000000        0xc RoundPi_LVGL THUMB Debug/system_RP2040.o
 .group         0x00000000        0xc RoundPi_LVGL THUMB Debug/system_RP2040.o
 .group         0x00000000        0xc RoundPi_LVGL THUMB Debug/system_RP2040.o
 .group         0x00000000        0xc RoundPi_LVGL THUMB Debug/system_RP2040.o
 .group         0x00000000        0xc RoundPi_LVGL THUMB Debug/system_RP2040.o
 .group         0x00000000        0xc RoundPi_LVGL THUMB Debug/system_RP2040.o
 .group         0x00000000        0xc RoundPi_LVGL THUMB Debug/system_RP2040.o
 .group         0x00000000        0xc RoundPi_LVGL THUMB Debug/system_RP2040.o
 .group         0x00000000        0xc RoundPi_LVGL THUMB Debug/system_RP2040.o
 .group         0x00000000        0xc RoundPi_LVGL THUMB Debug/system_RP2040.o
 .group         0x00000000        0xc RoundPi_LVGL THUMB Debug/system_RP2040.o
 .group         0x00000000        0xc RoundPi_LVGL THUMB Debug/system_RP2040.o
 .group         0x00000000        0xc RoundPi_LVGL THUMB Debug/system_RP2040.o
 .group         0x00000000        0xc RoundPi_LVGL THUMB Debug/system_RP2040.o
 .group         0x00000000        0xc RoundPi_LVGL THUMB Debug/system_RP2040.o
 .group         0x00000000        0xc RoundPi_LVGL THUMB Debug/system_RP2040.o
 .group         0x00000000        0xc RoundPi_LVGL THUMB Debug/system_RP2040.o
 .group         0x00000000        0xc RoundPi_LVGL THUMB Debug/system_RP2040.o
 .group         0x00000000        0xc RoundPi_LVGL THUMB Debug/system_RP2040.o
 .group         0x00000000        0xc RoundPi_LVGL THUMB Debug/system_RP2040.o
 .group         0x00000000        0xc RoundPi_LVGL THUMB Debug/system_RP2040.o
 .group         0x00000000        0xc RoundPi_LVGL THUMB Debug/system_RP2040.o
 .group         0x00000000        0xc RoundPi_LVGL THUMB Debug/system_RP2040.o
[...]
Memory Configuration

Name             Origin             Length             Attributes
UNPLACED_SECTIONS 0x00000000         0x00000000         xw
PPB              0xe0000000         0x01000000         xr
SIO              0xd0000000         0x01000000         xr
AHB              0x50000000         0x01000000         xr
APB              0x40000000         0x01000000         xr
SCRATCH_Y        0x20041000         0x00001000         xw
SCRATCH_X        0x20040000         0x00001000         xw
RAM              0x20000000         0x00040000         xw
FLASH            0x10000000         0x01000000         xr
ROM              0x00000000         0x00004000         xr
*default*        0x00000000         0xffffffff

Linker script and memory map

                0xe0000000                        __PPB_segment_start__ = 0xe0000000
                0xe1000000                        __PPB_segment_end__ = 0xe1000000
                0x01000000                        __PPB_segment_size__ = 0x1000000
                0xd0000000                        __SIO_segment_start__ = 0xd0000000
                0xd1000000                        __SIO_segment_end__ = 0xd1000000
                0x01000000                        __SIO_segment_size__ = 0x1000000
                0x50000000                        __AHB_segment_start__ = 0x50000000
                0x51000000                        __AHB_segment_end__ = 0x51000000
                0x01000000                        __AHB_segment_size__ = 0x1000000
                0x40000000                        __APB_segment_start__ = 0x40000000
                0x41000000                        __APB_segment_end__ = 0x41000000
                0x01000000                        __APB_segment_size__ = 0x1000000
                0x20041000                        __SCRATCH_Y_segment_start__ = 0x20041000
                0x20042000                        __SCRATCH_Y_segment_end__ = 0x20042000
                0x00001000                        __SCRATCH_Y_segment_size__ = 0x1000
                0x20040000                        __SCRATCH_X_segment_start__ = 0x20040000
                0x20041000                        __SCRATCH_X_segment_end__ = 0x20041000
                0x00001000                        __SCRATCH_X_segment_size__ = 0x1000
                0x20000000                        __RAM_segment_start__ = 0x20000000
                0x20040000                        __RAM_segment_end__ = 0x20040000
                0x00040000                        __RAM_segment_size__ = 0x40000
                0x10000000                        __FLASH_segment_start__ = 0x10000000
                0x11000000                        __FLASH_segment_end__ = 0x11000000
                0x01000000                        __FLASH_segment_size__ = 0x1000000
                0x00000000                        __ROM_segment_start__ = 0x0
                0x00004000                        __ROM_segment_end__ = 0x4000
                0x00004000                        __ROM_segment_size__ = 0x4000
                0x00001000                        __HEAPSIZE__ = 0x1000
                0x00000000                        __STACKSIZE_ABT__ = 0x0
                0x00000000                        __STACKSIZE_FIQ__ = 0x0
                0x00000000                        __STACKSIZE_IRQ__ = 0x0
                0x00000000                        __STACKSIZE_PROCESS__ = 0x0
                0x00000000                        __STACKSIZE_SVC__ = 0x0
                0x00000000                        __STACKSIZE_UND__ = 0x0
                0x00002000                        __STACKSIZE__ = 0x2000
                0x00000000                        __do_debug_operation = __do_debug_operation_mempoll
                0x10009200                        __vfprintf = __vfprintf_float_long_long
                0x00000000                        __vfscanf = __vfscanf_float_long_long_cc
                0x10000000                        __boot_load_start__ = ALIGN (__FLASH_segment_start__, 0x4)

.boot           0x10000000      0x100
                0x10000000                        __boot_start__ = .
 *(.boot .boot.*)
 .boot          0x10000000       0xf0 RoundPi_LVGL THUMB Debug/RP2040_Boot.o
                0x10000000                _stage2_boot
                0x100000bc                read_flash_sreg
                0x100000cc                literals
                0x10000100                        . = ALIGN (MAX ((__boot_start__ + 0x100), .), 0x4)
 *fill*         0x100000f0       0x10 
                0x10000100                        __boot_end__ = (__boot_start__ + SIZEOF (.boot))
                0x00000100                        __boot_size__ = SIZEOF (.boot)
                0x10000100                        __boot_load_end__ = __boot_end__
                0x00000001                        . = ASSERT (((__boot_start__ == __boot_end__) || ((__boot_end__ - __FLASH_segment_start__) <= __FLASH_segment_size__)), error: .boot is too large to fit in FLASH memory segment)
                0x00000001                        . = ASSERT ((0x100 == ALIGN (0x100, 0x4)), error: .boot section size does not match alignment)
                0x00000001                        . = ASSERT ((__boot_size__ <= 0x100), error: .boot section is larger than specified size)
                0x10000100                        __vectors_load_start__ = ALIGN (__boot_end__, 0x100)

.vectors        0x10000100       0xd4
                0x10000100                        __vectors_start__ = .
 *(.vectors .vectors.*)
 .vectors       0x10000100       0xd4 RoundPi_LVGL THUMB Debug/RP2040_VectorsSDK.o
                0x10000100                __vectors
                0x100001c0                __unhandled_user_irq
                0x100001c0                isr_irq13
                0x100001c0                isr_irq27
                0x100001c0                isr_irq31
                0x100001c0                isr_irq12
                0x100001c0                isr_irq5
                0x100001c0                isr_irq11
                0x100001c0                isr_irq3
                0x100001c0                isr_irq23
                0x100001c0                isr_irq18
                0x100001c0                isr_irq26
                0x100001c0                isr_irq28
                0x100001c0                isr_irq19
                0x100001c0                isr_irq0
                0x100001c0                isr_irq6
                0x100001c0                isr_irq29
                0x100001c0                isr_irq16
                0x100001c0                isr_irq22
                0x100001c0                isr_irq30
                0x100001c0                isr_irq17
                0x100001c0                isr_irq14
                0x100001c0                __vectors_end
                0x100001c0                __default_isrs_start
                0x100001c0                isr_irq2
                0x100001c0                isr_irq10
                0x100001c0                isr_irq8
                0x100001c0                isr_irq24
                0x100001c0                isr_irq1
                0x100001c0                isr_irq7
                0x100001c0                isr_irq21
                0x100001c0                isr_irq20
                0x100001c0                isr_irq15
                0x100001c0                isr_irq25
                0x100001c0                isr_irq4
                0x100001c0                isr_irq9
                0x100001c6                unhandled_user_irq_num_in_r0
                0x100001c8                isr_invalid
                0x100001ca                isr_nmi
                0x100001cc                isr_hardfault
                0x100001ce                isr_svcall
                0x100001d0                isr_pendsv
                0x100001d2                isr_systick
                0x100001d4                __default_isrs_end
                0x100001d4                        __vectors_end__ = (__vectors_start__ + SIZEOF (.vectors))
                0x000000d4                        __vectors_size__ = SIZEOF (.vectors)
                0x100001d4                        __vectors_load_end__ = __vectors_end__
                0x00000001                        . = ASSERT (((__vectors_start__ == __vectors_end__) || ((__vectors_end__ - __FLASH_segment_start__) <= __FLASH_segment_size__)), error: .vectors is too large to fit in FLASH memory segment)
                0x100001d4                        __init_load_start__ = ALIGN (__vectors_end__, 0x4)

.init           0x100001d4      0x320
                0x100001d4                        __init_start__ = .
 *(.init .init.*)
 .init.tight_loop_contents
                0x100001d4        0x4 RoundPi_LVGL THUMB Debug/system_RP2040.o
 .init.hw_set_bits
                0x100001d8       0x1a RoundPi_LVGL THUMB Debug/system_RP2040.o
 .init.hw_clear_bits
                0x100001f2       0x1a RoundPi_LVGL THUMB Debug/system_RP2040.o
 .init.reset_block_reg_mask
                0x1000020c       0x1a RoundPi_LVGL THUMB Debug/system_RP2040.o
 .init.unreset_block_reg_mask_wait_blocking
                0x10000226       0x30 RoundPi_LVGL THUMB Debug/system_RP2040.o
 *fill*         0x10000256        0x2 
 .init.reset_block_mask
                0x10000258       0x1c RoundPi_LVGL THUMB Debug/system_RP2040.o
 .init.unreset_block_mask_wait_blocking
                0x10000274       0x20 RoundPi_LVGL THUMB Debug/system_RP2040.o
 .init.reset_block
                0x10000294       0x14 RoundPi_LVGL THUMB Debug/system_RP2040.o
 .init.unreset_block_wait
                0x100002a8       0x12 RoundPi_LVGL THUMB Debug/system_RP2040.o
 *fill*         0x100002ba        0x2 
 .init.SystemCoreClockUpdate
                0x100002bc       0x18 RoundPi_LVGL THUMB Debug/system_RP2040.o
                0x100002bc                SystemCoreClockUpdate
 .init.SystemInit
                0x100002d4       0x34 RoundPi_LVGL THUMB Debug/system_RP2040.o
                0x100002d4                SystemInit
 .init          0x10000308       0x64 RoundPi_LVGL THUMB Debug/RP2040_Startup.o
                0x10000308                Reset_Handler
 .init          0x1000036c      0x188 RoundPi_LVGL THUMB Debug/thumb_crt0.o
                0x1000036c                _start
                0x10000424                _Exit
                0x100004f4                        __init_end__ = (__init_start__ + SIZEOF (.init))
                0x00000320                        __init_size__ = SIZEOF (.init)
                0x100004f4                        __init_load_end__ = __init_end__
                0x00000001                        . = ASSERT (((__init_start__ == __init_end__) || ((__init_end__ - __FLASH_segment_start__) <= __FLASH_segment_size__)), error: .init is too large to fit in FLASH memory segment)
                0x100004f4                        __init_rodata_load_start__ = ALIGN (__init_end__, 0x4)

.init_rodata    0x100004f4        0x0
                0x100004f4                        __init_rodata_start__ = .
 *(.init_rodata .init_rodata.*)
                0x100004f4                        __init_rodata_end__ = (__init_rodata_start__ + SIZEOF (.init_rodata))
                0x00000000                        __init_rodata_size__ = SIZEOF (.init_rodata)
                0x100004f4                        __init_rodata_load_end__ = __init_rodata_end__
                0x00000001                        . = ASSERT (((__init_rodata_start__ == __init_rodata_end__) || ((__init_rodata_end__ - __FLASH_segment_start__) <= __FLASH_segment_size__)), error: .init_rodata is too large to fit in FLASH memory segment)
                0x100004f4                        __reset_load_start__ = ALIGN (__init_rodata_end__, 0x4)

.reset          0x100004f4        0x0
                0x100004f4                        __reset_start__ = .
 *(.reset .reset.*)
                0x100004f4                        __reset_end__ = (__reset_start__ + SIZEOF (.reset))
                0x00000000                        __reset_size__ = SIZEOF (.reset)
                0x100004f4                        __reset_load_end__ = __reset_end__
                0x00000001                        . = ASSERT (((__reset_start__ == __reset_end__) || ((__reset_end__ - __FLASH_segment_start__) <= __FLASH_segment_size__)), error: .reset is too large to fit in FLASH memory segment)
                0x100004f4                        __text_load_start__ = ALIGN (__reset_end__, 0x4)

.text           0x100004f4     0xa834
                0x100004f4                        __text_start__ = .
 *(.text .text.* .gnu.linkonce.t.* .glue_7t .glue_7 .gcc_except_table .ARM.extab* .gnu.linkonce.armextab.*)
 .glue_7        0x100004f4        0x0 linker stubs
 .glue_7t       0x100004f4        0x0 linker stubs
 .text.tight_loop_contents
                0x100004f4        0x4 RoundPi_LVGL THUMB Debug/clocks.o
 .text.busy_wait_at_least_cycles
                0x100004f8       0x12 RoundPi_LVGL THUMB Debug/clocks.o
 .text.hw_set_bits
                0x1000050a       0x1a RoundPi_LVGL THUMB Debug/clocks.o
 .text.hw_clear_bits
                0x10000524       0x1a RoundPi_LVGL THUMB Debug/clocks.o
 .text.hw_xor_bits
                0x1000053e       0x1a RoundPi_LVGL THUMB Debug/clocks.o
 .text.hw_write_masked
                0x10000558       0x26 RoundPi_LVGL THUMB Debug/clocks.o
 .text.has_glitchless_mux
                0x1000057e       0x32 RoundPi_LVGL THUMB Debug/clocks.o
 .text.clock_configure_internal
                0x100005b0      0x124 RoundPi_LVGL THUMB Debug/clocks.o
 .text.clock_configure_int_divider
                0x100006d4       0x3c RoundPi_LVGL THUMB Debug/clocks.o
                0x100006d4                clock_configure_int_divider
 .text.clock_configure_undivided
                0x10000710       0x30 RoundPi_LVGL THUMB Debug/clocks.o
                0x10000710                clock_configure_undivided
 .text.clock_get_hz
                0x10000740       0x20 RoundPi_LVGL THUMB Debug/clocks.o
                0x10000740                clock_get_hz
 .text.clock_set_reported_hz
                0x10000760       0x24 RoundPi_LVGL THUMB Debug/clocks.o
                0x10000760                clock_set_reported_hz
 .text.tight_loop_contents
                0x10000784        0x4 RoundPi_LVGL THUMB Debug/pll.o
 .text.hw_set_bits
                0x10000788       0x1a RoundPi_LVGL THUMB Debug/pll.o
 .text.hw_clear_bits
                0x100007a2       0x1a RoundPi_LVGL THUMB Debug/pll.o
 .text.reset_block_reg_mask
                0x100007bc       0x1a RoundPi_LVGL THUMB Debug/pll.o
 .text.unreset_block_reg_mask_wait_blocking
                0x100007d6       0x30 RoundPi_LVGL THUMB Debug/pll.o
 *fill*         0x10000806        0x2 
 .text.reset_unreset_block_num_wait_blocking
                0x10000808       0x38 RoundPi_LVGL THUMB Debug/pll.o
 .text.pll_init
                0x10000840      0x154 RoundPi_LVGL THUMB Debug/pll.o
                0x10000840                pll_init
 .text.tick_start
                0x10000994       0x24 RoundPi_LVGL THUMB Debug/ticks.o
                0x10000994                tick_start
 .text.tight_loop_contents
                0x100009b8        0x4 RoundPi_LVGL THUMB Debug/claim.o
 .text.__dmb    0x100009bc        0x8 RoundPi_LVGL THUMB Debug/claim.o
 .text.__mem_fence_acquire
                0x100009c4        0xa RoundPi_LVGL THUMB Debug/claim.o
 .text.__mem_fence_release
                0x100009ce        0xa RoundPi_LVGL THUMB Debug/claim.o
 .text.save_and_disable_interrupts
                0x100009d8       0x12 RoundPi_LVGL THUMB Debug/claim.o
 .text.restore_interrupts_from_disabled
                0x100009ea       0x10 RoundPi_LVGL THUMB Debug/claim.o
 *fill*         0x100009fa        0x2 
 .text.spin_lock_instance
                0x100009fc       0x18 RoundPi_LVGL THUMB Debug/claim.o
 .text.spin_lock_unsafe_blocking
                0x10000a14       0x24 RoundPi_LVGL THUMB Debug/claim.o
 .text.spin_unlock_unsafe
                0x10000a38       0x16 RoundPi_LVGL THUMB Debug/claim.o
 .text.spin_lock_blocking
                0x10000a4e       0x1e RoundPi_LVGL THUMB Debug/claim.o
 .text.spin_unlock
                0x10000a6c       0x1e RoundPi_LVGL THUMB Debug/claim.o
 .text.hw_claim_lock
                0x10000a8a       0x16 RoundPi_LVGL THUMB Debug/claim.o
                0x10000a8a                hw_claim_lock
 .text.hw_claim_unlock
                0x10000aa0       0x1e RoundPi_LVGL THUMB Debug/claim.o
                0x10000aa0                hw_claim_unlock
 .text.hw_is_claimed
                0x10000abe       0x2c RoundPi_LVGL THUMB Debug/claim.o
                0x10000abe                hw_is_claimed
 .text.hw_claim_or_assert
                0x10000aea       0x62 RoundPi_LVGL THUMB Debug/claim.o
                0x10000aea                hw_claim_or_assert
 .text.hw_claim_unused_from_range
                0x10000b4c       0xa2 RoundPi_LVGL THUMB Debug/claim.o
                0x10000b4c                hw_claim_unused_from_range
 *fill*         0x10000bee        0x2 
 .text.spin_lock_instance
                0x10000bf0       0x18 RoundPi_LVGL THUMB Debug/lock_core.o
 .text.lock_init
                0x10000c08       0x1c RoundPi_LVGL THUMB Debug/lock_core.o
                0x10000c08                lock_init
 .text.__dmb    0x10000c24        0x8 RoundPi_LVGL THUMB Debug/mutex.o
 .text.__mem_fence_release
                0x10000c2c        0xa RoundPi_LVGL THUMB Debug/mutex.o
 *fill*         0x10000c36        0x2 
 .text.runtime_init_mutex
                0x10000c38       0x6c RoundPi_LVGL THUMB Debug/mutex.o
                0x10000c38                runtime_init_mutex
 .text.mutex_init
                0x10000ca4       0x26 RoundPi_LVGL THUMB Debug/mutex.o
                0x10000ca4                mutex_init
 .text.recursive_mutex_init
                0x10000cca       0x2c RoundPi_LVGL THUMB Debug/mutex.o
                0x10000cca                recursive_mutex_init
 .text.to_us_since_boot
                0x10000cf6       0x12 RoundPi_LVGL THUMB Debug/time.o
 .text.update_us_since_boot
                0x10000d08       0x18 RoundPi_LVGL THUMB Debug/time.o
 .text.__compiler_memory_barrier
                0x10000d20        0x4 RoundPi_LVGL THUMB Debug/time.o
 .text.tight_loop_contents
                0x10000d24        0x4 RoundPi_LVGL THUMB Debug/time.o
 .text.get_core_num
                0x10000d28        0xa RoundPi_LVGL THUMB Debug/time.o
 .text.__get_current_exception
                0x10000d32       0x10 RoundPi_LVGL THUMB Debug/time.o
 .text.hw_set_bits
                0x10000d42       0x1a RoundPi_LVGL THUMB Debug/time.o
 .text.hw_clear_bits
                0x10000d5c       0x1a RoundPi_LVGL THUMB Debug/time.o
 .text.check_hardware_alarm_num_param
                0x10000d76        0xa RoundPi_LVGL THUMB Debug/time.o
 .text.timer_time_us_32
                0x10000d80        0xe RoundPi_LVGL THUMB Debug/time.o
 .text.timer_time_reached
                0x10000d8e       0x5e RoundPi_LVGL THUMB Debug/time.o
 .text.time_reached
                0x10000dec       0x20 RoundPi_LVGL THUMB Debug/time.o
 .text.timer_hardware_alarm_get_irq_num
                0x10000e0c       0x18 RoundPi_LVGL THUMB Debug/time.o
 .text.timer_get_index
                0x10000e24        0xc RoundPi_LVGL THUMB Debug/time.o
 .text.timer_get_instance
                0x10000e30       0x10 RoundPi_LVGL THUMB Debug/time.o
 .text.get_absolute_time
                0x10000e40       0x20 RoundPi_LVGL THUMB Debug/time.o
 .text.delayed_by_us
                0x10000e60       0x60 RoundPi_LVGL THUMB Debug/time.o
 .text.make_timeout_time_us
                0x10000ec0       0x20 RoundPi_LVGL THUMB Debug/time.o
 .text.absolute_time_diff_us
                0x10000ee0       0x3c RoundPi_LVGL THUMB Debug/time.o
 .text.add_alarm_at
                0x10000f1c       0x2e RoundPi_LVGL THUMB Debug/time.o
 .text.__sev    0x10000f4a        0x6 RoundPi_LVGL THUMB Debug/time.o
 .text.__wfe    0x10000f50        0x6 RoundPi_LVGL THUMB Debug/time.o
 .text.__dmb    0x10000f56        0x8 RoundPi_LVGL THUMB Debug/time.o
 .text.__mem_fence_acquire
                0x10000f5e        0xa RoundPi_LVGL THUMB Debug/time.o
 .text.__mem_fence_release
                0x10000f68        0xa RoundPi_LVGL THUMB Debug/time.o
 .text.save_and_disable_interrupts
                0x10000f72       0x12 RoundPi_LVGL THUMB Debug/time.o
 .text.restore_interrupts_from_disabled
                0x10000f84       0x10 RoundPi_LVGL THUMB Debug/time.o
 .text.spin_lock_instance
                0x10000f94       0x18 RoundPi_LVGL THUMB Debug/time.o
 .text.spin_lock_unsafe_blocking
                0x10000fac       0x24 RoundPi_LVGL THUMB Debug/time.o
 .text.spin_unlock_unsafe
                0x10000fd0       0x16 RoundPi_LVGL THUMB Debug/time.o
 .text.spin_lock_blocking
                0x10000fe6       0x1e RoundPi_LVGL THUMB Debug/time.o
 .text.spin_unlock
                0x10001004       0x1e RoundPi_LVGL THUMB Debug/time.o
 *fill*         0x10001022        0x2 
 .text.default_alarm_pool_initialized
                0x10001024       0x14 RoundPi_LVGL THUMB Debug/time.o
 .text.ta_force_irq
                0x10001038       0x24 RoundPi_LVGL THUMB Debug/time.o
 .text.ta_clear_force_irq
                0x1000105c       0x24 RoundPi_LVGL THUMB Debug/time.o
 .text.ta_clear_irq
                0x10001080       0x16 RoundPi_LVGL THUMB Debug/time.o
 .text.ta_from_current_irq
                0x10001096       0x30 RoundPi_LVGL THUMB Debug/time.o
 .text.ta_set_timeout
                0x100010c6       0x5a RoundPi_LVGL THUMB Debug/time.o
 .text.ta_time_us_64
                0x10001120       0x1a RoundPi_LVGL THUMB Debug/time.o
 .text.ta_enable_irq_handler
                0x1000113a       0x56 RoundPi_LVGL THUMB Debug/time.o
 .text.ta_hardware_alarm_claim
                0x10001190       0x1a RoundPi_LVGL THUMB Debug/time.o
 .text.ta_timer_num
                0x100011aa       0x16 RoundPi_LVGL THUMB Debug/time.o
 .text.ta_default_timer_instance
                0x100011c0        0xc RoundPi_LVGL THUMB Debug/time.o
 .text.alarm_index
                0x100011cc       0x10 RoundPi_LVGL THUMB Debug/time.o
 .text.alarm_sequence
                0x100011dc        0xe RoundPi_LVGL THUMB Debug/time.o
 .text.make_alarm_id
                0x100011ea       0x1e RoundPi_LVGL THUMB Debug/time.o
 .text.runtime_init_default_alarm_pool
                0x10001208       0x4c RoundPi_LVGL THUMB Debug/time.o
                0x10001208                runtime_init_default_alarm_pool
 .text.alarm_pool_init_default
                0x10001254        0xa RoundPi_LVGL THUMB Debug/time.o
                0x10001254                alarm_pool_init_default
 *fill*         0x1000125e        0x2 
 .text.alarm_pool_get_default
                0x10001260       0x28 RoundPi_LVGL THUMB Debug/time.o
                0x10001260                alarm_pool_get_default
 .text.alarm_pool_irq_handler
                0x10001288      0x47c RoundPi_LVGL THUMB Debug/time.o
 .text.alarm_pool_post_alloc_init
                0x10001704       0xc4 RoundPi_LVGL THUMB Debug/time.o
 .text.alarm_pool_add_alarm_at
                0x100017c8       0x56 RoundPi_LVGL THUMB Debug/time.o
                0x100017c8                alarm_pool_add_alarm_at
 .text.alarm_pool_add_alarm_at_force_in_context
                0x1000181e      0x124 RoundPi_LVGL THUMB Debug/time.o
                0x1000181e                alarm_pool_add_alarm_at_force_in_context
 *fill*         0x10001942        0x2 
 .text.alarm_pool_cancel_alarm
                0x10001944       0xd0 RoundPi_LVGL THUMB Debug/time.o
                0x10001944                alarm_pool_cancel_alarm
 .text.sleep_until_callback
                0x10001a14       0x38 RoundPi_LVGL THUMB Debug/time.o
 .text.sleep_until
                0x10001a4c       0xe0 RoundPi_LVGL THUMB Debug/time.o
                0x10001a4c                sleep_until
 .text.sleep_us
                0x10001b2c       0x26 RoundPi_LVGL THUMB Debug/time.o
                0x10001b2c                sleep_us
 .text.sleep_ms
                0x10001b52       0x2e RoundPi_LVGL THUMB Debug/time.o
                0x10001b52                sleep_ms
 .text.alarm_pool_add_repeating_timer_us
                0x10001b80       0x84 RoundPi_LVGL THUMB Debug/time.o
                0x10001b80                alarm_pool_add_repeating_timer_us
 .text.cancel_repeating_timer
                0x10001c04       0x40 RoundPi_LVGL THUMB Debug/time.o
                0x10001c04                cancel_repeating_timer
 .text.alarm_pool_get_default_timer
                0x10001c44        0xc RoundPi_LVGL THUMB Debug/time.o
                0x10001c44                alarm_pool_get_default_timer
 .text.dma_claim_unused_channel
                0x10001c50       0x30 RoundPi_LVGL THUMB Debug/dma.o
                0x10001c50                dma_claim_unused_channel
 .text.hw_xor_bits
                0x10001c80       0x1a RoundPi_LVGL THUMB Debug/gpio.o
 .text.hw_write_masked
                0x10001c9a       0x26 RoundPi_LVGL THUMB Debug/gpio.o
 .text.check_gpio_param
                0x10001cc0        0xa RoundPi_LVGL THUMB Debug/gpio.o
 .text.gpio_set_mask
                0x10001cca       0x12 RoundPi_LVGL THUMB Debug/gpio.o
 .text.gpio_clr_mask
                0x10001cdc       0x12 RoundPi_LVGL THUMB Debug/gpio.o
 .text.gpio_put
                0x10001cee       0x3a RoundPi_LVGL THUMB Debug/gpio.o
 .text.gpio_set_dir_out_masked
                0x10001d28       0x12 RoundPi_LVGL THUMB Debug/gpio.o
 .text.gpio_set_dir_in_masked
                0x10001d3a       0x12 RoundPi_LVGL THUMB Debug/gpio.o
 .text.gpio_set_dir
                0x10001d4c       0x3a RoundPi_LVGL THUMB Debug/gpio.o
 *fill*         0x10001d86        0x2 
 .text.gpio_set_function
                0x10001d88       0x4c RoundPi_LVGL THUMB Debug/gpio.o
                0x10001d88                gpio_set_function
 .text.gpio_set_pulls
                0x10001dd4       0x60 RoundPi_LVGL THUMB Debug/gpio.o
                0x10001dd4                gpio_set_pulls
 .text.gpio_init
                0x10001e34       0x2a RoundPi_LVGL THUMB Debug/gpio.o
                0x10001e34                gpio_init
 .text.tight_loop_contents
                0x10001e5e        0x4 RoundPi_LVGL THUMB Debug/irq.o
 .text.__get_current_exception
                0x10001e62       0x10 RoundPi_LVGL THUMB Debug/irq.o
 .text.check_irq_param
                0x10001e72        0xa RoundPi_LVGL THUMB Debug/irq.o
 .text.__dmb    0x10001e7c        0x8 RoundPi_LVGL THUMB Debug/irq.o
 .text.__mem_fence_acquire
                0x10001e84        0xa RoundPi_LVGL THUMB Debug/irq.o
 .text.__mem_fence_release
                0x10001e8e        0xa RoundPi_LVGL THUMB Debug/irq.o
 .text.save_and_disable_interrupts
                0x10001e98       0x12 RoundPi_LVGL THUMB Debug/irq.o
 .text.restore_interrupts_from_disabled
                0x10001eaa       0x10 RoundPi_LVGL THUMB Debug/irq.o
 *fill*         0x10001eba        0x2 
 .text.spin_lock_instance
                0x10001ebc       0x18 RoundPi_LVGL THUMB Debug/irq.o
 .text.spin_lock_unsafe_blocking
                0x10001ed4       0x24 RoundPi_LVGL THUMB Debug/irq.o
 .text.spin_unlock_unsafe
                0x10001ef8       0x16 RoundPi_LVGL THUMB Debug/irq.o
 .text.spin_lock_blocking
                0x10001f0e       0x1e RoundPi_LVGL THUMB Debug/irq.o
 .text.spin_unlock
                0x10001f2c       0x1e RoundPi_LVGL THUMB Debug/irq.o
 *fill*         0x10001f4a        0x2 
 .text.get_vtable
                0x10001f4c        0xc RoundPi_LVGL THUMB Debug/irq.o
 .text.add_thumb_bit
                0x10001f58       0x10 RoundPi_LVGL THUMB Debug/irq.o
 .text.remove_thumb_bit
                0x10001f68       0x10 RoundPi_LVGL THUMB Debug/irq.o
 .text.irq_set_enabled
                0x10001f78       0x38 RoundPi_LVGL THUMB Debug/irq.o
                0x10001f78                irq_set_enabled
 .text.irq_is_enabled
                0x10001fb0       0x2c RoundPi_LVGL THUMB Debug/irq.o
                0x10001fb0                irq_is_enabled
 .text.irq_set_mask_n_enabled_internal
                0x10001fdc       0x3c RoundPi_LVGL THUMB Debug/irq.o
 .text.irq_set_mask_n_enabled
                0x10002018       0x24 RoundPi_LVGL THUMB Debug/irq.o
                0x10002018                irq_set_mask_n_enabled
 .text.is_shared_irq_raw_handler
                0x1000203c       0x20 RoundPi_LVGL THUMB Debug/irq.o
 .text.set_raw_irq_handler_and_unlock
                0x1000205c       0x38 RoundPi_LVGL THUMB Debug/irq.o
 .text.irq_get_vtable_handler
                0x10002094       0x24 RoundPi_LVGL THUMB Debug/irq.o
                0x10002094                irq_get_vtable_handler
 .text.irq_set_exclusive_handler
                0x100020b8       0x6c RoundPi_LVGL THUMB Debug/irq.o
                0x100020b8                irq_set_exclusive_handler
 .text.make_j_16
                0x10002124       0x70 RoundPi_LVGL THUMB Debug/irq.o
 .text.insert_bl_32
                0x10002194       0x6c RoundPi_LVGL THUMB Debug/irq.o
 .text.resolve_j_16
                0x10002200       0x54 RoundPi_LVGL THUMB Debug/irq.o
 .text.slot_diff
                0x10002254       0x2c RoundPi_LVGL THUMB Debug/irq.o
 .text.get_slot_index
                0x10002280       0x20 RoundPi_LVGL THUMB Debug/irq.o
 .text.handler_from_slot
                0x100022a0        0xe RoundPi_LVGL THUMB Debug/irq.o
 *fill*         0x100022ae        0x2 
 .text.irq_remove_handler
                0x100022b0      0x220 RoundPi_LVGL THUMB Debug/irq.o
                0x100022b0                irq_remove_handler
 .text.nvic_ipr0
                0x100024d0        0xc RoundPi_LVGL THUMB Debug/irq.o
 .text.irq_add_tail_to_free_list
                0x100024dc      0x168 RoundPi_LVGL THUMB Debug/irq.o
                0x100024dc                irq_add_tail_to_free_list
 .text.runtime_init_per_core_irq_priorities
                0x10002644       0x38 RoundPi_LVGL THUMB Debug/irq.o
                0x10002644                runtime_init_per_core_irq_priorities
 .text.tight_loop_contents
                0x1000267c        0x4 RoundPi_LVGL THUMB Debug/spi.o
 .text.hw_set_bits
                0x10002680       0x1a RoundPi_LVGL THUMB Debug/spi.o
 .text.hw_clear_bits
                0x1000269a       0x1a RoundPi_LVGL THUMB Debug/spi.o
 .text.hw_xor_bits
                0x100026b4       0x1a RoundPi_LVGL THUMB Debug/spi.o
 .text.hw_write_masked
                0x100026ce       0x26 RoundPi_LVGL THUMB Debug/spi.o
 .text.reset_block_reg_mask
                0x100026f4       0x1a RoundPi_LVGL THUMB Debug/spi.o
 .text.unreset_block_reg_mask_wait_blocking
                0x1000270e       0x30 RoundPi_LVGL THUMB Debug/spi.o
 *fill*         0x1000273e        0x2 
 .text.reset_block_num
                0x10002740       0x24 RoundPi_LVGL THUMB Debug/spi.o
 .text.unreset_block_num_wait_blocking
                0x10002764       0x28 RoundPi_LVGL THUMB Debug/spi.o
 .text.spi_get_index
                0x1000278c       0x1c RoundPi_LVGL THUMB Debug/spi.o
 .text.spi_get_hw
                0x100027a8       0x16 RoundPi_LVGL THUMB Debug/spi.o
 .text.spi_get_const_hw
                0x100027be       0x16 RoundPi_LVGL THUMB Debug/spi.o
 .text.spi_set_format
                0x100027d4       0x86 RoundPi_LVGL THUMB Debug/spi.o
 .text.spi_is_writable
                0x1000285a       0x22 RoundPi_LVGL THUMB Debug/spi.o
 .text.spi_is_readable
                0x1000287c       0x22 RoundPi_LVGL THUMB Debug/spi.o
 *fill*         0x1000289e        0x2 
 .text.spi_reset
                0x100028a0       0x24 RoundPi_LVGL THUMB Debug/spi.o
 .text.spi_unreset
                0x100028c4       0x24 RoundPi_LVGL THUMB Debug/spi.o
 .text.spi_init
                0x100028e8       0x68 RoundPi_LVGL THUMB Debug/spi.o
                0x100028e8                spi_init
 .text.spi_set_baudrate
                0x10002950      0x10a RoundPi_LVGL THUMB Debug/spi.o
                0x10002950                spi_set_baudrate
 *fill*         0x10002a5a        0x2 
 .text.next_striped_spin_lock_num
                0x10002a5c       0x2c RoundPi_LVGL THUMB Debug/sync.o
                0x10002a5c                next_striped_spin_lock_num
 .text.__dmb    0x10002a88        0x8 RoundPi_LVGL THUMB Debug/sync_spin_lock.o
 .text.__mem_fence_release
                0x10002a90        0xa RoundPi_LVGL THUMB Debug/sync_spin_lock.o
 *fill*         0x10002a9a        0x2 
 .text.spin_lock_instance
                0x10002a9c       0x18 RoundPi_LVGL THUMB Debug/sync_spin_lock.o
 .text.spin_unlock_unsafe
                0x10002ab4       0x16 RoundPi_LVGL THUMB Debug/sync_spin_lock.o
 .text.spin_locks_reset
                0x10002aca       0x2e RoundPi_LVGL THUMB Debug/sync_spin_lock.o
                0x10002aca                spin_locks_reset
 .text.to_us_since_boot
                0x10002af8       0x12 RoundPi_LVGL THUMB Debug/timer.o
 .text.update_us_since_boot
                0x10002b0a       0x18 RoundPi_LVGL THUMB Debug/timer.o
 .text.tight_loop_contents
                0x10002b22        0x4 RoundPi_LVGL THUMB Debug/timer.o
 .text.check_hardware_alarm_num_param
                0x10002b26        0xa RoundPi_LVGL THUMB Debug/timer.o
 .text.timer_get_index
                0x10002b30        0xc RoundPi_LVGL THUMB Debug/timer.o
 .text.timer_hardware_alarm_claim
                0x10002b3c       0x38 RoundPi_LVGL THUMB Debug/timer.o
                0x10002b3c                timer_hardware_alarm_claim
 .text.timer_time_us_64
                0x10002b74       0x56 RoundPi_LVGL THUMB Debug/timer.o
                0x10002b74                timer_time_us_64
 .text.timer_busy_wait_us_32
                0x10002bca       0x40 RoundPi_LVGL THUMB Debug/timer.o
                0x10002bca                timer_busy_wait_us_32
 .text.timer_busy_wait_us
                0x10002c0a       0x6a RoundPi_LVGL THUMB Debug/timer.o
                0x10002c0a                timer_busy_wait_us
 .text.timer_busy_wait_ms
                0x10002c74       0x58 RoundPi_LVGL THUMB Debug/timer.o
                0x10002c74                timer_busy_wait_ms
 .text.timer_busy_wait_until
                0x10002ccc       0x68 RoundPi_LVGL THUMB Debug/timer.o
                0x10002ccc                timer_busy_wait_until
 .text.time_us_64
                0x10002d34       0x18 RoundPi_LVGL THUMB Debug/timer.o
                0x10002d34                time_us_64
 .text.busy_wait_us
                0x10002d4c       0x20 RoundPi_LVGL THUMB Debug/timer.o
                0x10002d4c                busy_wait_us
 .text.busy_wait_ms
                0x10002d6c       0x1c RoundPi_LVGL THUMB Debug/timer.o
                0x10002d6c                busy_wait_ms
 .text.busy_wait_until
                0x10002d88       0x20 RoundPi_LVGL THUMB Debug/timer.o
                0x10002d88                busy_wait_until
 .text.tight_loop_contents
                0x10002da8        0x4 RoundPi_LVGL THUMB Debug/uart.o
 .text.hw_set_bits
                0x10002dac       0x1a RoundPi_LVGL THUMB Debug/uart.o
 .text.hw_clear_bits
                0x10002dc6       0x1a RoundPi_LVGL THUMB Debug/uart.o
 .text.hw_xor_bits
                0x10002de0       0x1a RoundPi_LVGL THUMB Debug/uart.o
 .text.hw_write_masked
                0x10002dfa       0x26 RoundPi_LVGL THUMB Debug/uart.o
 .text.reset_block_reg_mask
                0x10002e20       0x1a RoundPi_LVGL THUMB Debug/uart.o
 .text.unreset_block_reg_mask_wait_blocking
                0x10002e3a       0x30 RoundPi_LVGL THUMB Debug/uart.o
 *fill*         0x10002e6a        0x2 
 .text.reset_block_num
                0x10002e6c       0x24 RoundPi_LVGL THUMB Debug/uart.o
 .text.unreset_block_num_wait_blocking
                0x10002e90       0x28 RoundPi_LVGL THUMB Debug/uart.o
 .text.uart_get_index
                0x10002eb8       0x1c RoundPi_LVGL THUMB Debug/uart.o
 .text.uart_get_hw
                0x10002ed4       0x16 RoundPi_LVGL THUMB Debug/uart.o
 .text.uart_get_reset_num
                0x10002eea       0x1e RoundPi_LVGL THUMB Debug/uart.o
 .text.uart_clock_get_hz
                0x10002f08       0x14 RoundPi_LVGL THUMB Debug/uart.o
 .text.uart_reset
                0x10002f1c       0x1c RoundPi_LVGL THUMB Debug/uart.o
 .text.uart_unreset
                0x10002f38       0x1c RoundPi_LVGL THUMB Debug/uart.o
 .text.uart_init
                0x10002f54       0xbc RoundPi_LVGL THUMB Debug/uart.o
                0x10002f54                uart_init
 .text.uart_disable_before_lcr_write
                0x10003010       0xa0 RoundPi_LVGL THUMB Debug/uart.o
 .text.uart_write_lcr_bits_masked
                0x100030b0       0x40 RoundPi_LVGL THUMB Debug/uart.o
 .text.uart_set_baudrate
                0x100030f0       0xa8 RoundPi_LVGL THUMB Debug/uart.o
                0x100030f0                uart_set_baudrate
 .text.uart_set_translate_crlf
                0x10003198       0x3c RoundPi_LVGL THUMB Debug/uart.o
                0x10003198                uart_set_translate_crlf
 .text.__breakpoint
                0x100031d4        0x6 RoundPi_LVGL THUMB Debug/newlib_interface.o
 .text.__get_current_exception
                0x100031da       0x10 RoundPi_LVGL THUMB Debug/newlib_interface.o
 .text._exit    0x100031ea        0xc RoundPi_LVGL THUMB Debug/newlib_interface.o
                0x100031ea                _exit
 *fill*         0x100031f6        0x2 
 .text.runtime_init
                0x100031f8       0x40 RoundPi_LVGL THUMB Debug/newlib_interface.o
                0x100031f8                runtime_init
 .text.panic    0x10003238       0x3c RoundPi_LVGL THUMB Debug/panic.o
                0x10003238                panic
 .text.runtime_run_initializers_from
                0x10003274       0x30 RoundPi_LVGL THUMB Debug/runtime.o
 .text.runtime_run_initializers
                0x100032a4       0x14 RoundPi_LVGL THUMB Debug/runtime.o
                0x100032a4                runtime_run_initializers
 .text.first_per_core_initializer
                0x100032b8        0x4 RoundPi_LVGL THUMB Debug/runtime.o
 .text.tight_loop_contents
                0x100032bc        0x4 RoundPi_LVGL THUMB Debug/runtime_init.o
 .text.hw_set_bits
                0x100032c0       0x1a RoundPi_LVGL THUMB Debug/runtime_init.o
 .text.hw_clear_bits
                0x100032da       0x1a RoundPi_LVGL THUMB Debug/runtime_init.o
 .text.reset_block_reg_mask
                0x100032f4       0x1a RoundPi_LVGL THUMB Debug/runtime_init.o
 .text.unreset_block_reg_mask_wait_blocking
                0x1000330e       0x30 RoundPi_LVGL THUMB Debug/runtime_init.o
 *fill*         0x1000333e        0x2 
 .text.reset_block_mask
                0x10003340       0x1c RoundPi_LVGL THUMB Debug/runtime_init.o
 .text.unreset_block_mask_wait_blocking
                0x1000335c       0x20 RoundPi_LVGL THUMB Debug/runtime_init.o
 .text.runtime_init_early_resets
                0x1000337c       0x20 RoundPi_LVGL THUMB Debug/runtime_init.o
                0x1000337c                runtime_init_early_resets
 .text.runtime_init_usb_power_down
                0x1000339c       0x24 RoundPi_LVGL THUMB Debug/runtime_init.o
                0x1000339c                runtime_init_usb_power_down
 .text.runtime_init_post_clock_resets
                0x100033c0       0x14 RoundPi_LVGL THUMB Debug/runtime_init.o
                0x100033c0                runtime_init_post_clock_resets
 .text.runtime_init_rp2040_gpio_ie_disable
                0x100033d4       0x24 RoundPi_LVGL THUMB Debug/runtime_init.o
                0x100033d4                runtime_init_rp2040_gpio_ie_disable
 .text.runtime_init_spin_locks_reset
                0x100033f8        0xa RoundPi_LVGL THUMB Debug/runtime_init.o
                0x100033f8                runtime_init_spin_locks_reset
 *fill*         0x10003402        0x2 
 .text.runtime_init_install_ram_vector_table
                0x10003404       0x64 RoundPi_LVGL THUMB Debug/runtime_init.o
                0x10003404                runtime_init_install_ram_vector_table
 .text.running_on_fpga
                0x10003468        0x6 RoundPi_LVGL THUMB Debug/runtime_init_clocks.o
 .text.tight_loop_contents
                0x1000346e        0x4 RoundPi_LVGL THUMB Debug/runtime_init_clocks.o
 .text.hw_clear_bits
                0x10003472       0x1a RoundPi_LVGL THUMB Debug/runtime_init_clocks.o
 .text.start_all_ticks
                0x1000348c       0x44 RoundPi_LVGL THUMB Debug/runtime_init_clocks.o
 .text.runtime_init_clocks
                0x100034d0      0x124 RoundPi_LVGL THUMB Debug/runtime_init_clocks.o
                0x100034d0                runtime_init_clocks
 .text.to_us_since_boot
                0x100035f4       0x12 RoundPi_LVGL THUMB Debug/stdio.o
 .text.update_us_since_boot
                0x10003606       0x18 RoundPi_LVGL THUMB Debug/stdio.o
 .text.timer_time_reached
                0x1000361e       0x5e RoundPi_LVGL THUMB Debug/stdio.o
 .text.time_reached
                0x1000367c       0x20 RoundPi_LVGL THUMB Debug/stdio.o
 .text.get_absolute_time
                0x1000369c       0x20 RoundPi_LVGL THUMB Debug/stdio.o
 .text.delayed_by_us
                0x100036bc       0x60 RoundPi_LVGL THUMB Debug/stdio.o
 .text.make_timeout_time_us
                0x1000371c       0x20 RoundPi_LVGL THUMB Debug/stdio.o
 .text.stdio_get_until
                0x1000373c       0x84 RoundPi_LVGL THUMB Debug/stdio.o
                0x1000373c                stdio_get_until
 .text.stdio_set_driver_enabled
                0x100037c0       0x68 RoundPi_LVGL THUMB Debug/stdio.o
                0x100037c0                stdio_set_driver_enabled
 .text.stdio_init_all
                0x10003828       0x24 RoundPi_LVGL THUMB Debug/stdio.o
                0x10003828                stdio_init_all
 .text.stdio_getchar_timeout_us
                0x1000384c       0x58 RoundPi_LVGL THUMB Debug/stdio.o
                0x1000384c                stdio_getchar_timeout_us
 .text.stdio_set_chars_available_callback
                0x100038a4       0x3c RoundPi_LVGL THUMB Debug/stdio.o
                0x100038a4                stdio_set_chars_available_callback
 .text.__wrap_printf
                0x100038e0       0x26 RoundPi_LVGL THUMB Debug/stdio.o
                0x100038e0                __wrap_printf
                0x100038e0                stdio_printf
 .text.tight_loop_contents
                0x10003906        0x4 RoundPi_LVGL THUMB Debug/stdio_uart.o
 .text.hw_xor_bits
                0x1000390a       0x1a RoundPi_LVGL THUMB Debug/stdio_uart.o
 .text.hw_write_masked
                0x10003924       0x26 RoundPi_LVGL THUMB Debug/stdio_uart.o
 *fill*         0x1000394a        0x2 
 .text.uart_get_index
                0x1000394c       0x1c RoundPi_LVGL THUMB Debug/stdio_uart.o
 .text.uart_get_hw
                0x10003968       0x16 RoundPi_LVGL THUMB Debug/stdio_uart.o
 .text.uart_set_irqs_enabled
                0x1000397e       0xa4 RoundPi_LVGL THUMB Debug/stdio_uart.o
 .text.uart_is_writable
                0x10003a22       0x22 RoundPi_LVGL THUMB Debug/stdio_uart.o
 .text.uart_tx_wait_blocking
                0x10003a44       0x26 RoundPi_LVGL THUMB Debug/stdio_uart.o
 .text.uart_is_readable
                0x10003a6a       0x22 RoundPi_LVGL THUMB Debug/stdio_uart.o
 .text.uart_write_blocking
                0x10003a8c       0x56 RoundPi_LVGL THUMB Debug/stdio_uart.o
 .text.uart_read_blocking
                0x10003ae2       0x56 RoundPi_LVGL THUMB Debug/stdio_uart.o
 .text.uart_putc_raw
                0x10003b38       0x22 RoundPi_LVGL THUMB Debug/stdio_uart.o
 *fill*         0x10003b5a        0x2 
 .text.uart_putc
                0x10003b5c       0x50 RoundPi_LVGL THUMB Debug/stdio_uart.o
 .text.uart_getc
                0x10003bac       0x20 RoundPi_LVGL THUMB Debug/stdio_uart.o
 .text.stdio_uart_init
                0x10003bcc       0x30 RoundPi_LVGL THUMB Debug/stdio_uart.o
                0x10003bcc                stdio_uart_init
 .text.stdio_uart_init_full
                0x10003bfc       0x58 RoundPi_LVGL THUMB Debug/stdio_uart.o
                0x10003bfc                stdio_uart_init_full
 .text.stdio_uart_out_chars
                0x10003c54       0x3c RoundPi_LVGL THUMB Debug/stdio_uart.o
 .text.stdio_uart_in_chars
                0x10003c90       0x70 RoundPi_LVGL THUMB Debug/stdio_uart.o
                0x10003c90                stdio_uart_in_chars
 .text.on_uart_rx
                0x10003d00       0x34 RoundPi_LVGL THUMB Debug/stdio_uart.o
 .text.stdio_uart_set_chars_available_callback
                0x10003d34       0xb4 RoundPi_LVGL THUMB Debug/stdio_uart.o
 .text.stdio_uart_out_flush
                0x10003de8       0x14 RoundPi_LVGL THUMB Debug/stdio_uart.o
 .text.hw_set_bits
                0x10003dfc       0x1a RoundPi_LVGL THUMB Debug/watchdog.o
 .text.hw_clear_bits
                0x10003e16       0x1a RoundPi_LVGL THUMB Debug/watchdog.o
 .text.watchdog_update
                0x10003e30       0x14 RoundPi_LVGL THUMB Debug/watchdog.o
                0x10003e30                watchdog_update
 .text._watchdog_enable
                0x10003e44       0xbc RoundPi_LVGL THUMB Debug/watchdog.o
                0x10003e44                _watchdog_enable
 .text.watchdog_reboot
                0x10003f00       0x68 RoundPi_LVGL THUMB Debug/watchdog.o
                0x10003f00                watchdog_reboot
 .text.tight_loop_contents
                0x10003f68        0x4 RoundPi_LVGL THUMB Debug/xosc.o
 .text.hw_set_bits
                0x10003f6c       0x1a RoundPi_LVGL THUMB Debug/xosc.o
 *fill*         0x10003f86        0x2 
 .text.xosc_init
                0x10003f88       0x3c RoundPi_LVGL THUMB Debug/xosc.o
                0x10003f88                xosc_init
 .text.DBG_get_pin_func
                0x10003fc4       0x84 RoundPi_LVGL THUMB Debug/debug_gpio_exti.o
 .text.DBG_get_func_txt
                0x10004048       0x34 RoundPi_LVGL THUMB Debug/debug_gpio_exti.o
 .text.DBG_gpio_dump_iomode
                0x1000407c       0xa4 RoundPi_LVGL THUMB Debug/debug_gpio_exti.o
 .text.DBG_gpio_dump_pupd
                0x10004120       0x98 RoundPi_LVGL THUMB Debug/debug_gpio_exti.o
 .text.DBG_gpio_dump_schm_rate
                0x100041b8       0xa4 RoundPi_LVGL THUMB Debug/debug_gpio_exti.o
 .text.DBG_gpio_dump_function
                0x1000425c       0x68 RoundPi_LVGL THUMB Debug/debug_gpio_exti.o
 .text.DBG_gpio_dump_pin_func
                0x100042c4       0x6c RoundPi_LVGL THUMB Debug/debug_gpio_exti.o
 .text.DBG_gpio_dump_InToPeri
                0x10004330       0x64 RoundPi_LVGL THUMB Debug/debug_gpio_exti.o
 .text.DBG_gpio_dump_OutToPad
                0x10004394       0x64 RoundPi_LVGL THUMB Debug/debug_gpio_exti.o
 .text.DBG_gpio_dump_bitnumbers
                0x100043f8       0x56 RoundPi_LVGL THUMB Debug/debug_gpio_exti.o
 *fill*         0x1000444e        0x2 
 .text.DBG_dump_gpio_status
                0x10004450      0x1e8 RoundPi_LVGL THUMB Debug/debug_gpio_exti.o
                0x10004450                DBG_dump_gpio_status
 .text.DBG_get_nvic_irq_name
                0x10004638       0xa0 RoundPi_LVGL THUMB Debug/debug_gpio_exti.o
 .text.NVIC_Is_IRQ_enabled
                0x100046d8       0x38 RoundPi_LVGL THUMB Debug/debug_gpio_exti.o
 .text.NVIC_Get_IRQ_prio
                0x10004710       0x7c RoundPi_LVGL THUMB Debug/debug_gpio_exti.o
 .text.DBG_dump_one_nvic_entry
                0x1000478c       0x50 RoundPi_LVGL THUMB Debug/debug_gpio_exti.o
 .text.DBG_dump_nvic_config
                0x100047dc       0x88 RoundPi_LVGL THUMB Debug/debug_gpio_exti.o
                0x100047dc                DBG_dump_nvic_config
 .text.DBG_setIndentRel
                0x10004864       0x24 RoundPi_LVGL THUMB Debug/debug_helper.o
                0x10004864                DBG_setIndentRel
 .text.DBG_setIndentAbs
                0x10004888       0x1c RoundPi_LVGL THUMB Debug/debug_helper.o
                0x10004888                DBG_setIndentAbs
 .text.DBG_setPadLen
                0x100048a4       0x1c RoundPi_LVGL THUMB Debug/debug_helper.o
                0x100048a4                DBG_setPadLen
 .text.DBG_do_indent
                0x100048c0       0x30 RoundPi_LVGL THUMB Debug/debug_helper.o
 .text.DBG_strpadright
                0x100048f0       0x5c RoundPi_LVGL THUMB Debug/debug_helper.o
                0x100048f0                DBG_strpadright
 .text.DBG_printf_indent
                0x1000494c       0x24 RoundPi_LVGL THUMB Debug/debug_helper.o
                0x1000494c                DBG_printf_indent
 .text.DBG_dump_textvalue
                0x10004970       0x4c RoundPi_LVGL THUMB Debug/debug_helper.o
                0x10004970                DBG_dump_textvalue
 .text.DBG_dump_number
                0x100049bc       0x38 RoundPi_LVGL THUMB Debug/debug_helper.o
                0x100049bc                DBG_dump_number
 .text.DBG_dump_section
                0x100049f4       0x68 RoundPi_LVGL THUMB Debug/debug_helper.o
                0x100049f4                DBG_dump_section
 .text.DBG_dump_section_useage
                0x10004a5c       0x50 RoundPi_LVGL THUMB Debug/debug_helper.o
                0x10004a5c                DBG_dump_section_useage
 .text.DBG_dump_stack_useage
                0x10004aac       0x84 RoundPi_LVGL THUMB Debug/debug_helper.o
                0x10004aac                DBG_dump_stack_useage
 .text._print_number_int
                0x10004b30       0xd8 RoundPi_LVGL THUMB Debug/debug_helper.o
 .text.print_str
                0x10004c08       0x2a RoundPi_LVGL THUMB Debug/debug_helper.o
 *fill*         0x10004c32        0x2 
 .text.print_dec_number
                0x10004c34       0x84 RoundPi_LVGL THUMB Debug/debug_helper.o
                0x10004c34                print_dec_number
 .text.get_sp   0x10004cb8        0x8 RoundPi_LVGL THUMB Debug/debug_sram.o
 .text.get_ram_useage
                0x10004cc0       0x38 RoundPi_LVGL THUMB Debug/debug_sram.o
 .text.get_max_stack_useage
                0x10004cf8       0x48 RoundPi_LVGL THUMB Debug/debug_sram.o
 .text.DBG_dump_sram_area
                0x10004d40       0x68 RoundPi_LVGL THUMB Debug/debug_sram.o
 .text.DBG_dump_sram_areas
                0x10004da8       0x5c RoundPi_LVGL THUMB Debug/debug_sram.o
 .text.DBG_dump_sram_sections
                0x10004e04      0x19c RoundPi_LVGL THUMB Debug/debug_sram.o
 .text.DBG_sram
                0x10004fa0       0x68 RoundPi_LVGL THUMB Debug/debug_sram.o
                0x10004fa0                DBG_sram
 .text._logto   0x10005008       0x44 RoundPi_LVGL THUMB Debug/log.o
 .text._LOG     0x1000504c       0xec RoundPi_LVGL THUMB Debug/log.o
                0x1000504c                _LOG
 .text.gpio_set_mask
                0x10005138       0x12 RoundPi_LVGL THUMB Debug/GC9A01.o
 .text.gpio_clr_mask
                0x1000514a       0x12 RoundPi_LVGL THUMB Debug/GC9A01.o
 .text.gpio_put
                0x1000515c       0x3a RoundPi_LVGL THUMB Debug/GC9A01.o
 *fill*         0x10005196        0x2 
 .text.GC9A01_command
                0x10005198       0x2c RoundPi_LVGL THUMB Debug/GC9A01.o
 .text.GC9A01_data
                0x100051c4       0x2c RoundPi_LVGL THUMB Debug/GC9A01.o
 .text.GC9A01_cmd_data
                0x100051f0       0x42 RoundPi_LVGL THUMB Debug/GC9A01.o
                0x100051f0                GC9A01_cmd_data
 .text.GC9A01_hard_reset
                0x10005232       0x30 RoundPi_LVGL THUMB Debug/GC9A01.o
                0x10005232                GC9A01_hard_reset
 *fill*         0x10005262        0x2 
 .text.GC9A01_run_cfg_script
                0x10005264       0x94 RoundPi_LVGL THUMB Debug/GC9A01.o
                0x10005264                GC9A01_run_cfg_script
 .text.GC9A01_fillScreen
                0x100052f8       0x26 RoundPi_LVGL THUMB Debug/GC9A01.o
                0x100052f8                GC9A01_fillScreen
 .text.GC9A01_fillRect
                0x1000531e      0x158 RoundPi_LVGL THUMB Debug/GC9A01.o
                0x1000531e                GC9A01_fillRect
 *fill*         0x10005476        0x2 
 .text.GC9A01_set_addr_win
                0x10005478      0x104 RoundPi_LVGL THUMB Debug/GC9A01.o
 .text.gpio_set_mask
                0x1000557c       0x12 RoundPi_LVGL THUMB Debug/Init_Spi.o
 .text.gpio_clr_mask
                0x1000558e       0x12 RoundPi_LVGL THUMB Debug/Init_Spi.o
 .text.gpio_put
                0x100055a0       0x3a RoundPi_LVGL THUMB Debug/Init_Spi.o
 .text.gpio_set_dir_out_masked
                0x100055da       0x12 RoundPi_LVGL THUMB Debug/Init_Spi.o
 .text.gpio_set_dir_in_masked
                0x100055ec       0x12 RoundPi_LVGL THUMB Debug/Init_Spi.o
 .text.gpio_set_dir
                0x100055fe       0x3a RoundPi_LVGL THUMB Debug/Init_Spi.o
 .text.Init_Spi1
                0x10005638       0x68 RoundPi_LVGL THUMB Debug/Init_Spi.o
                0x10005638                Init_Spi1
 .text.LV_DRV_DELAY_MS
                0x100056a0       0x14 RoundPi_LVGL THUMB Debug/lv_4wire_spi.o
                0x100056a0                LV_DRV_DELAY_MS
 .text.CircBuff_Init
                0x100056b4       0x58 RoundPi_LVGL THUMB Debug/circbuf.o
                0x100056b4                CircBuff_Init
 .text.CircBuff_Put
                0x1000570c       0x8c RoundPi_LVGL THUMB Debug/circbuf.o
                0x1000570c                CircBuff_Put
 .text.CB_PutNowrap
                0x10005798       0x36 RoundPi_LVGL THUMB Debug/circbuf.o
 .text.CircBuff_PutStr
                0x100057ce       0xb6 RoundPi_LVGL THUMB Debug/circbuf.o
                0x100057ce                CircBuff_PutStr
 .text.LinBuff_Init
                0x10005884       0x2e RoundPi_LVGL THUMB Debug/circbuf.o
                0x10005884                LinBuff_Init
 .text.LinBuff_Putc
                0x100058b2       0x4e RoundPi_LVGL THUMB Debug/circbuf.o
                0x100058b2                LinBuff_Putc
 .text.LinBuff_Peekc
                0x10005900       0x2e RoundPi_LVGL THUMB Debug/circbuf.o
                0x10005900                LinBuff_Peekc
 .text.LinBuff_Getc
                0x1000592e       0x3c RoundPi_LVGL THUMB Debug/circbuf.o
                0x1000592e                LinBuff_Getc
 .text.LinBuff_Gets
                0x1000596a       0x32 RoundPi_LVGL THUMB Debug/circbuf.o
                0x1000596a                LinBuff_Gets
 .text.LinBuff_GetsTo
                0x1000599c       0x76 RoundPi_LVGL THUMB Debug/circbuf.o
                0x1000599c                LinBuff_GetsTo
 .text.LinBuff_SetEmpty
                0x10005a12       0x1e RoundPi_LVGL THUMB Debug/circbuf.o
                0x10005a12                LinBuff_SetEmpty
 .text.hw_set_bits
                0x10005a30       0x1a RoundPi_LVGL THUMB Debug/debug_io.o
 .text.hw_clear_bits
                0x10005a4a       0x1a RoundPi_LVGL THUMB Debug/debug_io.o
 .text.check_dma_channel_param
                0x10005a64        0xa RoundPi_LVGL THUMB Debug/debug_io.o
 .text.dma_channel_hw_addr
                0x10005a6e       0x20 RoundPi_LVGL THUMB Debug/debug_io.o
 .text.channel_config_set_read_address_update_type
                0x10005a8e       0x2e RoundPi_LVGL THUMB Debug/debug_io.o
 .text.channel_config_set_write_address_update_type
                0x10005abc       0x2e RoundPi_LVGL THUMB Debug/debug_io.o
 .text.channel_config_set_read_increment
                0x10005aea       0x24 RoundPi_LVGL THUMB Debug/debug_io.o
 .text.channel_config_set_write_increment
                0x10005b0e       0x24 RoundPi_LVGL THUMB Debug/debug_io.o
 *fill*         0x10005b32        0x2 
 .text.channel_config_set_dreq
                0x10005b34       0x44 RoundPi_LVGL THUMB Debug/debug_io.o
 .text.channel_config_set_chain_to
                0x10005b78       0x44 RoundPi_LVGL THUMB Debug/debug_io.o
 .text.channel_config_set_transfer_data_size
                0x10005bbc       0x64 RoundPi_LVGL THUMB Debug/debug_io.o
 .text.channel_config_set_ring
                0x10005c20       0x60 RoundPi_LVGL THUMB Debug/debug_io.o
 .text.channel_config_set_bswap
                0x10005c80       0x38 RoundPi_LVGL THUMB Debug/debug_io.o
 .text.channel_config_set_irq_quiet
                0x10005cb8       0x38 RoundPi_LVGL THUMB Debug/debug_io.o
 .text.channel_config_set_high_priority
                0x10005cf0       0x34 RoundPi_LVGL THUMB Debug/debug_io.o
 .text.channel_config_set_enable
                0x10005d24       0x34 RoundPi_LVGL THUMB Debug/debug_io.o
 .text.channel_config_set_sniff_enable
                0x10005d58       0x38 RoundPi_LVGL THUMB Debug/debug_io.o
 .text.dma_channel_get_default_config
                0x10005d90       0x84 RoundPi_LVGL THUMB Debug/debug_io.o
 .text.channel_config_get_ctrl_value
                0x10005e14        0xe RoundPi_LVGL THUMB Debug/debug_io.o
 .text.dma_channel_set_config
                0x10005e22       0x52 RoundPi_LVGL THUMB Debug/debug_io.o
 .text.dma_channel_set_read_addr
                0x10005e74       0x42 RoundPi_LVGL THUMB Debug/debug_io.o
 .text.dma_channel_set_write_addr
                0x10005eb6       0x42 RoundPi_LVGL THUMB Debug/debug_io.o
 .text.dma_channel_set_transfer_count
                0x10005ef8       0x42 RoundPi_LVGL THUMB Debug/debug_io.o
 .text.dma_channel_set_trans_count
                0x10005f3a       0x24 RoundPi_LVGL THUMB Debug/debug_io.o
 .text.dma_channel_configure
                0x10005f5e       0x44 RoundPi_LVGL THUMB Debug/debug_io.o
 *fill*         0x10005fa2        0x2 
 .text.dma_channel_set_irq0_enabled
                0x10005fa4       0x50 RoundPi_LVGL THUMB Debug/debug_io.o
 .text.dma_channel_acknowledge_irq0
                0x10005ff4       0x28 RoundPi_LVGL THUMB Debug/debug_io.o
 .text.uart_get_index
                0x1000601c       0x1c RoundPi_LVGL THUMB Debug/debug_io.o
 .text.uart_get_hw
                0x10006038       0x16 RoundPi_LVGL THUMB Debug/debug_io.o
 *fill*         0x1000604e        0x2 
 .text.DMA_TX_handler
                0x10006050       0x2c RoundPi_LVGL THUMB Debug/debug_io.o
                0x10006050                DMA_TX_handler
 .text.uart_setup_dma_channel
                0x1000607c       0x94 RoundPi_LVGL THUMB Debug/debug_io.o
 .text.UsartStartTx
                0x10006110       0x34 RoundPi_LVGL THUMB Debug/debug_io.o
 .text.Debug_OutputTransfer
                0x10006144       0x68 RoundPi_LVGL THUMB Debug/debug_io.o
 .text.DebugOutputCompleteCB
                0x100061ac       0x44 RoundPi_LVGL THUMB Debug/debug_io.o
                0x100061ac                DebugOutputCompleteCB
 .text.task_handle_out
                0x100061f0       0x6c RoundPi_LVGL THUMB Debug/debug_io.o
                0x100061f0                task_handle_out
 .text.__putchar
                0x1000625c       0x64 RoundPi_LVGL THUMB Debug/debug_io.o
                0x1000625c                __putchar
 .text.Debug_RxCharAvailCB
                0x100062c0       0x1c RoundPi_LVGL THUMB Debug/debug_io.o
                0x100062c0                Debug_RxCharAvailCB
 .text.task_init_io
                0x100062dc       0x64 RoundPi_LVGL THUMB Debug/debug_io.o
                0x100062dc                task_init_io
 .text.DebugHandleInputChar
                0x10006340       0x88 RoundPi_LVGL THUMB Debug/debug_io.o
                0x10006340                DebugHandleInputChar
 .text.task_handle_com
                0x100063c8       0x2a RoundPi_LVGL THUMB Debug/debug_io.o
                0x100063c8                task_handle_com
 *fill*         0x100063f2        0x2 
 .text.Console_Write
                0x100063f4       0x30 RoundPi_LVGL THUMB Debug/debug_io.o
                0x100063f4                Console_Write
 .text.Console_CRLF
                0x10006424       0x30 RoundPi_LVGL THUMB Debug/debug_io.o
                0x10006424                Console_CRLF
 .text.CheckList
                0x10006454       0x80 RoundPi_LVGL THUMB Debug/periodic.o
 .text.task_periodic
                0x100064d4       0xe0 RoundPi_LVGL THUMB Debug/periodic.o
                0x100064d4                task_periodic
 .text.PeriodicDumpOneList
                0x100065b4       0xac RoundPi_LVGL THUMB Debug/periodic.o
                0x100065b4                PeriodicDumpOneList
 .text.PeriodicDumpList
                0x10006660       0xfc RoundPi_LVGL THUMB Debug/periodic.o
                0x10006660                PeriodicDumpList
 .text.save_and_disable_interrupts
                0x1000675c       0x12 RoundPi_LVGL THUMB Debug/profiling.o
 .text.restore_interrupts
                0x1000676e       0x10 RoundPi_LVGL THUMB Debug/profiling.o
 *fill*         0x1000677e        0x2 
 .text.ProfilerFormatTime
                0x10006780       0xd0 RoundPi_LVGL THUMB Debug/profiling.o
                0x10006780                ProfilerFormatTime
 .text.timer_time_us_32
                0x10006850        0xe RoundPi_LVGL THUMB Debug/profiling.o
 *fill*         0x1000685e        0x2 
 .text.time_us_32
                0x10006860       0x14 RoundPi_LVGL THUMB Debug/profiling.o
 .text.ProfilerInitTo
                0x10006874       0x7c RoundPi_LVGL THUMB Debug/profiling.o
                0x10006874                ProfilerInitTo
 .text.ProfilerSwitchTo
                0x100068f0       0x9c RoundPi_LVGL THUMB Debug/profiling.o
                0x100068f0                ProfilerSwitchTo
 .text.ProfilerPush
                0x1000698c       0xe8 RoundPi_LVGL THUMB Debug/profiling.o
                0x1000698c                ProfilerPush
 .text.ProfilerPop
                0x10006a74       0xb8 RoundPi_LVGL THUMB Debug/profiling.o
                0x10006a74                ProfilerPop
 .text.ProfilerDump
                0x10006b2c       0xf0 RoundPi_LVGL THUMB Debug/profiling.o
                0x10006b2c                ProfilerDump
 .text.add_repeating_timer_ms
                0x10006c1c       0x46 RoundPi_LVGL THUMB Debug/rtc.o
 *fill*         0x10006c62        0x2 
 .text.RTC_DaysOfMonth
                0x10006c64       0x40 RoundPi_LVGL THUMB Debug/rtc.o
 .text.RTC_TimerCheckDS
                0x10006ca4       0x64 RoundPi_LVGL THUMB Debug/rtc.o
 .text.RTC_AddOneDay
                0x10006d08       0x84 RoundPi_LVGL THUMB Debug/rtc.o
 .text.RTC_AddOneSecond
                0x10006d8c       0x74 RoundPi_LVGL THUMB Debug/rtc.o
                0x10006d8c                RTC_AddOneSecond
 .text.RTC_IsLastSunday
                0x10006e00       0x48 RoundPi_LVGL THUMB Debug/rtc.o
 .text.RTC_GetStrTimeMillis
                0x10006e48       0x50 RoundPi_LVGL THUMB Debug/rtc.o
                0x10006e48                RTC_GetStrTimeMillis
 .text.RTC_GetStrSecMicros
                0x10006e98       0x1c RoundPi_LVGL THUMB Debug/rtc.o
                0x10006e98                RTC_GetStrSecMicros
 .text.RTC_IncrementSecond
                0x10006eb4       0x16 RoundPi_LVGL THUMB Debug/rtc.o
                0x10006eb4                RTC_IncrementSecond
 *fill*         0x10006eca        0x2 
 .text.mstimer_callback
                0x10006ecc       0x28 RoundPi_LVGL THUMB Debug/rtc.o
                0x10006ecc                mstimer_callback
 .text.sectimer_callback
                0x10006ef4       0x28 RoundPi_LVGL THUMB Debug/rtc.o
                0x10006ef4                sectimer_callback
 .text.task_init_rtc
                0x10006f1c       0x7c RoundPi_LVGL THUMB Debug/rtc.o
                0x10006f1c                task_init_rtc
 .text.task_handle_rtc
                0x10006f98        0xa RoundPi_LVGL THUMB Debug/rtc.o
                0x10006f98                task_handle_rtc
 .text.gpio_get
                0x10006fa2       0x20 RoundPi_LVGL THUMB Debug/status.o
 .text.gpio_set_mask
                0x10006fc2       0x12 RoundPi_LVGL THUMB Debug/status.o
 .text.gpio_clr_mask
                0x10006fd4       0x12 RoundPi_LVGL THUMB Debug/status.o
 .text.gpio_put
                0x10006fe6       0x3a RoundPi_LVGL THUMB Debug/status.o
 .text.gpio_set_dir_out_masked
                0x10007020       0x12 RoundPi_LVGL THUMB Debug/status.o
 .text.gpio_set_dir_in_masked
                0x10007032       0x12 RoundPi_LVGL THUMB Debug/status.o
 .text.gpio_set_dir
                0x10007044       0x3a RoundPi_LVGL THUMB Debug/status.o
 .text.add_repeating_timer_ms
                0x1000707e       0x46 RoundPi_LVGL THUMB Debug/status.o
 .text.pico_pin_init
                0x100070c4       0x40 RoundPi_LVGL THUMB Debug/status.o
                0x100070c4                pico_pin_init
 .text.pico_set_pin
                0x10007104       0x2e RoundPi_LVGL THUMB Debug/status.o
                0x10007104                pico_set_pin
 *fill*         0x10007132        0x2 
 .text.pin_save_cfg
                0x10007134       0x28 RoundPi_LVGL THUMB Debug/status.o
                0x10007134                pin_save_cfg
 .text.pin_restore_cfg
                0x1000715c       0x28 RoundPi_LVGL THUMB Debug/status.o
                0x1000715c                pin_restore_cfg
 .text.pin_toggle_wait
                0x10007184       0x94 RoundPi_LVGL THUMB Debug/status.o
                0x10007184                pin_toggle_wait
 .text.blink_callback
                0x10007218       0x74 RoundPi_LVGL THUMB Debug/status.o
                0x10007218                blink_callback
 .text.pin_toggle_nowait
                0x1000728c       0xbc RoundPi_LVGL THUMB Debug/status.o
                0x1000728c                pin_toggle_nowait
 .text.My_Delay
                0x10007348       0x16 RoundPi_LVGL THUMB Debug/util.o
                0x10007348                My_Delay
 *fill*         0x1000735e        0x2 
 .text.Error_Handler
                0x10007360       0x34 RoundPi_LVGL THUMB Debug/util.o
                0x10007360                Error_Handler
 .text.Error_Handler_XX
                0x10007394       0x2c RoundPi_LVGL THUMB Debug/util.o
                0x10007394                Error_Handler_XX
 .text.pico_get_coreID
                0x100073c0        0xa RoundPi_LVGL THUMB Debug/util.o
                0x100073c0                pico_get_coreID
 *fill*         0x100073ca        0x2 
 .text.assert_failed
                0x100073cc       0x1c RoundPi_LVGL THUMB Debug/util.o
                0x100073cc                assert_failed
 .text.Dump_VersionInfo
                0x100073e8       0x9c RoundPi_LVGL THUMB Debug/version.o
                0x100073e8                Dump_VersionInfo
 .text.GetConfigNumLines
                0x10007484        0x6 RoundPi_LVGL THUMB Debug/version.o
                0x10007484                GetConfigNumLines
 *fill*         0x1000748a        0x2 
 .text.GetConfigLine
                0x1000748c       0x60 RoundPi_LVGL THUMB Debug/version.o
                0x1000748c                GetConfigLine
 .text.Init_DefineTasks
                0x100074ec       0x78 RoundPi_LVGL THUMB Debug/init.o
                0x100074ec                Init_DefineTasks
 .text.TaskIsRunableTask
                0x10007564       0x14 RoundPi_LVGL THUMB Debug/minitask.o
                0x10007564                TaskIsRunableTask
 .text.TaskRegisterTask
                0x10007578       0xc0 RoundPi_LVGL THUMB Debug/minitask.o
                0x10007578                TaskRegisterTask
 .text.TaskInitAll
                0x10007638       0x58 RoundPi_LVGL THUMB Debug/minitask.o
                0x10007638                TaskInitAll
 .text.TaskRunAll
                0x10007690       0xa8 RoundPi_LVGL THUMB Debug/minitask.o
                0x10007690                TaskRunAll
 .text.TaskNotify
                0x10007738       0x24 RoundPi_LVGL THUMB Debug/minitask.o
                0x10007738                TaskNotify
 .text.TaskDumpList
                0x1000775c       0xd4 RoundPi_LVGL THUMB Debug/minitask.o
                0x1000775c                TaskDumpList
 .text.CMD_GetMaxCmdLen
                0x10007830       0x58 RoundPi_LVGL THUMB Debug/cmdline.o
 .text.CMD_print_text_rightpadded
                0x10007888       0x5e RoundPi_LVGL THUMB Debug/cmdline.o
 *fill*         0x100078e6        0x2 
 .text.CMD_PrintHelp
                0x100078e8       0x9c RoundPi_LVGL THUMB Debug/cmdline.o
                0x100078e8                CMD_PrintHelp
 .text.CMD_Prompt
                0x10007984       0x48 RoundPi_LVGL THUMB Debug/cmdline.o
                0x10007984                CMD_Prompt
 .text.CMD_Push
                0x100079cc       0x5c RoundPi_LVGL THUMB Debug/cmdline.o
                0x100079cc                CMD_Push
 .text.CMD_Pop  0x10007a28       0x44 RoundPi_LVGL THUMB Debug/cmdline.o
                0x10007a28                CMD_Pop
 .text.CMD_Init
                0x10007a6c       0x18 RoundPi_LVGL THUMB Debug/cmdline.o
                0x10007a6c                CMD_Init
 .text.CMD_get_one_word
                0x10007a84       0x94 RoundPi_LVGL THUMB Debug/cmdline.o
                0x10007a84                CMD_get_one_word
 .text.CMD_argc
                0x10007b18       0x28 RoundPi_LVGL THUMB Debug/cmdline.o
                0x10007b18                CMD_argc
 .text.parse_line
                0x10007b40       0xb4 RoundPi_LVGL THUMB Debug/cmdline.o
 .text.word_to_uc
                0x10007bf4       0x46 RoundPi_LVGL THUMB Debug/cmdline.o
 .text.compare_words
                0x10007c3a       0x92 RoundPi_LVGL THUMB Debug/cmdline.o
 .text.is_helpword
                0x10007ccc       0x3c RoundPi_LVGL THUMB Debug/cmdline.o
 .text.is_exitword
                0x10007d08       0x3c RoundPi_LVGL THUMB Debug/cmdline.o
 .text.CMD_is_numeric
                0x10007d44       0xf0 RoundPi_LVGL THUMB Debug/cmdline.o
                0x10007d44                CMD_is_numeric
 .text.CMD_GetDecimal.0
                0x10007e34       0x3e RoundPi_LVGL THUMB Debug/cmdline.o
 .text.CMD_to_number
                0x10007e72      0x112 RoundPi_LVGL THUMB Debug/cmdline.o
                0x10007e72                CMD_to_number
 .text.CMD_GetHex.1
                0x10007f84       0x74 RoundPi_LVGL THUMB Debug/cmdline.o
 .text.get_matches
                0x10007ff8       0xc8 RoundPi_LVGL THUMB Debug/cmdline.o
 .text.execute_entry
                0x100080c0       0xe8 RoundPi_LVGL THUMB Debug/cmdline.o
 .text.handle_word
                0x100081a8      0x128 RoundPi_LVGL THUMB Debug/cmdline.o
 .text.handle_line
                0x100082d0       0x68 RoundPi_LVGL THUMB Debug/cmdline.o
 .text.Interpret_line
                0x10008338       0x60 RoundPi_LVGL THUMB Debug/cmdline.o
                0x10008338                Interpret_line
 .text.Config_Menu
                0x10008398       0x30 RoundPi_LVGL THUMB Debug/interpreters.o
 .text.pmtClkCfg
                0x100083c8        0xc RoundPi_LVGL THUMB Debug/interpreters.o
 .text.Init_GPIO
                0x100083d4      0x15c RoundPi_LVGL THUMB Debug/interpreters.o
 .text.gpio_get
                0x10008530       0x20 RoundPi_LVGL THUMB Debug/interpreters.o
 .text.gpio_set_mask
                0x10008550       0x12 RoundPi_LVGL THUMB Debug/interpreters.o
 .text.gpio_clr_mask
                0x10008562       0x12 RoundPi_LVGL THUMB Debug/interpreters.o
 .text.gpio_put
                0x10008574       0x3a RoundPi_LVGL THUMB Debug/interpreters.o
 *fill*         0x100085ae        0x2 
 .text.Toggle_GPIO
                0x100085b0       0xfc RoundPi_LVGL THUMB Debug/interpreters.o
 .text.Dump_GPIO
                0x100086ac       0x58 RoundPi_LVGL THUMB Debug/interpreters.o
 .text.Devices_Menu
                0x10008704       0x40 RoundPi_LVGL THUMB Debug/interpreters.o
 .text.pmtDevices
                0x10008744        0xc RoundPi_LVGL THUMB Debug/interpreters.o
 .text.Test_WD_reset
                0x10008750       0x70 RoundPi_LVGL THUMB Debug/interpreters.o
 .text.Test_Sleep
                0x100087c0       0x9c RoundPi_LVGL THUMB Debug/interpreters.o
 .text.Test_TmrAbs
                0x1000885c       0x54 RoundPi_LVGL THUMB Debug/interpreters.o
 .text.Test_TmrRel
                0x100088b0       0xb0 RoundPi_LVGL THUMB Debug/interpreters.o
 .text.Test_TmrDel
                0x10008960       0x20 RoundPi_LVGL THUMB Debug/interpreters.o
 .text.Test_TmrMulti
                0x10008980       0x54 RoundPi_LVGL THUMB Debug/interpreters.o
 .text.Test_TmrKill
                0x100089d4       0x24 RoundPi_LVGL THUMB Debug/interpreters.o
 .text.Test_Toggle
                0x100089f8       0x80 RoundPi_LVGL THUMB Debug/interpreters.o
 .text.System_Menu
                0x10008a78       0x58 RoundPi_LVGL THUMB Debug/interpreters.o
 .text.pmtTest  0x10008ad0        0xc RoundPi_LVGL THUMB Debug/interpreters.o
 .text.Spi1_Menu
                0x10008adc       0xd8 RoundPi_LVGL THUMB Debug/interpreters.o
 .text.pmtSpi1  0x10008bb4        0xc RoundPi_LVGL THUMB Debug/interpreters.o
 .text.Settings
                0x10008bc0       0x9c RoundPi_LVGL THUMB Debug/interpreters.o
                0x10008bc0                Settings
 .text.MainMenu
                0x10008c5c       0x98 RoundPi_LVGL THUMB Debug/interpreters.o
 .text.pmtBasic
                0x10008cf4        0xc RoundPi_LVGL THUMB Debug/interpreters.o
 .text.__wfi    0x10008d00        0x6 RoundPi_LVGL THUMB Debug/main.o
 .text.spi_init_all
                0x10008d06        0xa RoundPi_LVGL THUMB Debug/main.o
                0x10008d06                spi_init_all
 .text.main     0x10008d10       0x60 RoundPi_LVGL THUMB Debug/main.o
                0x10008d10                main
 .text.__aeabi_read_tp
                0x10008d70        0x8 RoundPi_LVGL THUMB Debug/thumb_crt0.o
                0x10008d70                __aeabi_read_tp
 .text.__assert
                0x10008d78        0x2 RoundPi_LVGL THUMB Debug/thumb_crt0.o
                0x10008d78                __assert
 .text.libc.__printf_lock
                0x10008d7a        0x2 E:/Programme/CrossWorks for ARM 5.3/lib/libc_v6m_t_le_eabi.a(libc.o)
                0x10008d7a                __printf_lock
 .text.libc.__printf_unlock
                0x10008d7c        0x2 E:/Programme/CrossWorks for ARM 5.3/lib/libc_v6m_t_le_eabi.a(libc.o)
                0x10008d7c                __printf_unlock
 *fill*         0x10008d7e        0x2 
 .text.libc.__int64_udivmod
                0x10008d80       0xac E:/Programme/CrossWorks for ARM 5.3/lib/libc_v6m_t_le_eabi.a(libc_asm.o)
                0x10008db6                __aeabi_uldivmod
                0x10008db6                __int64_udiv
                0x10008db6                __udivdi3
                0x10008db6                __int64_udivmod
 .text.libc.muldi3
                0x10008e2c       0x60 E:/Programme/CrossWorks for ARM 5.3/lib/libc_v6m_t_le_eabi.a(libc_asm.o)
                0x10008e2c                __muldi3
                0x10008e2c                __aeabi_lmul
 .text.libc.__int32_div
                0x10008e8c       0x3c E:/Programme/CrossWorks for ARM 5.3/lib/libc_v6m_t_le_eabi.a(libc_asm.o)
                0x10008e8c                __int32_div
                0x10008e8c                __divsi3
                0x10008e8c                __aeabi_idiv
 .text.libc.__uint32_div
                0x10008ec8       0x28 E:/Programme/CrossWorks for ARM 5.3/lib/libc_v6m_t_le_eabi.a(libc_asm.o)
                0x10008ec8                __uint32_div
                0x10008ec8                __aeabi_uidiv
                0x10008ec8                __udivsi3
 .text.libc.__aeabi_uidivmod
                0x10008ef0       0x2a E:/Programme/CrossWorks for ARM 5.3/lib/libc_v6m_t_le_eabi.a(libc_asm.o)
                0x10008ef0                __aeabi_uidivmod
                0x10008ef0                __int32_udivmod
 .text.libc.__aeabi_idivmod
                0x10008f1a       0x40 E:/Programme/CrossWorks for ARM 5.3/lib/libc_v6m_t_le_eabi.a(libc_asm.o)
                0x10008f1a                __aeabi_idivmod
 *fill*         0x10008f5a        0x2 
 .text.libc.__RAL_pow10
                0x10008f5c       0x50 E:/Programme/CrossWorks for ARM 5.3/lib/libc_v6m_t_le_eabi.a(libc2.o)
                0x10008f5c                __RAL_pow10
 .text.libc.__putc
                0x10008fac       0x3c E:/Programme/CrossWorks for ARM 5.3/lib/libc_v6m_t_le_eabi.a(libc2.o)
                0x10008fac                __putc
 .text.libc.__RAL_print_padding
                0x10008fe8       0x18 E:/Programme/CrossWorks for ARM 5.3/lib/libc_v6m_t_le_eabi.a(libc2.o)
                0x10008fe8                __RAL_print_padding
 .text.libc.__RAL_pre_padding
                0x10009000       0x1e E:/Programme/CrossWorks for ARM 5.3/lib/libc_v6m_t_le_eabi.a(libc2.o)
                0x10009000                __RAL_pre_padding
 .text.libc.abs
                0x1000901e        0x8 E:/Programme/CrossWorks for ARM 5.3/lib/libc_v6m_t_le_eabi.a(libc2.o)
                0x1000901e                abs
 *fill*         0x10009026        0x2 
 .text.libc.__aeabi_errno_addr
                0x10009028       0x10 E:/Programme/CrossWorks for ARM 5.3/lib/libc_v6m_t_le_eabi.a(libc2.o)
                0x10009028                __aeabi_errno_addr
 .text.libc.printf
                0x10009038       0x44 E:/Programme/CrossWorks for ARM 5.3/lib/libc_v6m_t_le_eabi.a(libc2.o)
                0x10009038                printf
 .text.libc.putchar
                0x1000907c       0x1a E:/Programme/CrossWorks for ARM 5.3/lib/libc_v6m_t_le_eabi.a(libc2.o)
                0x1000907c                putchar
 .text.libc.puts
                0x10009096       0x34 E:/Programme/CrossWorks for ARM 5.3/lib/libc_v6m_t_le_eabi.a(libc2.o)
                0x10009096                puts
 .text.libc.snprintf
                0x100090ca       0x28 E:/Programme/CrossWorks for ARM 5.3/lib/libc_v6m_t_le_eabi.a(libc2.o)
                0x100090ca                snprintf
 *fill*         0x100090f2        0x2 
 .text.libc.sprintf
                0x100090f4       0x2c E:/Programme/CrossWorks for ARM 5.3/lib/libc_v6m_t_le_eabi.a(libc2.o)
                0x100090f4                sprintf
 .text.libc.strncpy
                0x10009120       0x34 E:/Programme/CrossWorks for ARM 5.3/lib/libc_v6m_t_le_eabi.a(libc2.o)
                0x10009120                strncpy
 .text.libc.strnlen
                0x10009154       0x20 E:/Programme/CrossWorks for ARM 5.3/lib/libc_v6m_t_le_eabi.a(libc2.o)
                0x10009154                strnlen
 .text.libc.vprintf
                0x10009174       0x38 E:/Programme/CrossWorks for ARM 5.3/lib/libc_v6m_t_le_eabi.a(libc2.o)
                0x10009174                vprintf
 .text.libc.vsnprintf
                0x100091ac       0x1e E:/Programme/CrossWorks for ARM 5.3/lib/libc_v6m_t_le_eabi.a(libc2.o)
                0x100091ac                vsnprintf
 .text.libc.memcpy
                0x100091ca       0x16 E:/Programme/CrossWorks for ARM 5.3/lib/libc_v6m_t_le_eabi.a(libc2_asm.o)
                0x100091ca                __aeabi_memcpy
                0x100091ca                __aeabi_memcpy4
                0x100091ca                __aeabi_memcpy8
                0x100091ca                memcpy
 .text.libc.memset
                0x100091e0       0x12 E:/Programme/CrossWorks for ARM 5.3/lib/libc_v6m_t_le_eabi.a(libc2_asm.o)
                0x100091e0                memset
 .text.libc.strlen
                0x100091f2        0xe E:/Programme/CrossWorks for ARM 5.3/lib/libc_v6m_t_le_eabi.a(libc2_asm.o)
                0x100091f2                strlen
 .text.libc.__vfprintf_float_long_long
                0x10009200     0x1174 E:/Programme/CrossWorks for ARM 5.3/lib/libc_v6m_t_le_eabi.a(libvfprintf.o)
                0x10009200                __vfprintf_float_long_long
 .text.libc.__int64_to_float64
                0x1000a374       0x60 E:/Programme/CrossWorks for ARM 5.3/lib/libm_v6m_t_le_eabi.a(libm_asm.o)
                0x1000a374                __int64_to_float64
                0x1000a374                __aeabi_l2d
                0x1000a374                __floatdidf
                0x1000a390                __RAL_aeabi_l2d_common
 .text.libc.__uint64_to_float64
                0x1000a3d4       0x18 E:/Programme/CrossWorks for ARM 5.3/lib/libm_v6m_t_le_eabi.a(libm_asm.o)
                0x1000a3d4                __aeabi_ul2d
                0x1000a3d4                __floatundidf
                0x1000a3d4                __uint64_to_float64
 .text.libc.__float64_to_uint64
                0x1000a3ec       0x4a E:/Programme/CrossWorks for ARM 5.3/lib/libm_v6m_t_le_eabi.a(libm_asm.o)
                0x1000a3ec                __fixunsdfdi
                0x1000a3ec                __float64_to_uint64
                0x1000a3ec                __aeabi_d2ulz
 .text.libc.__float64_add
                0x1000a436      0x1dc E:/Programme/CrossWorks for ARM 5.3/lib/libm_v6m_t_le_eabi.a(libm_asm.o)
                0x1000a436                __aeabi_drsub
                0x1000a440                __aeabi_dsub
                0x1000a440                __float64_sub
                0x1000a440                __subdf3
                0x1000a44a                __aeabi_dadd
                0x1000a44a                __float64_add
                0x1000a44a                __adddf3
 *fill*         0x1000a612        0x2 
 .text.libc.__float64_mul
                0x1000a614      0x18c E:/Programme/CrossWorks for ARM 5.3/lib/libm_v6m_t_le_eabi.a(libm_asm.o)
                0x1000a64c                __float64_mul
                0x1000a64c                __muldf3
                0x1000a64c                __aeabi_dmul
 .text.libc.__float64_div
                0x1000a7a0       0xc4 E:/Programme/CrossWorks for ARM 5.3/lib/libm_v6m_t_le_eabi.a(libm_asm.o)
                0x1000a7a0                __divdf3
                0x1000a7a0                __float64_div
                0x1000a7a0                __aeabi_ddiv
 .text.libc.__float64_cmpeq
                0x1000a864       0x2e E:/Programme/CrossWorks for ARM 5.3/lib/libm_v6m_t_le_eabi.a(libm_asm.o)
                0x1000a864                __aeabi_dcmpeq
 .text.libc.__float64_cmple
                0x1000a892       0x44 E:/Programme/CrossWorks for ARM 5.3/lib/libm_v6m_t_le_eabi.a(libm_asm.o)
                0x1000a892                __aeabi_dcmple
 .text.libc.__float64_cmpge
                0x1000a8d6       0x44 E:/Programme/CrossWorks for ARM 5.3/lib/libm_v6m_t_le_eabi.a(libm_asm.o)
                0x1000a8d6                __aeabi_dcmpge
 .text.libc.__float64_cmplt
                0x1000a91a       0x3e E:/Programme/CrossWorks for ARM 5.3/lib/libm_v6m_t_le_eabi.a(libm_asm.o)
                0x1000a91a                __aeabi_dcmplt
 .text.libc.__float64_cmpgt
                0x1000a958       0x3e E:/Programme/CrossWorks for ARM 5.3/lib/libm_v6m_t_le_eabi.a(libm_asm.o)
                0x1000a958                __aeabi_dcmpgt
 .text.libc.__float64_signbit
                0x1000a996        0x6 E:/Programme/CrossWorks for ARM 5.3/lib/libm_v6m_t_le_eabi.a(libm_asm.o)
                0x1000a996                __float64_signbit
 .text.libc.__float64_isinf
                0x1000a99c       0x18 E:/Programme/CrossWorks for ARM 5.3/lib/libm_v6m_t_le_eabi.a(libm_asm.o)
                0x1000a99c                __float64_isinf
 .text.libc.__float64_isnan
                0x1000a9b4       0x18 E:/Programme/CrossWorks for ARM 5.3/lib/libm_v6m_t_le_eabi.a(libm_asm.o)
                0x1000a9b4                __float64_isnan
 .text.libc.frexp
                0x1000a9cc       0x50 E:/Programme/CrossWorks for ARM 5.3/lib/libm_v6m_t_le_eabi.a(libm2.o)
                0x1000a9cc                frexpl(long double, int*)
                0x1000a9cc                frexpl
                0x1000a9cc                frexp(long double, int*)
                0x1000a9cc                frexp
                0x1000a9cc                frexp(double, int*)
 .text.libc.ldexp
                0x1000aa1c       0x64 E:/Programme/CrossWorks for ARM 5.3/lib/libm_v6m_t_le_eabi.a(libm2.o)
                0x1000aa1c                ldexpl(long double, int)
                0x1000aa1c                ldexp(long double, int)
                0x1000aa1c                ldexp
                0x1000aa1c                ldexpl
                0x1000aa1c                ldexp(double, int)
 .text.libc.modf
                0x1000aa80       0x8c E:/Programme/CrossWorks for ARM 5.3/lib/libm_v6m_t_le_eabi.a(libm2.o)
                0x1000aa80                modf
                0x1000aa80                modf(double, double*)
                0x1000aa80                modf(long double, long double*)
                0x1000aa80                modfl(long double, long double*)
                0x1000aa80                modfl
 .text.libc.floor
                0x1000ab0c       0x98 E:/Programme/CrossWorks for ARM 5.3/lib/libm_v6m_t_le_eabi.a(libm2.o)
                0x1000ab0c                floorl
                0x1000ab0c                floorl(long double)
                0x1000ab0c                floor(double)
                0x1000ab0c                floor(long double)
                0x1000ab0c                floor
 .text.libc.fmod
                0x1000aba4      0x168 E:/Programme/CrossWorks for ARM 5.3/lib/libm_v6m_t_le_eabi.a(libm2.o)
                0x1000aba4                fmod
                0x1000aba4                fmod(long double, long double)
                0x1000aba4                fmodl
                0x1000aba4                fmodl(long double, long double)
                0x1000aba4                fmod(double, double)
 .text.libc.fabs
                0x1000ad0c        0x6 E:/Programme/CrossWorks for ARM 5.3/lib/libm_v6m_t_le_eabi.a(libm2_asm.o)
                0x1000ad0c                fabsl
                0x1000ad0c                fabs(long double)
                0x1000ad0c                fabs(double)
                0x1000ad0c                fabsl(long double)
                0x1000ad0c                fabs
 *fill*         0x1000ad12        0x6 
 .text.libc.fabs.__stub
                0x1000ad18       0x10 linker stubs
                0x1000ad28                        __text_end__ = (__text_start__ + SIZEOF (.text))
                0x0000a834                        __text_size__ = SIZEOF (.text)
                0x1000ad28                        __text_load_end__ = __text_end__

.vfp11_veneer   0x00000000        0x0
 .vfp11_veneer  0x00000000        0x0 linker stubs

.v4_bx          0x00000000        0x0
 .v4_bx         0x00000000        0x0 linker stubs

.iplt           0x00000000        0x0
 .iplt          0x00000000        0x0 RoundPi_LVGL THUMB Debug/system_RP2040.o
                0x00000001                        . = ASSERT (((__text_start__ == __text_end__) || ((__text_end__ - __FLASH_segment_start__) <= __FLASH_segment_size__)), error: .text is too large to fit in FLASH memory segment)
                0x1000ad28                        __dtors_load_start__ = ALIGN (__text_end__, 0x4)

.dtors          0x1000ad28        0x0
                0x1000ad28                        __dtors_start__ = .
 *(SORT_BY_NAME(.dtors.*))
 *(.dtors)
 *(.fini_array)
 *(SORT_BY_NAME(.fini_array.*))
                0x1000ad28                        __dtors_end__ = (__dtors_start__ + SIZEOF (.dtors))
                0x00000000                        __dtors_size__ = SIZEOF (.dtors)
                0x1000ad28                        __dtors_load_end__ = __dtors_end__
                0x00000001                        . = ASSERT (((__dtors_start__ == __dtors_end__) || ((__dtors_end__ - __FLASH_segment_start__) <= __FLASH_segment_size__)), error: .dtors is too large to fit in FLASH memory segment)
                0x1000ad28                        __ctors_load_start__ = ALIGN (__dtors_end__, 0x4)

.ctors          0x1000ad28        0x4
                0x1000ad28                        __ctors_start__ = .
 *(SORT_BY_NAME(.ctors.*))
 *(.ctors)
 *(.init_array)
 .init_array    0x1000ad28        0x4 RoundPi_LVGL THUMB Debug/system_RP2040.o
 *(SORT_BY_NAME(.init_array.*))
                0x1000ad2c                        __ctors_end__ = (__ctors_start__ + SIZEOF (.ctors))
                0x00000004                        __ctors_size__ = SIZEOF (.ctors)
                0x1000ad2c                        __ctors_load_end__ = __ctors_end__
                0x00000001                        . = ASSERT (((__ctors_start__ == __ctors_end__) || ((__ctors_end__ - __FLASH_segment_start__) <= __FLASH_segment_size__)), error: .ctors is too large to fit in FLASH memory segment)
                0x1000ad2c                        __rodata_load_start__ = ALIGN (__ctors_end__, 0x4)

.rodata         0x1000ad2c     0x2b1c
                0x1000ad2c                        __rodata_start__ = .
 *(.rodata .rodata.* .gnu.linkonce.r.* .data.rel.ro .data.rel.ro.*)
 .rodata        0x1000ad2c      0x160 RoundPi_LVGL THUMB Debug/pll.o
 .rodata        0x1000ae8c       0xf9 RoundPi_LVGL THUMB Debug/mutex.o
 *fill*         0x1000af85        0x3 
 .rodata        0x1000af88      0x120 RoundPi_LVGL THUMB Debug/time.o
 .rodata        0x1000b0a8       0xe3 RoundPi_LVGL THUMB Debug/dma.o
 *fill*         0x1000b18b        0x1 
 .rodata        0x1000b18c      0x29f RoundPi_LVGL THUMB Debug/irq.o
 *fill*         0x1000b42b        0x1 
 .rodata        0x1000b42c       0xe6 RoundPi_LVGL THUMB Debug/timer.o
 *fill*         0x1000b512        0x2 
 .rodata        0x1000b514       0x22 RoundPi_LVGL THUMB Debug/panic.o
 *fill*         0x1000b536        0x2 
 .rodata        0x1000b538       0x99 RoundPi_LVGL THUMB Debug/stdio.o
 *fill*         0x1000b5d1        0x3 
 .rodata        0x1000b5d4      0x48e RoundPi_LVGL THUMB Debug/debug_gpio_exti.o
 *fill*         0x1000ba62        0x2 
 .rodata.func_pin
                0x1000ba64       0xc0 RoundPi_LVGL THUMB Debug/debug_gpio_exti.o
                0x1000ba64                func_pin
 .rodata.func_txt
                0x1000bb24       0x28 RoundPi_LVGL THUMB Debug/debug_gpio_exti.o
                0x1000bb24                func_txt
 .rodata.sys_nvic_name
                0x1000bb4c       0x40 RoundPi_LVGL THUMB Debug/debug_gpio_exti.o
                0x1000bb4c                sys_nvic_name
 .rodata.user_nvic_name
                0x1000bb8c       0x68 RoundPi_LVGL THUMB Debug/debug_gpio_exti.o
                0x1000bb8c                user_nvic_name
 .rodata        0x1000bbf4      0x184 RoundPi_LVGL THUMB Debug/debug_helper.o
 .rodata        0x1000bd78      0x119 RoundPi_LVGL THUMB Debug/debug_sram.o
 *fill*         0x1000be91        0x3 
 .rodata.severity_char
                0x1000be94        0x5 RoundPi_LVGL THUMB Debug/log.o
 *fill*         0x1000be99        0x3 
 .rodata.GC9A01_run_cfg_script
                0x1000be9c       0x14 RoundPi_LVGL THUMB Debug/GC9A01.o
 .rodata        0x1000beb0       0x19 RoundPi_LVGL THUMB Debug/GC9A01.o
 *fill*         0x1000bec9        0x3 
 .rodata        0x1000becc       0x68 RoundPi_LVGL THUMB Debug/circbuf.o
 .rodata        0x1000bf34      0x18e RoundPi_LVGL THUMB Debug/debug_io.o
 *fill*         0x1000c0c2        0x2 
 .rodata        0x1000c0c4      0x1e9 RoundPi_LVGL THUMB Debug/periodic.o
 *fill*         0x1000c2ad        0x3 
 .rodata        0x1000c2b0      0x145 RoundPi_LVGL THUMB Debug/profiling.o
 *fill*         0x1000c3f5        0x3 
 .rodata.jobnames
                0x1000c3f8       0x50 RoundPi_LVGL THUMB Debug/profiling.o
 .rodata.RTC_DayOfMonthTable
                0x1000c448        0xc RoundPi_LVGL THUMB Debug/rtc.o
 .rodata        0x1000c454       0xeb RoundPi_LVGL THUMB Debug/rtc.o
 *fill*         0x1000c53f        0x1 
 .rodata        0x1000c540       0x3a RoundPi_LVGL THUMB Debug/status.o
 *fill*         0x1000c57a        0x2 
 .rodata        0x1000c57c       0x61 RoundPi_LVGL THUMB Debug/util.o
 *fill*         0x1000c5dd        0x3 
 .rodata.ConfigStr1
                0x1000c5e0        0xb RoundPi_LVGL THUMB Debug/version.o
                0x1000c5e0                ConfigStr1
 *fill*         0x1000c5eb        0x1 
 .rodata.ConfigStr2
                0x1000c5ec        0xf RoundPi_LVGL THUMB Debug/version.o
                0x1000c5ec                ConfigStr2
 *fill*         0x1000c5fb        0x1 
 .rodata.ConfigStr3
                0x1000c5fc        0x9 RoundPi_LVGL THUMB Debug/version.o
                0x1000c5fc                ConfigStr3
 *fill*         0x1000c605        0x3 
 .rodata.ConfigStr4
                0x1000c608        0x9 RoundPi_LVGL THUMB Debug/version.o
                0x1000c608                ConfigStr4
 *fill*         0x1000c611        0x3 
 .rodata.ConfigStr5
                0x1000c614        0x9 RoundPi_LVGL THUMB Debug/version.o
                0x1000c614                ConfigStr5
 *fill*         0x1000c61d        0x3 
 .rodata.ConfigValues
                0x1000c620        0x5 RoundPi_LVGL THUMB Debug/version.o
                0x1000c620                ConfigValues
 *fill*         0x1000c625        0x3 
 .rodata        0x1000c628       0xa0 RoundPi_LVGL THUMB Debug/version.o
 .rodata        0x1000c6c8       0x36 RoundPi_LVGL THUMB Debug/init.o
 *fill*         0x1000c6fe        0x2 
 .rodata        0x1000c700      0x104 RoundPi_LVGL THUMB Debug/minitask.o
 .rodata        0x1000c804      0x107 RoundPi_LVGL THUMB Debug/cmdline.o
 *fill*         0x1000c90b        0x1 
 .rodata        0x1000c90c      0x7fa RoundPi_LVGL THUMB Debug/interpreters.o
 *fill*         0x1000d106        0x2 
 .rodata.cmdClkCfg
                0x1000d108       0x28 RoundPi_LVGL THUMB Debug/interpreters.o
 .rodata.mdlClkCfg
                0x1000d130        0xc RoundPi_LVGL THUMB Debug/interpreters.o
                0x1000d130                mdlClkCfg
 .rodata.cmdDevices
                0x1000d13c       0xb4 RoundPi_LVGL THUMB Debug/interpreters.o
 .rodata.mdlDevices
                0x1000d1f0        0xc RoundPi_LVGL THUMB Debug/interpreters.o
                0x1000d1f0                mdlDevices
 .rodata.cmdTest
                0x1000d1fc       0xf0 RoundPi_LVGL THUMB Debug/interpreters.o
 .rodata.mdlTest
                0x1000d2ec        0xc RoundPi_LVGL THUMB Debug/interpreters.o
                0x1000d2ec                mdlTest
 .rodata.Spi1_Menu
                0x1000d2f8       0x24 RoundPi_LVGL THUMB Debug/interpreters.o
 .rodata.cmdSpi1
                0x1000d31c       0x3c RoundPi_LVGL THUMB Debug/interpreters.o
 .rodata.mdlSpi1
                0x1000d358        0xc RoundPi_LVGL THUMB Debug/interpreters.o
                0x1000d358                mdlSpi1
 .rodata.cmdBasic
                0x1000d364       0xa0 RoundPi_LVGL THUMB Debug/interpreters.o
 .rodata.mdlBasic
                0x1000d404        0xc RoundPi_LVGL THUMB Debug/interpreters.o
                0x1000d404                mdlBasic
 .rodata.libc.__aeabi_ERANGE
                0x1000d410        0x4 E:/Programme/CrossWorks for ARM 5.3/lib/libc_v6m_t_le_eabi.a(libc2.o)
                0x1000d410                __aeabi_ERANGE
 .rodata.libc.__aeabi_EDOM
                0x1000d414        0x4 E:/Programme/CrossWorks for ARM 5.3/lib/libc_v6m_t_le_eabi.a(libc2.o)
                0x1000d414                __aeabi_EDOM